#! /usr/bin/vvp
:ivl_version "12.0 (stable)";
:ivl_delay_selection "TYPICAL";
:vpi_time_precision - 12;
:vpi_module "/usr/lib/x86_64-linux-gnu/ivl/system.vpi";
:vpi_module "/usr/lib/x86_64-linux-gnu/ivl/vhdl_sys.vpi";
:vpi_module "/usr/lib/x86_64-linux-gnu/ivl/vhdl_textio.vpi";
:vpi_module "/usr/lib/x86_64-linux-gnu/ivl/v2005_math.vpi";
:vpi_module "/usr/lib/x86_64-linux-gnu/ivl/va_math.vpi";
:vpi_module "/usr/lib/x86_64-linux-gnu/ivl/v2009.vpi";
S_0x613d8b969550 .scope package, "$unit" "$unit" 2 1;
 .timescale 0 0;
S_0x613d8b9696e0 .scope module, "tb_apply_reward" "tb_apply_reward" 3 24;
 .timescale -9 -12;
P_0x613d8b969870 .param/l "LR_SHIFT" 1 3 29, +C4<00000000000000000000000000000010>;
v0x613d8b9f56f0_0 .var "clk", 0 0;
v0x613d8b9f57b0_0 .net/s "delta_w_none", 7 0, v0x613d8b9f3880_0;  1 drivers
v0x613d8b9f5870_0 .net/s "delta_w_rstdp", 7 0, v0x613d8b9f4290_0;  1 drivers
v0x613d8b9f5910_0 .net/s "delta_w_stdp", 7 0, v0x613d8b9f4d60_0;  1 drivers
v0x613d8b9f59b0_0 .var/s "dopamine", 3 0;
v0x613d8b9f5aa0_0 .var/s "elig_trace", 8 0;
v0x613d8b9f5b40_0 .var/2s "fail_count", 31 0;
v0x613d8b9f5c20_0 .var/2s "pass_count", 31 0;
v0x613d8b9f5d00_0 .var "reward_en", 0 0;
v0x613d8b9f5da0_0 .var "rst", 0 0;
E_0x613d8b9b9820 .event negedge, v0x613d8b9f37a0_0;
S_0x613d8b9b8190 .scope autotask, "apply_inputs" "apply_inputs" 3 90, 3 90 0, S_0x613d8b9696e0;
 .timescale -9 -12;
v0x613d8b995390_0 .var/s "dop_val", 3 0;
v0x613d8b99b090_0 .var/s "elig_val", 8 0;
v0x613d8b99b920_0 .var "en_val", 0 0;
TD_tb_apply_reward.apply_inputs ;
    %wait E_0x613d8b9b9820;
    %load/vec4 v0x613d8b995390_0;
    %store/vec4 v0x613d8b9f59b0_0, 0, 4;
    %load/vec4 v0x613d8b99b090_0;
    %store/vec4 v0x613d8b9f5aa0_0, 0, 9;
    %load/vec4 v0x613d8b99b920_0;
    %store/vec4 v0x613d8b9f5d00_0, 0, 1;
    %wait E_0x613d8b9b9fb0;
    %delay 1000, 0;
    %end;
S_0x613d8b9f31c0 .scope autotask, "check" "check" 3 113, 3 113 0, S_0x613d8b9696e0;
 .timescale -9 -12;
v0x613d8b99bdb0_0 .var/s "expected", 7 0;
v0x613d8b99cab0_0 .var/s "got", 7 0;
v0x613d8b998e30_0 .var/str "label";
TD_tb_apply_reward.check ;
    %load/vec4 v0x613d8b99cab0_0;
    %load/vec4 v0x613d8b99bdb0_0;
    %cmp/e;
    %jmp/0xz  T_1.0, 6;
    %vpi_call/w 3 119 "$display", "  PASS  %s : delta_w = %0d", v0x613d8b998e30_0, v0x613d8b99cab0_0 {0 0 0};
    ; show_stmt_assign_vector: Get l-value for compressed += operand
    %load/vec4 v0x613d8b9f5c20_0;
    %pushi/vec4 1, 0, 32;
    %add;
    %cast2;
    %store/vec4 v0x613d8b9f5c20_0, 0, 32;
    %jmp T_1.1;
T_1.0 ;
    %vpi_call/w 3 122 "$display", "  FAIL  %s : got %0d, expected %0d", v0x613d8b998e30_0, v0x613d8b99cab0_0, v0x613d8b99bdb0_0 {0 0 0};
    ; show_stmt_assign_vector: Get l-value for compressed += operand
    %load/vec4 v0x613d8b9f5b40_0;
    %pushi/vec4 1, 0, 32;
    %add;
    %cast2;
    %store/vec4 v0x613d8b9f5b40_0, 0, 32;
T_1.1 ;
    %end;
S_0x613d8b9f3440 .scope module, "dut_none" "apply_reward" 3 48, 4 1 0, S_0x613d8b9696e0;
 .timescale -9 -12;
    .port_info 0 /INPUT 1 "clk";
    .port_info 1 /INPUT 4 "dopamine";
    .port_info 2 /INPUT 9 "elig_trace";
    .port_info 3 /INPUT 1 "reward_en";
    .port_info 4 /INPUT 1 "rst";
    .port_info 5 /OUTPUT 8 "delta_w";
P_0x613d8b98fb20 .param/l "LEARNING_MODE" 0 4 3, +C4<00000000000000000000000000000000>;
P_0x613d8b98fb60 .param/l "LR_SHIFT" 0 4 2, +C4<00000000000000000000000000000010>;
v0x613d8b9f37a0_0 .net "clk", 0 0, v0x613d8b9f56f0_0;  1 drivers
v0x613d8b9f3880_0 .var/s "delta_w", 7 0;
v0x613d8b9f3960_0 .net/s "dopamine", 3 0, v0x613d8b9f59b0_0;  1 drivers
v0x613d8b9f3a50_0 .net/s "elig_trace", 8 0, v0x613d8b9f5aa0_0;  1 drivers
v0x613d8b9f3b30_0 .net "reward_en", 0 0, v0x613d8b9f5d00_0;  1 drivers
v0x613d8b9f3c40_0 .net "rst", 0 0, v0x613d8b9f5da0_0;  1 drivers
E_0x613d8b9b9fb0 .event posedge, v0x613d8b9f37a0_0;
S_0x613d8b9f3dc0 .scope module, "dut_rstdp" "apply_reward" 3 57, 4 1 0, S_0x613d8b9696e0;
 .timescale -9 -12;
    .port_info 0 /INPUT 1 "clk";
    .port_info 1 /INPUT 4 "dopamine";
    .port_info 2 /INPUT 9 "elig_trace";
    .port_info 3 /INPUT 1 "reward_en";
    .port_info 4 /INPUT 1 "rst";
    .port_info 5 /OUTPUT 8 "delta_w";
P_0x613d8b9f3670 .param/l "LEARNING_MODE" 0 4 3, +C4<00000000000000000000000000000001>;
P_0x613d8b9f36b0 .param/l "LR_SHIFT" 0 4 2, +C4<00000000000000000000000000000010>;
v0x613d8b9f41a0_0 .net "clk", 0 0, v0x613d8b9f56f0_0;  alias, 1 drivers
v0x613d8b9f4290_0 .var/s "delta_w", 7 0;
v0x613d8b9f4350_0 .net/s "dopamine", 3 0, v0x613d8b9f59b0_0;  alias, 1 drivers
v0x613d8b9f4450_0 .net/s "elig_trace", 8 0, v0x613d8b9f5aa0_0;  alias, 1 drivers
v0x613d8b9f4520_0 .var/s "product", 12 0;
v0x613d8b9f4630_0 .net "reward_en", 0 0, v0x613d8b9f5d00_0;  alias, 1 drivers
v0x613d8b9f46d0_0 .net "rst", 0 0, v0x613d8b9f5da0_0;  alias, 1 drivers
S_0x613d8b9f4820 .scope module, "dut_stdp" "apply_reward" 3 66, 4 1 0, S_0x613d8b9696e0;
 .timescale -9 -12;
    .port_info 0 /INPUT 1 "clk";
    .port_info 1 /INPUT 4 "dopamine";
    .port_info 2 /INPUT 9 "elig_trace";
    .port_info 3 /INPUT 1 "reward_en";
    .port_info 4 /INPUT 1 "rst";
    .port_info 5 /OUTPUT 8 "delta_w";
P_0x613d8b9f3ff0 .param/l "LEARNING_MODE" 0 4 3, +C4<00000000000000000000000000000010>;
P_0x613d8b9f4030 .param/l "LR_SHIFT" 0 4 2, +C4<00000000000000000000000000000010>;
v0x613d8b9f4c50_0 .net "clk", 0 0, v0x613d8b9f56f0_0;  alias, 1 drivers
v0x613d8b9f4d60_0 .var/s "delta_w", 7 0;
v0x613d8b9f4e40_0 .net/s "dopamine", 3 0, v0x613d8b9f59b0_0;  alias, 1 drivers
v0x613d8b9f4f30_0 .net/s "elig_trace", 8 0, v0x613d8b9f5aa0_0;  alias, 1 drivers
v0x613d8b9f5040_0 .var/s "product", 12 0;
v0x613d8b9f5170_0 .net "reward_en", 0 0, v0x613d8b9f5d00_0;  alias, 1 drivers
v0x613d8b9f5260_0 .net "rst", 0 0, v0x613d8b9f5da0_0;  alias, 1 drivers
S_0x613d8b9f5410 .scope autotask, "idle_cycles" "idle_cycles" 3 106, 3 106 0, S_0x613d8b9696e0;
 .timescale -9 -12;
v0x613d8b9f55f0_0 .var/2s "n", 31 0;
TD_tb_apply_reward.idle_cycles ;
    %load/vec4 v0x613d8b9f55f0_0;
T_2.2 %dup/vec4;
    %pushi/vec4 0, 0, 32;
    %cmp/s;
    %jmp/1xz T_2.3, 5;
    %jmp/1 T_2.3, 4;
    %pushi/vec4 1, 0, 32;
    %sub;
    %alloc S_0x613d8b9b8190;
    %pushi/vec4 0, 0, 4;
    %store/vec4 v0x613d8b995390_0, 0, 4;
    %pushi/vec4 0, 0, 9;
    %store/vec4 v0x613d8b99b090_0, 0, 9;
    %pushi/vec4 0, 0, 1;
    %store/vec4 v0x613d8b99b920_0, 0, 1;
    %fork TD_tb_apply_reward.apply_inputs, S_0x613d8b9b8190;
    %join;
    %free S_0x613d8b9b8190;
    %jmp T_2.2;
T_2.3 ;
    %pop/vec4 1;
    %end;
    .scope S_0x613d8b9f3440;
T_3 ;
    %wait E_0x613d8b9b9fb0;
    %load/vec4 v0x613d8b9f3c40_0;
    %flag_set/vec4 8;
    %jmp/0xz  T_3.0, 8;
    %pushi/vec4 0, 0, 8;
    %assign/vec4 v0x613d8b9f3880_0, 0;
    %jmp T_3.1;
T_3.0 ;
    %load/vec4 v0x613d8b9f3b30_0;
    %flag_set/vec4 8;
    %jmp/0xz  T_3.2, 8;
    %pushi/vec4 0, 0, 8;
    %assign/vec4 v0x613d8b9f3880_0, 0;
T_3.2 ;
T_3.1 ;
    %jmp T_3;
    .thread T_3;
    .scope S_0x613d8b9f3dc0;
T_4 ;
    %wait E_0x613d8b9b9fb0;
    %load/vec4 v0x613d8b9f46d0_0;
    %flag_set/vec4 8;
    %jmp/0xz  T_4.0, 8;
    %pushi/vec4 0, 0, 8;
    %assign/vec4 v0x613d8b9f4290_0, 0;
    %jmp T_4.1;
T_4.0 ;
    %load/vec4 v0x613d8b9f4630_0;
    %flag_set/vec4 8;
    %jmp/0xz  T_4.2, 8;
    %load/vec4 v0x613d8b9f4450_0;
    %pad/s 13;
    %load/vec4 v0x613d8b9f4350_0;
    %pad/s 13;
    %mul;
    %ix/load 4, 2, 0;
    %flag_set/imm 4, 0;
    %shiftr/s 4;
    %store/vec4 v0x613d8b9f4520_0, 0, 13;
    %load/vec4 v0x613d8b9f4520_0;
    %parti/s 8, 0, 2;
    %assign/vec4 v0x613d8b9f4290_0, 0;
T_4.2 ;
T_4.1 ;
    %jmp T_4;
    .thread T_4;
    .scope S_0x613d8b9f4820;
T_5 ;
    %wait E_0x613d8b9b9fb0;
    %load/vec4 v0x613d8b9f5260_0;
    %flag_set/vec4 8;
    %jmp/0xz  T_5.0, 8;
    %pushi/vec4 0, 0, 8;
    %assign/vec4 v0x613d8b9f4d60_0, 0;
    %jmp T_5.1;
T_5.0 ;
    %load/vec4 v0x613d8b9f5170_0;
    %flag_set/vec4 8;
    %jmp/0xz  T_5.2, 8;
    %load/vec4 v0x613d8b9f4f30_0;
    %pad/s 13;
    %ix/load 4, 2, 0;
    %flag_set/imm 4, 0;
    %shiftr/s 4;
    %store/vec4 v0x613d8b9f5040_0, 0, 13;
    %load/vec4 v0x613d8b9f5040_0;
    %parti/s 8, 0, 2;
    %assign/vec4 v0x613d8b9f4d60_0, 0;
T_5.2 ;
T_5.1 ;
    %jmp T_5;
    .thread T_5;
    .scope S_0x613d8b9696e0;
T_6 ;
    %pushi/vec4 0, 0, 32;
    %store/vec4 v0x613d8b9f5c20_0, 0, 32;
    %pushi/vec4 0, 0, 32;
    %store/vec4 v0x613d8b9f5b40_0, 0, 32;
    %end;
    .thread T_6, $init;
    .scope S_0x613d8b9696e0;
T_7 ;
    %pushi/vec4 0, 0, 1;
    %store/vec4 v0x613d8b9f56f0_0, 0, 1;
    %end;
    .thread T_7;
    .scope S_0x613d8b9696e0;
T_8 ;
    %delay 5000, 0;
    %load/vec4 v0x613d8b9f56f0_0;
    %inv;
    %store/vec4 v0x613d8b9f56f0_0, 0, 1;
    %jmp T_8;
    .thread T_8;
    .scope S_0x613d8b9696e0;
T_9 ;
    %wait E_0x613d8b9b9fb0;
    %delay 1000, 0;
    %vpi_call/w 3 132 "$display", "[%0t ns]  dop=%0d  elig=%0d  en=%b | none=%0d  rstdp=%0d  stdp=%0d", $time, v0x613d8b9f59b0_0, v0x613d8b9f5aa0_0, v0x613d8b9f5d00_0, v0x613d8b9f57b0_0, v0x613d8b9f5870_0, v0x613d8b9f5910_0 {0 0 0};
    %jmp T_9;
    .thread T_9;
    .scope S_0x613d8b9696e0;
T_10 ;
    %pushi/vec4 0, 0, 4;
    %store/vec4 v0x613d8b9f59b0_0, 0, 4;
    %pushi/vec4 0, 0, 9;
    %store/vec4 v0x613d8b9f5aa0_0, 0, 9;
    %pushi/vec4 0, 0, 1;
    %store/vec4 v0x613d8b9f5d00_0, 0, 1;
    %pushi/vec4 1, 0, 1;
    %store/vec4 v0x613d8b9f5da0_0, 0, 1;
    %alloc S_0x613d8b9f5410;
    %pushi/vec4 2, 0, 32;
    %store/vec4 v0x613d8b9f55f0_0, 0, 32;
    %fork TD_tb_apply_reward.idle_cycles, S_0x613d8b9f5410;
    %join;
    %free S_0x613d8b9f5410;
    %wait E_0x613d8b9b9820;
    %pushi/vec4 0, 0, 1;
    %store/vec4 v0x613d8b9f5da0_0, 0, 1;
    %vpi_call/w 3 155 "$display", "\012[%0t] TEST 0: Reset -- delta_w must be zero during rst", $time {0 0 0};
    %wait E_0x613d8b9b9820;
    %pushi/vec4 1, 0, 1;
    %store/vec4 v0x613d8b9f5da0_0, 0, 1;
    %pushi/vec4 7, 0, 4;
    %store/vec4 v0x613d8b9f59b0_0, 0, 4;
    %pushi/vec4 200, 0, 9;
    %store/vec4 v0x613d8b9f5aa0_0, 0, 9;
    %pushi/vec4 1, 0, 1;
    %store/vec4 v0x613d8b9f5d00_0, 0, 1;
    %wait E_0x613d8b9b9fb0;
    %delay 1000, 0;
    %alloc S_0x613d8b9f31c0;
    %pushi/str "none  | rst=1, elig=200, dop=7";
    %store/str v0x613d8b998e30_0;
    %load/vec4 v0x613d8b9f57b0_0;
    %store/vec4 v0x613d8b99cab0_0, 0, 8;
    %pushi/vec4 0, 0, 8;
    %store/vec4 v0x613d8b99bdb0_0, 0, 8;
    %fork TD_tb_apply_reward.check, S_0x613d8b9f31c0;
    %join;
    %free S_0x613d8b9f31c0;
    %alloc S_0x613d8b9f31c0;
    %pushi/str "rstdp | rst=1, elig=200, dop=7";
    %store/str v0x613d8b998e30_0;
    %load/vec4 v0x613d8b9f5870_0;
    %store/vec4 v0x613d8b99cab0_0, 0, 8;
    %pushi/vec4 0, 0, 8;
    %store/vec4 v0x613d8b99bdb0_0, 0, 8;
    %fork TD_tb_apply_reward.check, S_0x613d8b9f31c0;
    %join;
    %free S_0x613d8b9f31c0;
    %alloc S_0x613d8b9f31c0;
    %pushi/str "stdp  | rst=1, elig=200, dop=7";
    %store/str v0x613d8b998e30_0;
    %load/vec4 v0x613d8b9f5910_0;
    %store/vec4 v0x613d8b99cab0_0, 0, 8;
    %pushi/vec4 0, 0, 8;
    %store/vec4 v0x613d8b99bdb0_0, 0, 8;
    %fork TD_tb_apply_reward.check, S_0x613d8b9f31c0;
    %join;
    %free S_0x613d8b9f31c0;
    %wait E_0x613d8b9b9820;
    %pushi/vec4 0, 0, 1;
    %store/vec4 v0x613d8b9f5da0_0, 0, 1;
    %pushi/vec4 0, 0, 1;
    %store/vec4 v0x613d8b9f5d00_0, 0, 1;
    %alloc S_0x613d8b9f5410;
    %pushi/vec4 1, 0, 32;
    %store/vec4 v0x613d8b9f55f0_0, 0, 32;
    %fork TD_tb_apply_reward.idle_cycles, S_0x613d8b9f5410;
    %join;
    %free S_0x613d8b9f5410;
    %vpi_call/w 3 176 "$display", "\012[%0t] TEST 1: reward_en disabled -- output must not update", $time {0 0 0};
    %alloc S_0x613d8b9b8190;
    %pushi/vec4 5, 0, 4;
    %store/vec4 v0x613d8b995390_0, 0, 4;
    %pushi/vec4 200, 0, 9;
    %store/vec4 v0x613d8b99b090_0, 0, 9;
    %pushi/vec4 0, 0, 1;
    %store/vec4 v0x613d8b99b920_0, 0, 1;
    %fork TD_tb_apply_reward.apply_inputs, S_0x613d8b9b8190;
    %join;
    %free S_0x613d8b9b8190;
    %alloc S_0x613d8b9f31c0;
    %pushi/str "none  | en=0, elig=200, dop=5";
    %store/str v0x613d8b998e30_0;
    %load/vec4 v0x613d8b9f57b0_0;
    %store/vec4 v0x613d8b99cab0_0, 0, 8;
    %pushi/vec4 0, 0, 8;
    %store/vec4 v0x613d8b99bdb0_0, 0, 8;
    %fork TD_tb_apply_reward.check, S_0x613d8b9f31c0;
    %join;
    %free S_0x613d8b9f31c0;
    %alloc S_0x613d8b9f31c0;
    %pushi/str "rstdp | en=0, elig=200, dop=5";
    %store/str v0x613d8b998e30_0;
    %load/vec4 v0x613d8b9f5870_0;
    %store/vec4 v0x613d8b99cab0_0, 0, 8;
    %pushi/vec4 0, 0, 8;
    %store/vec4 v0x613d8b99bdb0_0, 0, 8;
    %fork TD_tb_apply_reward.check, S_0x613d8b9f31c0;
    %join;
    %free S_0x613d8b9f31c0;
    %alloc S_0x613d8b9f31c0;
    %pushi/str "stdp  | en=0, elig=200, dop=5";
    %store/str v0x613d8b998e30_0;
    %load/vec4 v0x613d8b9f5910_0;
    %store/vec4 v0x613d8b99cab0_0, 0, 8;
    %pushi/vec4 0, 0, 8;
    %store/vec4 v0x613d8b99bdb0_0, 0, 8;
    %fork TD_tb_apply_reward.check, S_0x613d8b9f31c0;
    %join;
    %free S_0x613d8b9f31c0;
    %alloc S_0x613d8b9f5410;
    %pushi/vec4 1, 0, 32;
    %store/vec4 v0x613d8b9f55f0_0, 0, 32;
    %fork TD_tb_apply_reward.idle_cycles, S_0x613d8b9f5410;
    %join;
    %free S_0x613d8b9f5410;
    %vpi_call/w 3 190 "$display", "\012[%0t] TEST 2: STDP -- positive eligibility trace", $time {0 0 0};
    %alloc S_0x613d8b9b8190;
    %pushi/vec4 0, 0, 4;
    %store/vec4 v0x613d8b995390_0, 0, 4;
    %pushi/vec4 100, 0, 9;
    %store/vec4 v0x613d8b99b090_0, 0, 9;
    %pushi/vec4 1, 0, 1;
    %store/vec4 v0x613d8b99b920_0, 0, 1;
    %fork TD_tb_apply_reward.apply_inputs, S_0x613d8b9b8190;
    %join;
    %free S_0x613d8b9b8190;
    %alloc S_0x613d8b9f31c0;
    %pushi/str "stdp  | elig=100, dop=0, en=1";
    %store/str v0x613d8b998e30_0;
    %load/vec4 v0x613d8b9f5910_0;
    %store/vec4 v0x613d8b99cab0_0, 0, 8;
    %pushi/vec4 25, 0, 8;
    %store/vec4 v0x613d8b99bdb0_0, 0, 8;
    %fork TD_tb_apply_reward.check, S_0x613d8b9f31c0;
    %join;
    %free S_0x613d8b9f31c0;
    %alloc S_0x613d8b9b8190;
    %pushi/vec4 0, 0, 4;
    %store/vec4 v0x613d8b995390_0, 0, 4;
    %pushi/vec4 200, 0, 9;
    %store/vec4 v0x613d8b99b090_0, 0, 9;
    %pushi/vec4 1, 0, 1;
    %store/vec4 v0x613d8b99b920_0, 0, 1;
    %fork TD_tb_apply_reward.apply_inputs, S_0x613d8b9b8190;
    %join;
    %free S_0x613d8b9b8190;
    %alloc S_0x613d8b9f31c0;
    %pushi/str "stdp  | elig=200, dop=0, en=1";
    %store/str v0x613d8b998e30_0;
    %load/vec4 v0x613d8b9f5910_0;
    %store/vec4 v0x613d8b99cab0_0, 0, 8;
    %pushi/vec4 50, 0, 8;
    %store/vec4 v0x613d8b99bdb0_0, 0, 8;
    %fork TD_tb_apply_reward.check, S_0x613d8b9f31c0;
    %join;
    %free S_0x613d8b9f31c0;
    %alloc S_0x613d8b9f5410;
    %pushi/vec4 1, 0, 32;
    %store/vec4 v0x613d8b9f55f0_0, 0, 32;
    %fork TD_tb_apply_reward.idle_cycles, S_0x613d8b9f5410;
    %join;
    %free S_0x613d8b9f5410;
    %vpi_call/w 3 205 "$display", "\012[%0t] TEST 3: STDP -- negative eligibility trace", $time {0 0 0};
    %alloc S_0x613d8b9b8190;
    %pushi/vec4 0, 0, 4;
    %store/vec4 v0x613d8b995390_0, 0, 4;
    %pushi/vec4 412, 0, 9;
    %store/vec4 v0x613d8b99b090_0, 0, 9;
    %pushi/vec4 1, 0, 1;
    %store/vec4 v0x613d8b99b920_0, 0, 1;
    %fork TD_tb_apply_reward.apply_inputs, S_0x613d8b9b8190;
    %join;
    %free S_0x613d8b9b8190;
    %alloc S_0x613d8b9f31c0;
    %pushi/str "stdp  | elig=-100, dop=0, en=1";
    %store/str v0x613d8b998e30_0;
    %load/vec4 v0x613d8b9f5910_0;
    %store/vec4 v0x613d8b99cab0_0, 0, 8;
    %pushi/vec4 231, 0, 8;
    %store/vec4 v0x613d8b99bdb0_0, 0, 8;
    %fork TD_tb_apply_reward.check, S_0x613d8b9f31c0;
    %join;
    %free S_0x613d8b9f31c0;
    %alloc S_0x613d8b9b8190;
    %pushi/vec4 0, 0, 4;
    %store/vec4 v0x613d8b995390_0, 0, 4;
    %pushi/vec4 312, 0, 9;
    %store/vec4 v0x613d8b99b090_0, 0, 9;
    %pushi/vec4 1, 0, 1;
    %store/vec4 v0x613d8b99b920_0, 0, 1;
    %fork TD_tb_apply_reward.apply_inputs, S_0x613d8b9b8190;
    %join;
    %free S_0x613d8b9b8190;
    %alloc S_0x613d8b9f31c0;
    %pushi/str "stdp  | elig=-200, dop=0, en=1";
    %store/str v0x613d8b998e30_0;
    %load/vec4 v0x613d8b9f5910_0;
    %store/vec4 v0x613d8b99cab0_0, 0, 8;
    %pushi/vec4 206, 0, 8;
    %store/vec4 v0x613d8b99bdb0_0, 0, 8;
    %fork TD_tb_apply_reward.check, S_0x613d8b9f31c0;
    %join;
    %free S_0x613d8b9f31c0;
    %alloc S_0x613d8b9f5410;
    %pushi/vec4 1, 0, 32;
    %store/vec4 v0x613d8b9f55f0_0, 0, 32;
    %fork TD_tb_apply_reward.idle_cycles, S_0x613d8b9f5410;
    %join;
    %free S_0x613d8b9f5410;
    %vpi_call/w 3 218 "$display", "\012[%0t] TEST 4: STDP -- zero eligibility trace", $time {0 0 0};
    %alloc S_0x613d8b9b8190;
    %pushi/vec4 7, 0, 4;
    %store/vec4 v0x613d8b995390_0, 0, 4;
    %pushi/vec4 0, 0, 9;
    %store/vec4 v0x613d8b99b090_0, 0, 9;
    %pushi/vec4 1, 0, 1;
    %store/vec4 v0x613d8b99b920_0, 0, 1;
    %fork TD_tb_apply_reward.apply_inputs, S_0x613d8b9b8190;
    %join;
    %free S_0x613d8b9b8190;
    %alloc S_0x613d8b9f31c0;
    %pushi/str "stdp  | elig=0, dop=7, en=1";
    %store/str v0x613d8b998e30_0;
    %load/vec4 v0x613d8b9f5910_0;
    %store/vec4 v0x613d8b99cab0_0, 0, 8;
    %pushi/vec4 0, 0, 8;
    %store/vec4 v0x613d8b99bdb0_0, 0, 8;
    %fork TD_tb_apply_reward.check, S_0x613d8b9f31c0;
    %join;
    %free S_0x613d8b9f31c0;
    %alloc S_0x613d8b9f5410;
    %pushi/vec4 1, 0, 32;
    %store/vec4 v0x613d8b9f55f0_0, 0, 32;
    %fork TD_tb_apply_reward.idle_cycles, S_0x613d8b9f5410;
    %join;
    %free S_0x613d8b9f5410;
    %vpi_call/w 3 230 "$display", "\012[%0t] TEST 5: R-STDP -- positive dopamine, positive trace", $time {0 0 0};
    %alloc S_0x613d8b9b8190;
    %pushi/vec4 3, 0, 4;
    %store/vec4 v0x613d8b995390_0, 0, 4;
    %pushi/vec4 100, 0, 9;
    %store/vec4 v0x613d8b99b090_0, 0, 9;
    %pushi/vec4 1, 0, 1;
    %store/vec4 v0x613d8b99b920_0, 0, 1;
    %fork TD_tb_apply_reward.apply_inputs, S_0x613d8b9b8190;
    %join;
    %free S_0x613d8b9b8190;
    %alloc S_0x613d8b9f31c0;
    %pushi/str "rstdp | elig=100, dop=3,  en=1";
    %store/str v0x613d8b998e30_0;
    %load/vec4 v0x613d8b9f5870_0;
    %store/vec4 v0x613d8b99cab0_0, 0, 8;
    %pushi/vec4 75, 0, 8;
    %store/vec4 v0x613d8b99bdb0_0, 0, 8;
    %fork TD_tb_apply_reward.check, S_0x613d8b9f31c0;
    %join;
    %free S_0x613d8b9f31c0;
    %alloc S_0x613d8b9b8190;
    %pushi/vec4 7, 0, 4;
    %store/vec4 v0x613d8b995390_0, 0, 4;
    %pushi/vec4 50, 0, 9;
    %store/vec4 v0x613d8b99b090_0, 0, 9;
    %pushi/vec4 1, 0, 1;
    %store/vec4 v0x613d8b99b920_0, 0, 1;
    %fork TD_tb_apply_reward.apply_inputs, S_0x613d8b9b8190;
    %join;
    %free S_0x613d8b9b8190;
    %alloc S_0x613d8b9f31c0;
    %pushi/str "rstdp | elig=50,  dop=7,  en=1";
    %store/str v0x613d8b998e30_0;
    %load/vec4 v0x613d8b9f5870_0;
    %store/vec4 v0x613d8b99cab0_0, 0, 8;
    %pushi/vec4 87, 0, 8;
    %store/vec4 v0x613d8b99bdb0_0, 0, 8;
    %fork TD_tb_apply_reward.check, S_0x613d8b9f31c0;
    %join;
    %free S_0x613d8b9f31c0;
    %alloc S_0x613d8b9f5410;
    %pushi/vec4 1, 0, 32;
    %store/vec4 v0x613d8b9f55f0_0, 0, 32;
    %fork TD_tb_apply_reward.idle_cycles, S_0x613d8b9f5410;
    %join;
    %free S_0x613d8b9f5410;
    %vpi_call/w 3 244 "$display", "\012[%0t] TEST 6: R-STDP -- negative dopamine, positive trace", $time {0 0 0};
    %alloc S_0x613d8b9b8190;
    %pushi/vec4 13, 0, 4;
    %store/vec4 v0x613d8b995390_0, 0, 4;
    %pushi/vec4 100, 0, 9;
    %store/vec4 v0x613d8b99b090_0, 0, 9;
    %pushi/vec4 1, 0, 1;
    %store/vec4 v0x613d8b99b920_0, 0, 1;
    %fork TD_tb_apply_reward.apply_inputs, S_0x613d8b9b8190;
    %join;
    %free S_0x613d8b9b8190;
    %alloc S_0x613d8b9f31c0;
    %pushi/str "rstdp | elig=100, dop=-3, en=1";
    %store/str v0x613d8b998e30_0;
    %load/vec4 v0x613d8b9f5870_0;
    %store/vec4 v0x613d8b99cab0_0, 0, 8;
    %pushi/vec4 181, 0, 8;
    %store/vec4 v0x613d8b99bdb0_0, 0, 8;
    %fork TD_tb_apply_reward.check, S_0x613d8b9f31c0;
    %join;
    %free S_0x613d8b9f31c0;
    %alloc S_0x613d8b9b8190;
    %pushi/vec4 9, 0, 4;
    %store/vec4 v0x613d8b995390_0, 0, 4;
    %pushi/vec4 50, 0, 9;
    %store/vec4 v0x613d8b99b090_0, 0, 9;
    %pushi/vec4 1, 0, 1;
    %store/vec4 v0x613d8b99b920_0, 0, 1;
    %fork TD_tb_apply_reward.apply_inputs, S_0x613d8b9b8190;
    %join;
    %free S_0x613d8b9b8190;
    %alloc S_0x613d8b9f31c0;
    %pushi/str "rstdp | elig=50,  dop=-7, en=1";
    %store/str v0x613d8b998e30_0;
    %load/vec4 v0x613d8b9f5870_0;
    %store/vec4 v0x613d8b99cab0_0, 0, 8;
    %pushi/vec4 168, 0, 8;
    %store/vec4 v0x613d8b99bdb0_0, 0, 8;
    %fork TD_tb_apply_reward.check, S_0x613d8b9f31c0;
    %join;
    %free S_0x613d8b9f31c0;
    %alloc S_0x613d8b9f5410;
    %pushi/vec4 1, 0, 32;
    %store/vec4 v0x613d8b9f55f0_0, 0, 32;
    %fork TD_tb_apply_reward.idle_cycles, S_0x613d8b9f5410;
    %join;
    %free S_0x613d8b9f5410;
    %vpi_call/w 3 258 "$display", "\012[%0t] TEST 7: R-STDP -- positive dopamine, negative trace", $time {0 0 0};
    %alloc S_0x613d8b9b8190;
    %pushi/vec4 3, 0, 4;
    %store/vec4 v0x613d8b995390_0, 0, 4;
    %pushi/vec4 412, 0, 9;
    %store/vec4 v0x613d8b99b090_0, 0, 9;
    %pushi/vec4 1, 0, 1;
    %store/vec4 v0x613d8b99b920_0, 0, 1;
    %fork TD_tb_apply_reward.apply_inputs, S_0x613d8b9b8190;
    %join;
    %free S_0x613d8b9b8190;
    %alloc S_0x613d8b9f31c0;
    %pushi/str "rstdp | elig=-100, dop=3,  en=1";
    %store/str v0x613d8b998e30_0;
    %load/vec4 v0x613d8b9f5870_0;
    %store/vec4 v0x613d8b99cab0_0, 0, 8;
    %pushi/vec4 181, 0, 8;
    %store/vec4 v0x613d8b99bdb0_0, 0, 8;
    %fork TD_tb_apply_reward.check, S_0x613d8b9f31c0;
    %join;
    %free S_0x613d8b9f31c0;
    %alloc S_0x613d8b9b8190;
    %pushi/vec4 7, 0, 4;
    %store/vec4 v0x613d8b995390_0, 0, 4;
    %pushi/vec4 462, 0, 9;
    %store/vec4 v0x613d8b99b090_0, 0, 9;
    %pushi/vec4 1, 0, 1;
    %store/vec4 v0x613d8b99b920_0, 0, 1;
    %fork TD_tb_apply_reward.apply_inputs, S_0x613d8b9b8190;
    %join;
    %free S_0x613d8b9b8190;
    %alloc S_0x613d8b9f31c0;
    %pushi/str "rstdp | elig=-50,  dop=7,  en=1";
    %store/str v0x613d8b998e30_0;
    %load/vec4 v0x613d8b9f5870_0;
    %store/vec4 v0x613d8b99cab0_0, 0, 8;
    %pushi/vec4 168, 0, 8;
    %store/vec4 v0x613d8b99bdb0_0, 0, 8;
    %fork TD_tb_apply_reward.check, S_0x613d8b9f31c0;
    %join;
    %free S_0x613d8b9f31c0;
    %alloc S_0x613d8b9f5410;
    %pushi/vec4 1, 0, 32;
    %store/vec4 v0x613d8b9f55f0_0, 0, 32;
    %fork TD_tb_apply_reward.idle_cycles, S_0x613d8b9f5410;
    %join;
    %free S_0x613d8b9f5410;
    %vpi_call/w 3 271 "$display", "\012[%0t] TEST 8: R-STDP -- zero dopamine", $time {0 0 0};
    %alloc S_0x613d8b9b8190;
    %pushi/vec4 0, 0, 4;
    %store/vec4 v0x613d8b995390_0, 0, 4;
    %pushi/vec4 255, 0, 9;
    %store/vec4 v0x613d8b99b090_0, 0, 9;
    %pushi/vec4 1, 0, 1;
    %store/vec4 v0x613d8b99b920_0, 0, 1;
    %fork TD_tb_apply_reward.apply_inputs, S_0x613d8b9b8190;
    %join;
    %free S_0x613d8b9b8190;
    %alloc S_0x613d8b9f31c0;
    %pushi/str "rstdp | elig=255, dop=0, en=1";
    %store/str v0x613d8b998e30_0;
    %load/vec4 v0x613d8b9f5870_0;
    %store/vec4 v0x613d8b99cab0_0, 0, 8;
    %pushi/vec4 0, 0, 8;
    %store/vec4 v0x613d8b99bdb0_0, 0, 8;
    %fork TD_tb_apply_reward.check, S_0x613d8b9f31c0;
    %join;
    %free S_0x613d8b9f31c0;
    %alloc S_0x613d8b9f5410;
    %pushi/vec4 1, 0, 32;
    %store/vec4 v0x613d8b9f55f0_0, 0, 32;
    %fork TD_tb_apply_reward.idle_cycles, S_0x613d8b9f5410;
    %join;
    %free S_0x613d8b9f5410;
    %vpi_call/w 3 281 "$display", "\012[%0t] TEST 9: No-learning mode -- delta_w must always be zero", $time {0 0 0};
    %alloc S_0x613d8b9b8190;
    %pushi/vec4 7, 0, 4;
    %store/vec4 v0x613d8b995390_0, 0, 4;
    %pushi/vec4 200, 0, 9;
    %store/vec4 v0x613d8b99b090_0, 0, 9;
    %pushi/vec4 1, 0, 1;
    %store/vec4 v0x613d8b99b920_0, 0, 1;
    %fork TD_tb_apply_reward.apply_inputs, S_0x613d8b9b8190;
    %join;
    %free S_0x613d8b9b8190;
    %alloc S_0x613d8b9f31c0;
    %pushi/str "none  | elig=200, dop=7,  en=1";
    %store/str v0x613d8b998e30_0;
    %load/vec4 v0x613d8b9f57b0_0;
    %store/vec4 v0x613d8b99cab0_0, 0, 8;
    %pushi/vec4 0, 0, 8;
    %store/vec4 v0x613d8b99bdb0_0, 0, 8;
    %fork TD_tb_apply_reward.check, S_0x613d8b9f31c0;
    %join;
    %free S_0x613d8b9f31c0;
    %alloc S_0x613d8b9b8190;
    %pushi/vec4 8, 0, 4;
    %store/vec4 v0x613d8b995390_0, 0, 4;
    %pushi/vec4 257, 0, 9;
    %store/vec4 v0x613d8b99b090_0, 0, 9;
    %pushi/vec4 1, 0, 1;
    %store/vec4 v0x613d8b99b920_0, 0, 1;
    %fork TD_tb_apply_reward.apply_inputs, S_0x613d8b9b8190;
    %join;
    %free S_0x613d8b9b8190;
    %alloc S_0x613d8b9f31c0;
    %pushi/str "none  | elig=-255, dop=-8, en=1";
    %store/str v0x613d8b998e30_0;
    %load/vec4 v0x613d8b9f57b0_0;
    %store/vec4 v0x613d8b99cab0_0, 0, 8;
    %pushi/vec4 0, 0, 8;
    %store/vec4 v0x613d8b99bdb0_0, 0, 8;
    %fork TD_tb_apply_reward.check, S_0x613d8b9f31c0;
    %join;
    %free S_0x613d8b9f31c0;
    %alloc S_0x613d8b9f5410;
    %pushi/vec4 1, 0, 32;
    %store/vec4 v0x613d8b9f55f0_0, 0, 32;
    %fork TD_tb_apply_reward.idle_cycles, S_0x613d8b9f5410;
    %join;
    %free S_0x613d8b9f5410;
    %vpi_call/w 3 294 "$display", "\012[%0t] TEST 10: reward_en gating -- hold last value", $time {0 0 0};
    %alloc S_0x613d8b9b8190;
    %pushi/vec4 0, 0, 4;
    %store/vec4 v0x613d8b995390_0, 0, 4;
    %pushi/vec4 100, 0, 9;
    %store/vec4 v0x613d8b99b090_0, 0, 9;
    %pushi/vec4 1, 0, 1;
    %store/vec4 v0x613d8b99b920_0, 0, 1;
    %fork TD_tb_apply_reward.apply_inputs, S_0x613d8b9b8190;
    %join;
    %free S_0x613d8b9b8190;
    %alloc S_0x613d8b9b8190;
    %pushi/vec4 0, 0, 4;
    %store/vec4 v0x613d8b995390_0, 0, 4;
    %pushi/vec4 200, 0, 9;
    %store/vec4 v0x613d8b99b090_0, 0, 9;
    %pushi/vec4 0, 0, 1;
    %store/vec4 v0x613d8b99b920_0, 0, 1;
    %fork TD_tb_apply_reward.apply_inputs, S_0x613d8b9b8190;
    %join;
    %free S_0x613d8b9b8190;
    %alloc S_0x613d8b9f31c0;
    %pushi/str "stdp  | hold after en=0";
    %store/str v0x613d8b998e30_0;
    %load/vec4 v0x613d8b9f5910_0;
    %store/vec4 v0x613d8b99cab0_0, 0, 8;
    %pushi/vec4 25, 0, 8;
    %store/vec4 v0x613d8b99bdb0_0, 0, 8;
    %fork TD_tb_apply_reward.check, S_0x613d8b9f31c0;
    %join;
    %free S_0x613d8b9f31c0;
    %alloc S_0x613d8b9f5410;
    %pushi/vec4 1, 0, 32;
    %store/vec4 v0x613d8b9f55f0_0, 0, 32;
    %fork TD_tb_apply_reward.idle_cycles, S_0x613d8b9f5410;
    %join;
    %free S_0x613d8b9f5410;
    %vpi_call/w 3 305 "$display", "\012[%0t] TEST 11: STDP -- maximum positive elig_trace (255)", $time {0 0 0};
    %alloc S_0x613d8b9b8190;
    %pushi/vec4 0, 0, 4;
    %store/vec4 v0x613d8b995390_0, 0, 4;
    %pushi/vec4 255, 0, 9;
    %store/vec4 v0x613d8b99b090_0, 0, 9;
    %pushi/vec4 1, 0, 1;
    %store/vec4 v0x613d8b99b920_0, 0, 1;
    %fork TD_tb_apply_reward.apply_inputs, S_0x613d8b9b8190;
    %join;
    %free S_0x613d8b9b8190;
    %alloc S_0x613d8b9f31c0;
    %pushi/str "stdp  | elig=255, dop=0, en=1";
    %store/str v0x613d8b998e30_0;
    %load/vec4 v0x613d8b9f5910_0;
    %store/vec4 v0x613d8b99cab0_0, 0, 8;
    %pushi/vec4 63, 0, 8;
    %store/vec4 v0x613d8b99bdb0_0, 0, 8;
    %fork TD_tb_apply_reward.check, S_0x613d8b9f31c0;
    %join;
    %free S_0x613d8b9f31c0;
    %alloc S_0x613d8b9f5410;
    %pushi/vec4 1, 0, 32;
    %store/vec4 v0x613d8b9f55f0_0, 0, 32;
    %fork TD_tb_apply_reward.idle_cycles, S_0x613d8b9f5410;
    %join;
    %free S_0x613d8b9f5410;
    %vpi_call/w 3 315 "$display", "\012[%0t] TEST 12: STDP -- maximum negative elig_trace (-256)", $time {0 0 0};
    %alloc S_0x613d8b9b8190;
    %pushi/vec4 0, 0, 4;
    %store/vec4 v0x613d8b995390_0, 0, 4;
    %pushi/vec4 256, 0, 9;
    %store/vec4 v0x613d8b99b090_0, 0, 9;
    %pushi/vec4 1, 0, 1;
    %store/vec4 v0x613d8b99b920_0, 0, 1;
    %fork TD_tb_apply_reward.apply_inputs, S_0x613d8b9b8190;
    %join;
    %free S_0x613d8b9b8190;
    %alloc S_0x613d8b9f31c0;
    %pushi/str "stdp  | elig=-256, dop=0, en=1";
    %store/str v0x613d8b998e30_0;
    %load/vec4 v0x613d8b9f5910_0;
    %store/vec4 v0x613d8b99cab0_0, 0, 8;
    %pushi/vec4 192, 0, 8;
    %store/vec4 v0x613d8b99bdb0_0, 0, 8;
    %fork TD_tb_apply_reward.check, S_0x613d8b9f31c0;
    %join;
    %free S_0x613d8b9f31c0;
    %alloc S_0x613d8b9f5410;
    %pushi/vec4 1, 0, 32;
    %store/vec4 v0x613d8b9f55f0_0, 0, 32;
    %fork TD_tb_apply_reward.idle_cycles, S_0x613d8b9f5410;
    %join;
    %free S_0x613d8b9f5410;
    %vpi_call/w 3 323 "$display", "\012[%0t] ===== Testbench complete: %0d passed, %0d failed =====", $time, v0x613d8b9f5c20_0, v0x613d8b9f5b40_0 {0 0 0};
    %load/vec4 v0x613d8b9f5b40_0;
    %cmpi/e 0, 0, 32;
    %jmp/0xz  T_10.0, 4;
    %vpi_call/w 3 327 "$display", "[%0t] ALL TESTS PASSED", $time {0 0 0};
    %jmp T_10.1;
T_10.0 ;
    %vpi_call/w 3 329 "$display", "[%0t] %0d TEST(S) FAILED -- see FAIL lines above", $time, v0x613d8b9f5b40_0 {0 0 0};
T_10.1 ;
    %vpi_call/w 3 331 "$finish" {0 0 0};
    %end;
    .thread T_10;
    .scope S_0x613d8b9696e0;
T_11 ;
    %vpi_call/w 3 338 "$dumpfile", "tb_apply_reward.vcd" {0 0 0};
    %vpi_call/w 3 339 "$dumpvars", 32'sb00000000000000000000000000000000, S_0x613d8b9696e0 {0 0 0};
    %end;
    .thread T_11;
# The file index is used to find the file name in the following table.
:file_names 5;
    "N/A";
    "<interactive>";
    "-";
    "tb_apply_reward.sv";
    "apply_reward.sv";
