#! /usr/bin/vvp
:ivl_version "12.0 (stable)";
:ivl_delay_selection "TYPICAL";
:vpi_time_precision - 12;
:vpi_module "/usr/lib/x86_64-linux-gnu/ivl/system.vpi";
:vpi_module "/usr/lib/x86_64-linux-gnu/ivl/vhdl_sys.vpi";
:vpi_module "/usr/lib/x86_64-linux-gnu/ivl/vhdl_textio.vpi";
:vpi_module "/usr/lib/x86_64-linux-gnu/ivl/v2005_math.vpi";
:vpi_module "/usr/lib/x86_64-linux-gnu/ivl/va_math.vpi";
:vpi_module "/usr/lib/x86_64-linux-gnu/ivl/v2009.vpi";
S_0x6001330da1e0 .scope package, "$unit" "$unit" 2 1;
 .timescale 0 0;
S_0x6001330da370 .scope module, "tb_eligibility_updater" "tb_eligibility_updater" 3 23;
 .timescale -9 -12;
P_0x600133096490 .param/l "DW_NEG" 1 3 32, +C4<00000000000000000000000001000000>;
P_0x6001330964d0 .param/l "DW_POS" 1 3 31, +C4<00000000000000000000000000010000>;
P_0x600133096510 .param/l "MAX_E_TRACE" 1 3 33, +C4<00000000000000000000000011111111>;
P_0x600133096550 .param/l "MIN_E_TRACE" 1 3 34, +C4<11111111111111111111111100000000>;
P_0x600133096590 .param/l "TAU_E_SHIFT" 1 3 30, +C4<00000000000000000000000000000010>;
P_0x6001330965d0 .param/l "T_POST" 1 3 29, +C4<00000000000000000000000000000010>;
P_0x600133096610 .param/l "T_PRE" 1 3 28, +C4<00000000000000000000000000000010>;
v0x600133141470_0 .var "clk", 0 0;
v0x600133141530_0 .net/s "elig_clamp", 8 0, L_0x6001331423f0;  1 drivers
v0x6001331415f0_0 .net/s "elig_off", 8 0, L_0x6001330f3f60;  1 drivers
v0x600133141690_0 .net/s "elig_on", 8 0, L_0x600133141fe0;  1 drivers
v0x600133141730_0 .var/2s "fail_count", 31 0;
v0x600133141820_0 .var/2s "pass_count", 31 0;
v0x600133141900_0 .var "post_spk", 0 0;
v0x6001331419a0_0 .var "pre_spk", 0 0;
v0x600133141a40_0 .var "rst", 0 0;
E_0x6001330d1060 .event negedge, v0x60013313caf0_0;
S_0x60013311e120 .scope autotask, "apply_spikes" "apply_spikes" 3 107, 3 107 0, S_0x6001330da370;
 .timescale -9 -12;
v0x6001330f9930_0 .var "post_val", 0 0;
v0x6001330cd3d0_0 .var "pre_val", 0 0;
TD_tb_eligibility_updater.apply_spikes ;
    %wait E_0x6001330d1060;
    %load/vec4 v0x6001330cd3d0_0;
    %store/vec4 v0x6001331419a0_0, 0, 1;
    %load/vec4 v0x6001330f9930_0;
    %store/vec4 v0x600133141900_0, 0, 1;
    %pushi/vec4 0, 0, 1;
    %store/vec4 v0x600133141a40_0, 0, 1;
    %wait E_0x6001330d1e80;
    %delay 1000, 0;
    %end;
S_0x60013313b7b0 .scope autotask, "check" "check" 3 139, 3 139 0, S_0x6001330da370;
 .timescale -9 -12;
v0x6001330f2c10_0 .var/s "expected", 8 0;
v0x6001330f4080_0 .var/s "got", 8 0;
v0x6001330fb470_0 .var/str "label";
TD_tb_eligibility_updater.check ;
    %load/vec4 v0x6001330f4080_0;
    %load/vec4 v0x6001330f2c10_0;
    %cmp/e;
    %jmp/0xz  T_1.0, 6;
    %vpi_call/w 3 145 "$display", "  PASS  %s : elig_trace = %0d", v0x6001330fb470_0, v0x6001330f4080_0 {0 0 0};
    ; show_stmt_assign_vector: Get l-value for compressed += operand
    %load/vec4 v0x600133141820_0;
    %pushi/vec4 1, 0, 32;
    %add;
    %cast2;
    %store/vec4 v0x600133141820_0, 0, 32;
    %jmp T_1.1;
T_1.0 ;
    %vpi_call/w 3 148 "$display", "  FAIL  %s : got %0d, expected %0d", v0x6001330fb470_0, v0x6001330f4080_0, v0x6001330f2c10_0 {0 0 0};
    ; show_stmt_assign_vector: Get l-value for compressed += operand
    %load/vec4 v0x600133141730_0;
    %pushi/vec4 1, 0, 32;
    %add;
    %cast2;
    %store/vec4 v0x600133141730_0, 0, 32;
T_1.1 ;
    %end;
S_0x60013313ba30 .scope autotask, "do_rst" "do_rst" 3 126, 3 126 0, S_0x6001330da370;
 .timescale -9 -12;
TD_tb_eligibility_updater.do_rst ;
    %wait E_0x6001330d1060;
    %pushi/vec4 1, 0, 1;
    %store/vec4 v0x600133141a40_0, 0, 1;
    %pushi/vec4 0, 0, 1;
    %store/vec4 v0x6001331419a0_0, 0, 1;
    %pushi/vec4 0, 0, 1;
    %store/vec4 v0x600133141900_0, 0, 1;
    %wait E_0x6001330d1e80;
    %delay 1000, 0;
    %wait E_0x6001330d1060;
    %wait E_0x6001330d1e80;
    %delay 1000, 0;
    %pushi/vec4 0, 0, 1;
    %store/vec4 v0x600133141a40_0, 0, 1;
    %end;
S_0x60013313bc10 .scope module, "dut_clamp" "eligibility_updater" 3 84, 4 1 0, S_0x6001330da370;
 .timescale 0 0;
    .port_info 0 /INPUT 1 "clk";
    .port_info 1 /INPUT 1 "pre_spk";
    .port_info 2 /INPUT 1 "post_spk";
    .port_info 3 /INPUT 1 "rst";
    .port_info 4 /OUTPUT 9 "elig_trace";
P_0x60013313bdf0 .param/l "DISABLED" 1 4 18, +C4<11111111111111111111111111111111>;
P_0x60013313be30 .param/l "DW_NEG" 0 4 6, +C4<00000000000000000000000111110100>;
P_0x60013313be70 .param/l "DW_POS" 0 4 5, +C4<00000000000000000000000111110100>;
P_0x60013313beb0 .param/l "LEARNING_MODE" 0 4 7, +C4<00000000000000000000000000000001>;
P_0x60013313bef0 .param/l "MAX_E_TRACE" 0 4 8, +C4<00000000000000000000000011111111>;
P_0x60013313bf30 .param/l "MIN_E_TRACE" 0 4 9, +C4<11111111111111111111111100000000>;
P_0x60013313bf70 .param/l "TAU_E_SHIFT" 0 4 4, +C4<00000000000000000000000000000010>;
P_0x60013313bfb0 .param/l "T_POST" 0 4 3, +C4<00000000000000000000000000000010>;
P_0x60013313bff0 .param/l "T_PRE" 0 4 2, +C4<00000000000000000000000000000010>;
L_0x6001331420a0 .functor NOT 1, v0x60013313d430_0, C4<0>, C4<0>, C4<0>;
L_0x600133142140 .functor AND 1, v0x6001331419a0_0, L_0x6001331420a0, C4<1>, C4<1>;
L_0x600133142230 .functor NOT 1, v0x60013313d110_0, C4<0>, C4<0>, C4<0>;
L_0x6001331422d0 .functor AND 1, v0x600133141900_0, L_0x600133142230, C4<1>, C4<1>;
L_0x6001331423f0 .functor BUFZ 9, v0x60013313cdd0_0, C4<000000000>, C4<000000000>, C4<000000000>;
v0x6001330fcb00_0 .net *"_ivl_0", 0 0, L_0x6001331420a0;  1 drivers
v0x600133115350_0 .net *"_ivl_4", 0 0, L_0x600133142230;  1 drivers
v0x60013313caf0_0 .net "clk", 0 0, v0x600133141470_0;  1 drivers
v0x60013313cbc0_0 .var/s "e_comb", 10 0;
v0x60013313cca0_0 .var/s "e_next", 10 0;
v0x60013313cdd0_0 .var/s "e_trace", 8 0;
v0x60013313ceb0_0 .net/s "elig_trace", 8 0, L_0x6001331423f0;  alias, 1 drivers
v0x60013313cf90_0 .net "post_edge", 0 0, L_0x6001331422d0;  1 drivers
v0x60013313d050_0 .net "post_spk", 0 0, v0x600133141900_0;  1 drivers
v0x60013313d110_0 .var "post_spk_r", 0 0;
v0x60013313d1d0_0 .var/s "post_timer", 4 0;
v0x60013313d2b0_0 .net "pre_edge", 0 0, L_0x600133142140;  1 drivers
v0x60013313d370_0 .net "pre_spk", 0 0, v0x6001331419a0_0;  1 drivers
v0x60013313d430_0 .var "pre_spk_r", 0 0;
v0x60013313d4f0_0 .var/s "pre_timer", 4 0;
v0x60013313d5d0_0 .net "rst", 0 0, v0x600133141a40_0;  1 drivers
E_0x6001330d1e80 .event posedge, v0x60013313caf0_0;
E_0x6001330d0780/0 .event anyedge, v0x60013313cdd0_0, v0x60013313d2b0_0, v0x60013313d1d0_0, v0x60013313cf90_0;
E_0x6001330d0780/1 .event anyedge, v0x60013313d4f0_0;
E_0x6001330d0780 .event/or E_0x6001330d0780/0, E_0x6001330d0780/1;
S_0x60013313c480 .scope begin, "e_next_calc" "e_next_calc" 4 68, 4 68 0, S_0x60013313bc10;
 .timescale 0 0;
S_0x60013313c680 .scope begin, "eligibility_update" "eligibility_update" 4 85, 4 85 0, S_0x60013313bc10;
 .timescale 0 0;
S_0x60013313c880 .scope begin, "timer_block" "timer_block" 4 43, 4 43 0, S_0x60013313bc10;
 .timescale 0 0;
S_0x60013313d730 .scope module, "dut_off" "eligibility_updater" 3 54, 4 1 0, S_0x6001330da370;
 .timescale 0 0;
    .port_info 0 /INPUT 1 "clk";
    .port_info 1 /INPUT 1 "pre_spk";
    .port_info 2 /INPUT 1 "post_spk";
    .port_info 3 /INPUT 1 "rst";
    .port_info 4 /OUTPUT 9 "elig_trace";
P_0x60013313d910 .param/l "DISABLED" 1 4 18, +C4<11111111111111111111111111111111>;
P_0x60013313d950 .param/l "DW_NEG" 0 4 6, +C4<00000000000000000000000001000000>;
P_0x60013313d990 .param/l "DW_POS" 0 4 5, +C4<00000000000000000000000000010000>;
P_0x60013313d9d0 .param/l "LEARNING_MODE" 0 4 7, +C4<00000000000000000000000000000000>;
P_0x60013313da10 .param/l "MAX_E_TRACE" 0 4 8, +C4<00000000000000000000000011111111>;
P_0x60013313da50 .param/l "MIN_E_TRACE" 0 4 9, +C4<11111111111111111111111100000000>;
P_0x60013313da90 .param/l "TAU_E_SHIFT" 0 4 4, +C4<00000000000000000000000000000010>;
P_0x60013313dad0 .param/l "T_POST" 0 4 3, +C4<00000000000000000000000000000010>;
P_0x60013313db10 .param/l "T_PRE" 0 4 2, +C4<00000000000000000000000000000010>;
L_0x6001330f7300 .functor NOT 1, v0x60013313f0f0_0, C4<0>, C4<0>, C4<0>;
L_0x6001330f9810 .functor AND 1, v0x6001331419a0_0, L_0x6001330f7300, C4<1>, C4<1>;
L_0x6001330cd2b0 .functor NOT 1, v0x60013313ede0_0, C4<0>, C4<0>, C4<0>;
L_0x6001330f2a70 .functor AND 1, v0x600133141900_0, L_0x6001330cd2b0, C4<1>, C4<1>;
L_0x6001330f3f60 .functor BUFZ 9, v0x60013313eac0_0, C4<000000000>, C4<000000000>, C4<000000000>;
v0x60013313e650_0 .net *"_ivl_0", 0 0, L_0x6001330f7300;  1 drivers
v0x60013313e710_0 .net *"_ivl_4", 0 0, L_0x6001330cd2b0;  1 drivers
v0x60013313e7f0_0 .net "clk", 0 0, v0x600133141470_0;  alias, 1 drivers
v0x60013313e8f0_0 .var/s "e_comb", 10 0;
v0x60013313e990_0 .var/s "e_next", 10 0;
v0x60013313eac0_0 .var/s "e_trace", 8 0;
v0x60013313eba0_0 .net/s "elig_trace", 8 0, L_0x6001330f3f60;  alias, 1 drivers
v0x60013313ec80_0 .net "post_edge", 0 0, L_0x6001330f2a70;  1 drivers
v0x60013313ed40_0 .net "post_spk", 0 0, v0x600133141900_0;  alias, 1 drivers
v0x60013313ede0_0 .var "post_spk_r", 0 0;
v0x60013313ee80_0 .var/s "post_timer", 4 0;
v0x60013313ef60_0 .net "pre_edge", 0 0, L_0x6001330f9810;  1 drivers
v0x60013313f020_0 .net "pre_spk", 0 0, v0x6001331419a0_0;  alias, 1 drivers
v0x60013313f0f0_0 .var "pre_spk_r", 0 0;
v0x60013313f190_0 .var/s "pre_timer", 4 0;
v0x60013313f270_0 .net "rst", 0 0, v0x600133141a40_0;  alias, 1 drivers
S_0x60013313e040 .scope begin, "e_next_calc" "e_next_calc" 4 68, 4 68 0, S_0x60013313d730;
 .timescale 0 0;
S_0x60013313e240 .scope begin, "eligibility_update" "eligibility_update" 4 85, 4 85 0, S_0x60013313d730;
 .timescale 0 0;
S_0x60013313e440 .scope begin, "timer_block" "timer_block" 4 43, 4 43 0, S_0x60013313d730;
 .timescale 0 0;
S_0x60013313f3f0 .scope module, "dut_on" "eligibility_updater" 3 71, 4 1 0, S_0x6001330da370;
 .timescale 0 0;
    .port_info 0 /INPUT 1 "clk";
    .port_info 1 /INPUT 1 "pre_spk";
    .port_info 2 /INPUT 1 "post_spk";
    .port_info 3 /INPUT 1 "rst";
    .port_info 4 /OUTPUT 9 "elig_trace";
P_0x60013313f580 .param/l "DISABLED" 1 4 18, +C4<11111111111111111111111111111111>;
P_0x60013313f5c0 .param/l "DW_NEG" 0 4 6, +C4<00000000000000000000000001000000>;
P_0x60013313f600 .param/l "DW_POS" 0 4 5, +C4<00000000000000000000000000010000>;
P_0x60013313f640 .param/l "LEARNING_MODE" 0 4 7, +C4<00000000000000000000000000000001>;
P_0x60013313f680 .param/l "MAX_E_TRACE" 0 4 8, +C4<00000000000000000000000011111111>;
P_0x60013313f6c0 .param/l "MIN_E_TRACE" 0 4 9, +C4<11111111111111111111111100000000>;
P_0x60013313f700 .param/l "TAU_E_SHIFT" 0 4 4, +C4<00000000000000000000000000000010>;
P_0x60013313f740 .param/l "T_POST" 0 4 3, +C4<00000000000000000000000000000010>;
P_0x60013313f780 .param/l "T_PRE" 0 4 2, +C4<00000000000000000000000000000010>;
L_0x6001330fb350 .functor NOT 1, v0x600133140e60_0, C4<0>, C4<0>, C4<0>;
L_0x6001330fc960 .functor AND 1, v0x6001331419a0_0, L_0x6001330fb350, C4<1>, C4<1>;
L_0x600133141e20 .functor NOT 1, v0x600133140b10_0, C4<0>, C4<0>, C4<0>;
L_0x600133141ec0 .functor AND 1, v0x600133141900_0, L_0x600133141e20, C4<1>, C4<1>;
L_0x600133141fe0 .functor BUFZ 9, v0x6001331407f0_0, C4<000000000>, C4<000000000>, C4<000000000>;
v0x600133140340_0 .net *"_ivl_0", 0 0, L_0x6001330fb350;  1 drivers
v0x600133140400_0 .net *"_ivl_4", 0 0, L_0x600133141e20;  1 drivers
v0x6001331404e0_0 .net "clk", 0 0, v0x600133141470_0;  alias, 1 drivers
v0x600133140600_0 .var/s "e_comb", 10 0;
v0x6001331406c0_0 .var/s "e_next", 10 0;
v0x6001331407f0_0 .var/s "e_trace", 8 0;
v0x6001331408d0_0 .net/s "elig_trace", 8 0, L_0x600133141fe0;  alias, 1 drivers
v0x6001331409b0_0 .net "post_edge", 0 0, L_0x600133141ec0;  1 drivers
v0x600133140a70_0 .net "post_spk", 0 0, v0x600133141900_0;  alias, 1 drivers
v0x600133140b10_0 .var "post_spk_r", 0 0;
v0x600133140bd0_0 .var/s "post_timer", 4 0;
v0x600133140cb0_0 .net "pre_edge", 0 0, L_0x6001330fc960;  1 drivers
v0x600133140d70_0 .net "pre_spk", 0 0, v0x6001331419a0_0;  alias, 1 drivers
v0x600133140e60_0 .var "pre_spk_r", 0 0;
v0x600133140f20_0 .var/s "pre_timer", 4 0;
v0x600133141000_0 .net "rst", 0 0, v0x600133141a40_0;  alias, 1 drivers
E_0x6001330ba780/0 .event anyedge, v0x6001331407f0_0, v0x600133140cb0_0, v0x600133140bd0_0, v0x6001331409b0_0;
E_0x6001330ba780/1 .event anyedge, v0x600133140f20_0;
E_0x6001330ba780 .event/or E_0x6001330ba780/0, E_0x6001330ba780/1;
S_0x60013313fd30 .scope begin, "e_next_calc" "e_next_calc" 4 68, 4 68 0, S_0x60013313f3f0;
 .timescale 0 0;
S_0x60013313ff30 .scope begin, "eligibility_update" "eligibility_update" 4 85, 4 85 0, S_0x60013313f3f0;
 .timescale 0 0;
S_0x600133140130 .scope begin, "timer_block" "timer_block" 4 43, 4 43 0, S_0x60013313f3f0;
 .timescale 0 0;
S_0x600133141190 .scope autotask, "idle_cycles" "idle_cycles" 3 119, 3 119 0, S_0x6001330da370;
 .timescale -9 -12;
v0x600133141370_0 .var/2s "n", 31 0;
TD_tb_eligibility_updater.idle_cycles ;
    %load/vec4 v0x600133141370_0;
T_3.2 %dup/vec4;
    %pushi/vec4 0, 0, 32;
    %cmp/s;
    %jmp/1xz T_3.3, 5;
    %jmp/1 T_3.3, 4;
    %pushi/vec4 1, 0, 32;
    %sub;
    %alloc S_0x60013311e120;
    %pushi/vec4 0, 0, 1;
    %store/vec4 v0x6001330cd3d0_0, 0, 1;
    %pushi/vec4 0, 0, 1;
    %store/vec4 v0x6001330f9930_0, 0, 1;
    %fork TD_tb_eligibility_updater.apply_spikes, S_0x60013311e120;
    %join;
    %free S_0x60013311e120;
    %jmp T_3.2;
T_3.3 ;
    %pop/vec4 1;
    %end;
    .scope S_0x60013313d730;
T_4 ;
    %wait E_0x6001330d1e80;
    %load/vec4 v0x60013313f270_0;
    %flag_set/vec4 8;
    %jmp/0xz  T_4.0, 8;
    %pushi/vec4 0, 0, 1;
    %assign/vec4 v0x60013313f0f0_0, 0;
    %pushi/vec4 0, 0, 1;
    %assign/vec4 v0x60013313ede0_0, 0;
    %jmp T_4.1;
T_4.0 ;
    %load/vec4 v0x60013313f020_0;
    %assign/vec4 v0x60013313f0f0_0, 0;
    %load/vec4 v0x60013313ed40_0;
    %assign/vec4 v0x60013313ede0_0, 0;
T_4.1 ;
    %jmp T_4;
    .thread T_4;
    .scope S_0x60013313d730;
T_5 ;
    %wait E_0x6001330d1e80;
    %fork t_1, S_0x60013313e440;
    %jmp t_0;
    .scope S_0x60013313e440;
t_1 ;
    %load/vec4 v0x60013313f270_0;
    %flag_set/vec4 8;
    %jmp/0xz  T_5.0, 8;
    %pushi/vec4 31, 0, 5;
    %assign/vec4 v0x60013313f190_0, 0;
    %pushi/vec4 31, 0, 5;
    %assign/vec4 v0x60013313ee80_0, 0;
    %jmp T_5.1;
T_5.0 ;
    %load/vec4 v0x60013313ef60_0;
    %flag_set/vec4 8;
    %jmp/0xz  T_5.2, 8;
    %pushi/vec4 0, 0, 5;
    %assign/vec4 v0x60013313f190_0, 0;
    %jmp T_5.3;
T_5.2 ;
    %load/vec4 v0x60013313f190_0;
    %pad/s 32;
    %cmpi/s 2, 0, 32;
    %flag_or 5, 4; GT is !LE
    %flag_inv 5;
    %jmp/0xz  T_5.4, 5;
    %pushi/vec4 31, 0, 5;
    %assign/vec4 v0x60013313f190_0, 0;
    %jmp T_5.5;
T_5.4 ;
    %load/vec4 v0x60013313f190_0;
    %pad/s 32;
    %cmpi/s 0, 0, 32;
    %flag_inv 5; GE is !LT
    %jmp/0xz  T_5.6, 5;
    %load/vec4 v0x60013313f190_0;
    %addi 1, 0, 5;
    %assign/vec4 v0x60013313f190_0, 0;
T_5.6 ;
T_5.5 ;
T_5.3 ;
    %load/vec4 v0x60013313ec80_0;
    %flag_set/vec4 8;
    %jmp/0xz  T_5.8, 8;
    %pushi/vec4 0, 0, 5;
    %assign/vec4 v0x60013313ee80_0, 0;
    %jmp T_5.9;
T_5.8 ;
    %load/vec4 v0x60013313ee80_0;
    %pad/s 32;
    %cmpi/s 2, 0, 32;
    %flag_or 5, 4; GT is !LE
    %flag_inv 5;
    %jmp/0xz  T_5.10, 5;
    %pushi/vec4 31, 0, 5;
    %assign/vec4 v0x60013313ee80_0, 0;
    %jmp T_5.11;
T_5.10 ;
    %load/vec4 v0x60013313ee80_0;
    %pad/s 32;
    %cmpi/s 0, 0, 32;
    %flag_inv 5; GE is !LT
    %jmp/0xz  T_5.12, 5;
    %load/vec4 v0x60013313ee80_0;
    %addi 1, 0, 5;
    %assign/vec4 v0x60013313ee80_0, 0;
T_5.12 ;
T_5.11 ;
T_5.9 ;
T_5.1 ;
    %end;
    .scope S_0x60013313d730;
t_0 %join;
    %jmp T_5;
    .thread T_5;
    .scope S_0x60013313d730;
T_6 ;
    %wait E_0x0;
    %fork t_3, S_0x60013313e040;
    %jmp t_2;
    .scope S_0x60013313e040;
t_3 ;
    %pushi/vec4 0, 0, 11;
    %store/vec4 v0x60013313e8f0_0, 0, 11;
    %load/vec4 v0x60013313e8f0_0;
    %store/vec4 v0x60013313e990_0, 0, 11;
    %end;
    .scope S_0x60013313d730;
t_2 %join;
    %jmp T_6;
    .thread T_6;
    .scope S_0x60013313d730;
T_7 ;
    %wait E_0x6001330d1e80;
    %fork t_5, S_0x60013313e240;
    %jmp t_4;
    .scope S_0x60013313e240;
t_5 ;
    %load/vec4 v0x60013313f270_0;
    %flag_set/vec4 8;
    %jmp/0xz  T_7.0, 8;
    %pushi/vec4 0, 0, 9;
    %assign/vec4 v0x60013313eac0_0, 0;
    %jmp T_7.1;
T_7.0 ;
    %load/vec4 v0x60013313e990_0;
    %pad/s 32;
    %cmpi/s 255, 0, 32;
    %flag_or 5, 4; GT is !LE
    %flag_inv 5;
    %jmp/0xz  T_7.2, 5;
    %pushi/vec4 255, 0, 9;
    %assign/vec4 v0x60013313eac0_0, 0;
    %jmp T_7.3;
T_7.2 ;
    %load/vec4 v0x60013313e990_0;
    %pad/s 32;
    %cmpi/s 4294967040, 0, 32;
    %jmp/0xz  T_7.4, 5;
    %pushi/vec4 256, 0, 9;
    %assign/vec4 v0x60013313eac0_0, 0;
    %jmp T_7.5;
T_7.4 ;
    %load/vec4 v0x60013313e990_0;
    %parti/s 9, 0, 2;
    %assign/vec4 v0x60013313eac0_0, 0;
T_7.5 ;
T_7.3 ;
T_7.1 ;
    %end;
    .scope S_0x60013313d730;
t_4 %join;
    %jmp T_7;
    .thread T_7;
    .scope S_0x60013313f3f0;
T_8 ;
    %wait E_0x6001330d1e80;
    %load/vec4 v0x600133141000_0;
    %flag_set/vec4 8;
    %jmp/0xz  T_8.0, 8;
    %pushi/vec4 0, 0, 1;
    %assign/vec4 v0x600133140e60_0, 0;
    %pushi/vec4 0, 0, 1;
    %assign/vec4 v0x600133140b10_0, 0;
    %jmp T_8.1;
T_8.0 ;
    %load/vec4 v0x600133140d70_0;
    %assign/vec4 v0x600133140e60_0, 0;
    %load/vec4 v0x600133140a70_0;
    %assign/vec4 v0x600133140b10_0, 0;
T_8.1 ;
    %jmp T_8;
    .thread T_8;
    .scope S_0x60013313f3f0;
T_9 ;
    %wait E_0x6001330d1e80;
    %fork t_7, S_0x600133140130;
    %jmp t_6;
    .scope S_0x600133140130;
t_7 ;
    %load/vec4 v0x600133141000_0;
    %flag_set/vec4 8;
    %jmp/0xz  T_9.0, 8;
    %pushi/vec4 31, 0, 5;
    %assign/vec4 v0x600133140f20_0, 0;
    %pushi/vec4 31, 0, 5;
    %assign/vec4 v0x600133140bd0_0, 0;
    %jmp T_9.1;
T_9.0 ;
    %load/vec4 v0x600133140cb0_0;
    %flag_set/vec4 8;
    %jmp/0xz  T_9.2, 8;
    %pushi/vec4 0, 0, 5;
    %assign/vec4 v0x600133140f20_0, 0;
    %jmp T_9.3;
T_9.2 ;
    %load/vec4 v0x600133140f20_0;
    %pad/s 32;
    %cmpi/s 2, 0, 32;
    %flag_or 5, 4; GT is !LE
    %flag_inv 5;
    %jmp/0xz  T_9.4, 5;
    %pushi/vec4 31, 0, 5;
    %assign/vec4 v0x600133140f20_0, 0;
    %jmp T_9.5;
T_9.4 ;
    %load/vec4 v0x600133140f20_0;
    %pad/s 32;
    %cmpi/s 0, 0, 32;
    %flag_inv 5; GE is !LT
    %jmp/0xz  T_9.6, 5;
    %load/vec4 v0x600133140f20_0;
    %addi 1, 0, 5;
    %assign/vec4 v0x600133140f20_0, 0;
T_9.6 ;
T_9.5 ;
T_9.3 ;
    %load/vec4 v0x6001331409b0_0;
    %flag_set/vec4 8;
    %jmp/0xz  T_9.8, 8;
    %pushi/vec4 0, 0, 5;
    %assign/vec4 v0x600133140bd0_0, 0;
    %jmp T_9.9;
T_9.8 ;
    %load/vec4 v0x600133140bd0_0;
    %pad/s 32;
    %cmpi/s 2, 0, 32;
    %flag_or 5, 4; GT is !LE
    %flag_inv 5;
    %jmp/0xz  T_9.10, 5;
    %pushi/vec4 31, 0, 5;
    %assign/vec4 v0x600133140bd0_0, 0;
    %jmp T_9.11;
T_9.10 ;
    %load/vec4 v0x600133140bd0_0;
    %pad/s 32;
    %cmpi/s 0, 0, 32;
    %flag_inv 5; GE is !LT
    %jmp/0xz  T_9.12, 5;
    %load/vec4 v0x600133140bd0_0;
    %addi 1, 0, 5;
    %assign/vec4 v0x600133140bd0_0, 0;
T_9.12 ;
T_9.11 ;
T_9.9 ;
T_9.1 ;
    %end;
    .scope S_0x60013313f3f0;
t_6 %join;
    %jmp T_9;
    .thread T_9;
    .scope S_0x60013313f3f0;
T_10 ;
Ewait_0 .event/or E_0x6001330ba780, E_0x0;
    %wait Ewait_0;
    %fork t_9, S_0x60013313fd30;
    %jmp t_8;
    .scope S_0x60013313fd30;
t_9 ;
    %load/vec4 v0x6001331407f0_0;
    %pad/s 11;
    %store/vec4 v0x600133140600_0, 0, 11;
    %load/vec4 v0x600133140cb0_0;
    %flag_set/vec4 9;
    %flag_get/vec4 9;
    %jmp/0 T_10.2, 9;
    %pushi/vec4 0, 0, 32;
    %load/vec4 v0x600133140bd0_0;
    %pad/s 32;
    %cmp/s;
    %flag_get/vec4 4;
    %flag_get/vec4 5;
    %or;
    %and;
T_10.2;
    %flag_set/vec4 8;
    %jmp/0xz  T_10.0, 8;
    %load/vec4 v0x600133140600_0;
    %pad/s 32;
    %subi 64, 0, 32;
    %pad/s 11;
    %store/vec4 v0x600133140600_0, 0, 11;
T_10.0 ;
    %load/vec4 v0x6001331409b0_0;
    %flag_set/vec4 9;
    %flag_get/vec4 9;
    %jmp/0 T_10.5, 9;
    %pushi/vec4 0, 0, 32;
    %load/vec4 v0x600133140f20_0;
    %pad/s 32;
    %cmp/s;
    %flag_get/vec4 4;
    %flag_get/vec4 5;
    %or;
    %and;
T_10.5;
    %flag_set/vec4 8;
    %jmp/0xz  T_10.3, 8;
    %load/vec4 v0x600133140600_0;
    %pad/s 32;
    %addi 16, 0, 32;
    %pad/s 11;
    %store/vec4 v0x600133140600_0, 0, 11;
T_10.3 ;
    %load/vec4 v0x600133140600_0;
    %load/vec4 v0x600133140600_0;
    %ix/load 4, 2, 0;
    %flag_set/imm 4, 0;
    %shiftr/s 4;
    %sub;
    %store/vec4 v0x600133140600_0, 0, 11;
    %load/vec4 v0x600133140600_0;
    %store/vec4 v0x6001331406c0_0, 0, 11;
    %end;
    .scope S_0x60013313f3f0;
t_8 %join;
    %jmp T_10;
    .thread T_10, $push;
    .scope S_0x60013313f3f0;
T_11 ;
    %wait E_0x6001330d1e80;
    %fork t_11, S_0x60013313ff30;
    %jmp t_10;
    .scope S_0x60013313ff30;
t_11 ;
    %load/vec4 v0x600133141000_0;
    %flag_set/vec4 8;
    %jmp/0xz  T_11.0, 8;
    %pushi/vec4 0, 0, 9;
    %assign/vec4 v0x6001331407f0_0, 0;
    %jmp T_11.1;
T_11.0 ;
    %load/vec4 v0x6001331406c0_0;
    %pad/s 32;
    %cmpi/s 255, 0, 32;
    %flag_or 5, 4; GT is !LE
    %flag_inv 5;
    %jmp/0xz  T_11.2, 5;
    %pushi/vec4 255, 0, 9;
    %assign/vec4 v0x6001331407f0_0, 0;
    %jmp T_11.3;
T_11.2 ;
    %load/vec4 v0x6001331406c0_0;
    %pad/s 32;
    %cmpi/s 4294967040, 0, 32;
    %jmp/0xz  T_11.4, 5;
    %pushi/vec4 256, 0, 9;
    %assign/vec4 v0x6001331407f0_0, 0;
    %jmp T_11.5;
T_11.4 ;
    %load/vec4 v0x6001331406c0_0;
    %parti/s 9, 0, 2;
    %assign/vec4 v0x6001331407f0_0, 0;
T_11.5 ;
T_11.3 ;
T_11.1 ;
    %end;
    .scope S_0x60013313f3f0;
t_10 %join;
    %jmp T_11;
    .thread T_11;
    .scope S_0x60013313bc10;
T_12 ;
    %wait E_0x6001330d1e80;
    %load/vec4 v0x60013313d5d0_0;
    %flag_set/vec4 8;
    %jmp/0xz  T_12.0, 8;
    %pushi/vec4 0, 0, 1;
    %assign/vec4 v0x60013313d430_0, 0;
    %pushi/vec4 0, 0, 1;
    %assign/vec4 v0x60013313d110_0, 0;
    %jmp T_12.1;
T_12.0 ;
    %load/vec4 v0x60013313d370_0;
    %assign/vec4 v0x60013313d430_0, 0;
    %load/vec4 v0x60013313d050_0;
    %assign/vec4 v0x60013313d110_0, 0;
T_12.1 ;
    %jmp T_12;
    .thread T_12;
    .scope S_0x60013313bc10;
T_13 ;
    %wait E_0x6001330d1e80;
    %fork t_13, S_0x60013313c880;
    %jmp t_12;
    .scope S_0x60013313c880;
t_13 ;
    %load/vec4 v0x60013313d5d0_0;
    %flag_set/vec4 8;
    %jmp/0xz  T_13.0, 8;
    %pushi/vec4 31, 0, 5;
    %assign/vec4 v0x60013313d4f0_0, 0;
    %pushi/vec4 31, 0, 5;
    %assign/vec4 v0x60013313d1d0_0, 0;
    %jmp T_13.1;
T_13.0 ;
    %load/vec4 v0x60013313d2b0_0;
    %flag_set/vec4 8;
    %jmp/0xz  T_13.2, 8;
    %pushi/vec4 0, 0, 5;
    %assign/vec4 v0x60013313d4f0_0, 0;
    %jmp T_13.3;
T_13.2 ;
    %load/vec4 v0x60013313d4f0_0;
    %pad/s 32;
    %cmpi/s 2, 0, 32;
    %flag_or 5, 4; GT is !LE
    %flag_inv 5;
    %jmp/0xz  T_13.4, 5;
    %pushi/vec4 31, 0, 5;
    %assign/vec4 v0x60013313d4f0_0, 0;
    %jmp T_13.5;
T_13.4 ;
    %load/vec4 v0x60013313d4f0_0;
    %pad/s 32;
    %cmpi/s 0, 0, 32;
    %flag_inv 5; GE is !LT
    %jmp/0xz  T_13.6, 5;
    %load/vec4 v0x60013313d4f0_0;
    %addi 1, 0, 5;
    %assign/vec4 v0x60013313d4f0_0, 0;
T_13.6 ;
T_13.5 ;
T_13.3 ;
    %load/vec4 v0x60013313cf90_0;
    %flag_set/vec4 8;
    %jmp/0xz  T_13.8, 8;
    %pushi/vec4 0, 0, 5;
    %assign/vec4 v0x60013313d1d0_0, 0;
    %jmp T_13.9;
T_13.8 ;
    %load/vec4 v0x60013313d1d0_0;
    %pad/s 32;
    %cmpi/s 2, 0, 32;
    %flag_or 5, 4; GT is !LE
    %flag_inv 5;
    %jmp/0xz  T_13.10, 5;
    %pushi/vec4 31, 0, 5;
    %assign/vec4 v0x60013313d1d0_0, 0;
    %jmp T_13.11;
T_13.10 ;
    %load/vec4 v0x60013313d1d0_0;
    %pad/s 32;
    %cmpi/s 0, 0, 32;
    %flag_inv 5; GE is !LT
    %jmp/0xz  T_13.12, 5;
    %load/vec4 v0x60013313d1d0_0;
    %addi 1, 0, 5;
    %assign/vec4 v0x60013313d1d0_0, 0;
T_13.12 ;
T_13.11 ;
T_13.9 ;
T_13.1 ;
    %end;
    .scope S_0x60013313bc10;
t_12 %join;
    %jmp T_13;
    .thread T_13;
    .scope S_0x60013313bc10;
T_14 ;
Ewait_1 .event/or E_0x6001330d0780, E_0x0;
    %wait Ewait_1;
    %fork t_15, S_0x60013313c480;
    %jmp t_14;
    .scope S_0x60013313c480;
t_15 ;
    %load/vec4 v0x60013313cdd0_0;
    %pad/s 11;
    %store/vec4 v0x60013313cbc0_0, 0, 11;
    %load/vec4 v0x60013313d2b0_0;
    %flag_set/vec4 9;
    %flag_get/vec4 9;
    %jmp/0 T_14.2, 9;
    %pushi/vec4 0, 0, 32;
    %load/vec4 v0x60013313d1d0_0;
    %pad/s 32;
    %cmp/s;
    %flag_get/vec4 4;
    %flag_get/vec4 5;
    %or;
    %and;
T_14.2;
    %flag_set/vec4 8;
    %jmp/0xz  T_14.0, 8;
    %load/vec4 v0x60013313cbc0_0;
    %pad/s 32;
    %subi 500, 0, 32;
    %pad/s 11;
    %store/vec4 v0x60013313cbc0_0, 0, 11;
T_14.0 ;
    %load/vec4 v0x60013313cf90_0;
    %flag_set/vec4 9;
    %flag_get/vec4 9;
    %jmp/0 T_14.5, 9;
    %pushi/vec4 0, 0, 32;
    %load/vec4 v0x60013313d4f0_0;
    %pad/s 32;
    %cmp/s;
    %flag_get/vec4 4;
    %flag_get/vec4 5;
    %or;
    %and;
T_14.5;
    %flag_set/vec4 8;
    %jmp/0xz  T_14.3, 8;
    %load/vec4 v0x60013313cbc0_0;
    %pad/s 32;
    %addi 500, 0, 32;
    %pad/s 11;
    %store/vec4 v0x60013313cbc0_0, 0, 11;
T_14.3 ;
    %load/vec4 v0x60013313cbc0_0;
    %load/vec4 v0x60013313cbc0_0;
    %ix/load 4, 2, 0;
    %flag_set/imm 4, 0;
    %shiftr/s 4;
    %sub;
    %store/vec4 v0x60013313cbc0_0, 0, 11;
    %load/vec4 v0x60013313cbc0_0;
    %store/vec4 v0x60013313cca0_0, 0, 11;
    %end;
    .scope S_0x60013313bc10;
t_14 %join;
    %jmp T_14;
    .thread T_14, $push;
    .scope S_0x60013313bc10;
T_15 ;
    %wait E_0x6001330d1e80;
    %fork t_17, S_0x60013313c680;
    %jmp t_16;
    .scope S_0x60013313c680;
t_17 ;
    %load/vec4 v0x60013313d5d0_0;
    %flag_set/vec4 8;
    %jmp/0xz  T_15.0, 8;
    %pushi/vec4 0, 0, 9;
    %assign/vec4 v0x60013313cdd0_0, 0;
    %jmp T_15.1;
T_15.0 ;
    %load/vec4 v0x60013313cca0_0;
    %pad/s 32;
    %cmpi/s 255, 0, 32;
    %flag_or 5, 4; GT is !LE
    %flag_inv 5;
    %jmp/0xz  T_15.2, 5;
    %pushi/vec4 255, 0, 9;
    %assign/vec4 v0x60013313cdd0_0, 0;
    %jmp T_15.3;
T_15.2 ;
    %load/vec4 v0x60013313cca0_0;
    %pad/s 32;
    %cmpi/s 4294967040, 0, 32;
    %jmp/0xz  T_15.4, 5;
    %pushi/vec4 256, 0, 9;
    %assign/vec4 v0x60013313cdd0_0, 0;
    %jmp T_15.5;
T_15.4 ;
    %load/vec4 v0x60013313cca0_0;
    %parti/s 9, 0, 2;
    %assign/vec4 v0x60013313cdd0_0, 0;
T_15.5 ;
T_15.3 ;
T_15.1 ;
    %end;
    .scope S_0x60013313bc10;
t_16 %join;
    %jmp T_15;
    .thread T_15;
    .scope S_0x6001330da370;
T_16 ;
    %pushi/vec4 0, 0, 32;
    %store/vec4 v0x600133141820_0, 0, 32;
    %pushi/vec4 0, 0, 32;
    %store/vec4 v0x600133141730_0, 0, 32;
    %end;
    .thread T_16, $init;
    .scope S_0x6001330da370;
T_17 ;
    %pushi/vec4 0, 0, 1;
    %store/vec4 v0x600133141470_0, 0, 1;
    %end;
    .thread T_17;
    .scope S_0x6001330da370;
T_18 ;
    %delay 5000, 0;
    %load/vec4 v0x600133141470_0;
    %inv;
    %store/vec4 v0x600133141470_0, 0, 1;
    %jmp T_18;
    .thread T_18;
    .scope S_0x6001330da370;
T_19 ;
    %wait E_0x6001330d1e80;
    %delay 1000, 0;
    %vpi_call/w 3 158 "$display", "[%0t ns]  pre=%b post=%b | off=%0d  on=%0d  clamp=%0d", $time, v0x6001331419a0_0, v0x600133141900_0, v0x6001331415f0_0, v0x600133141690_0, v0x600133141530_0 {0 0 0};
    %jmp T_19;
    .thread T_19;
    .scope S_0x6001330da370;
T_20 ;
    %pushi/vec4 1, 0, 1;
    %store/vec4 v0x600133141a40_0, 0, 1;
    %pushi/vec4 0, 0, 1;
    %store/vec4 v0x6001331419a0_0, 0, 1;
    %pushi/vec4 0, 0, 1;
    %store/vec4 v0x600133141900_0, 0, 1;
    %vpi_call/w 3 174 "$display", "\012[%0t] TEST 0: Reset -- elig_trace must be zero during rst", $time {0 0 0};
    %wait E_0x6001330d1060;
    %wait E_0x6001330d1e80;
    %delay 1000, 0;
    %wait E_0x6001330d1060;
    %wait E_0x6001330d1e80;
    %delay 1000, 0;
    %alloc S_0x60013313b7b0;
    %pushi/str "off   | rst=1";
    %store/str v0x6001330fb470_0;
    %load/vec4 v0x6001331415f0_0;
    %store/vec4 v0x6001330f4080_0, 0, 9;
    %pushi/vec4 0, 0, 9;
    %store/vec4 v0x6001330f2c10_0, 0, 9;
    %fork TD_tb_eligibility_updater.check, S_0x60013313b7b0;
    %join;
    %free S_0x60013313b7b0;
    %alloc S_0x60013313b7b0;
    %pushi/str "on    | rst=1";
    %store/str v0x6001330fb470_0;
    %load/vec4 v0x600133141690_0;
    %store/vec4 v0x6001330f4080_0, 0, 9;
    %pushi/vec4 0, 0, 9;
    %store/vec4 v0x6001330f2c10_0, 0, 9;
    %fork TD_tb_eligibility_updater.check, S_0x60013313b7b0;
    %join;
    %free S_0x60013313b7b0;
    %alloc S_0x60013313b7b0;
    %pushi/str "clamp | rst=1";
    %store/str v0x6001330fb470_0;
    %load/vec4 v0x600133141530_0;
    %store/vec4 v0x6001330f4080_0, 0, 9;
    %pushi/vec4 0, 0, 9;
    %store/vec4 v0x6001330f2c10_0, 0, 9;
    %fork TD_tb_eligibility_updater.check, S_0x60013313b7b0;
    %join;
    %free S_0x60013313b7b0;
    %wait E_0x6001330d1060;
    %pushi/vec4 0, 0, 1;
    %store/vec4 v0x600133141a40_0, 0, 1;
    %alloc S_0x600133141190;
    %pushi/vec4 1, 0, 32;
    %store/vec4 v0x600133141370_0, 0, 32;
    %fork TD_tb_eligibility_updater.idle_cycles, S_0x600133141190;
    %join;
    %free S_0x600133141190;
    %vpi_call/w 3 190 "$display", "\012[%0t] TEST 1: No-learning mode -- elig_trace always zero", $time {0 0 0};
    %alloc S_0x60013311e120;
    %pushi/vec4 1, 0, 1;
    %store/vec4 v0x6001330cd3d0_0, 0, 1;
    %pushi/vec4 0, 0, 1;
    %store/vec4 v0x6001330f9930_0, 0, 1;
    %fork TD_tb_eligibility_updater.apply_spikes, S_0x60013311e120;
    %join;
    %free S_0x60013311e120;
    %alloc S_0x60013313b7b0;
    %pushi/str "off   | pre=1, post=0";
    %store/str v0x6001330fb470_0;
    %load/vec4 v0x6001331415f0_0;
    %store/vec4 v0x6001330f4080_0, 0, 9;
    %pushi/vec4 0, 0, 9;
    %store/vec4 v0x6001330f2c10_0, 0, 9;
    %fork TD_tb_eligibility_updater.check, S_0x60013313b7b0;
    %join;
    %free S_0x60013313b7b0;
    %alloc S_0x60013311e120;
    %pushi/vec4 0, 0, 1;
    %store/vec4 v0x6001330cd3d0_0, 0, 1;
    %pushi/vec4 1, 0, 1;
    %store/vec4 v0x6001330f9930_0, 0, 1;
    %fork TD_tb_eligibility_updater.apply_spikes, S_0x60013311e120;
    %join;
    %free S_0x60013311e120;
    %alloc S_0x60013313b7b0;
    %pushi/str "off   | LTP attempt (post after pre)";
    %store/str v0x6001330fb470_0;
    %load/vec4 v0x6001331415f0_0;
    %store/vec4 v0x6001330f4080_0, 0, 9;
    %pushi/vec4 0, 0, 9;
    %store/vec4 v0x6001330f2c10_0, 0, 9;
    %fork TD_tb_eligibility_updater.check, S_0x60013313b7b0;
    %join;
    %free S_0x60013313b7b0;
    %alloc S_0x60013311e120;
    %pushi/vec4 1, 0, 1;
    %store/vec4 v0x6001330cd3d0_0, 0, 1;
    %pushi/vec4 1, 0, 1;
    %store/vec4 v0x6001330f9930_0, 0, 1;
    %fork TD_tb_eligibility_updater.apply_spikes, S_0x60013311e120;
    %join;
    %free S_0x60013311e120;
    %alloc S_0x60013313b7b0;
    %pushi/str "off   | pre=1, post=1 simultaneous";
    %store/str v0x6001330fb470_0;
    %load/vec4 v0x6001331415f0_0;
    %store/vec4 v0x6001330f4080_0, 0, 9;
    %pushi/vec4 0, 0, 9;
    %store/vec4 v0x6001330f2c10_0, 0, 9;
    %fork TD_tb_eligibility_updater.check, S_0x60013313b7b0;
    %join;
    %free S_0x60013313b7b0;
    %alloc S_0x600133141190;
    %pushi/vec4 1, 0, 32;
    %store/vec4 v0x600133141370_0, 0, 32;
    %fork TD_tb_eligibility_updater.idle_cycles, S_0x600133141190;
    %join;
    %free S_0x600133141190;
    %vpi_call/w 3 206 "$display", "\012[%0t] TEST 2: LTP -- post fires 1 cycle after pre", $time {0 0 0};
    %alloc S_0x60013313ba30;
    %fork TD_tb_eligibility_updater.do_rst, S_0x60013313ba30;
    %join;
    %free S_0x60013313ba30;
    %alloc S_0x60013311e120;
    %pushi/vec4 1, 0, 1;
    %store/vec4 v0x6001330cd3d0_0, 0, 1;
    %pushi/vec4 0, 0, 1;
    %store/vec4 v0x6001330f9930_0, 0, 1;
    %fork TD_tb_eligibility_updater.apply_spikes, S_0x60013311e120;
    %join;
    %free S_0x60013311e120;
    %alloc S_0x60013313b7b0;
    %pushi/str "on    | pre spike alone";
    %store/str v0x6001330fb470_0;
    %load/vec4 v0x600133141690_0;
    %store/vec4 v0x6001330f4080_0, 0, 9;
    %pushi/vec4 0, 0, 9;
    %store/vec4 v0x6001330f2c10_0, 0, 9;
    %fork TD_tb_eligibility_updater.check, S_0x60013313b7b0;
    %join;
    %free S_0x60013313b7b0;
    %alloc S_0x60013311e120;
    %pushi/vec4 0, 0, 1;
    %store/vec4 v0x6001330cd3d0_0, 0, 1;
    %pushi/vec4 1, 0, 1;
    %store/vec4 v0x6001330f9930_0, 0, 1;
    %fork TD_tb_eligibility_updater.apply_spikes, S_0x60013311e120;
    %join;
    %free S_0x60013311e120;
    %alloc S_0x60013313b7b0;
    %pushi/str "on    | LTP: post 1 cycle after pre";
    %store/str v0x6001330fb470_0;
    %load/vec4 v0x600133141690_0;
    %store/vec4 v0x6001330f4080_0, 0, 9;
    %pushi/vec4 12, 0, 9;
    %store/vec4 v0x6001330f2c10_0, 0, 9;
    %fork TD_tb_eligibility_updater.check, S_0x60013313b7b0;
    %join;
    %free S_0x60013313b7b0;
    %alloc S_0x600133141190;
    %pushi/vec4 2, 0, 32;
    %store/vec4 v0x600133141370_0, 0, 32;
    %fork TD_tb_eligibility_updater.idle_cycles, S_0x600133141190;
    %join;
    %free S_0x600133141190;
    %vpi_call/w 3 221 "$display", "\012[%0t] TEST 3: LTD -- pre fires 1 cycle after post", $time {0 0 0};
    %alloc S_0x60013313ba30;
    %fork TD_tb_eligibility_updater.do_rst, S_0x60013313ba30;
    %join;
    %free S_0x60013313ba30;
    %alloc S_0x60013311e120;
    %pushi/vec4 0, 0, 1;
    %store/vec4 v0x6001330cd3d0_0, 0, 1;
    %pushi/vec4 1, 0, 1;
    %store/vec4 v0x6001330f9930_0, 0, 1;
    %fork TD_tb_eligibility_updater.apply_spikes, S_0x60013311e120;
    %join;
    %free S_0x60013311e120;
    %alloc S_0x60013313b7b0;
    %pushi/str "on    | post spike alone";
    %store/str v0x6001330fb470_0;
    %load/vec4 v0x600133141690_0;
    %store/vec4 v0x6001330f4080_0, 0, 9;
    %pushi/vec4 0, 0, 9;
    %store/vec4 v0x6001330f2c10_0, 0, 9;
    %fork TD_tb_eligibility_updater.check, S_0x60013313b7b0;
    %join;
    %free S_0x60013313b7b0;
    %alloc S_0x60013311e120;
    %pushi/vec4 1, 0, 1;
    %store/vec4 v0x6001330cd3d0_0, 0, 1;
    %pushi/vec4 0, 0, 1;
    %store/vec4 v0x6001330f9930_0, 0, 1;
    %fork TD_tb_eligibility_updater.apply_spikes, S_0x60013311e120;
    %join;
    %free S_0x60013311e120;
    %alloc S_0x60013313b7b0;
    %pushi/str "on    | LTD: pre 1 cycle after post";
    %store/str v0x6001330fb470_0;
    %load/vec4 v0x600133141690_0;
    %store/vec4 v0x6001330f4080_0, 0, 9;
    %pushi/vec4 464, 0, 9;
    %store/vec4 v0x6001330f2c10_0, 0, 9;
    %fork TD_tb_eligibility_updater.check, S_0x60013313b7b0;
    %join;
    %free S_0x60013313b7b0;
    %alloc S_0x600133141190;
    %pushi/vec4 2, 0, 32;
    %store/vec4 v0x600133141370_0, 0, 32;
    %fork TD_tb_eligibility_updater.idle_cycles, S_0x600133141190;
    %join;
    %free S_0x600133141190;
    %vpi_call/w 3 235 "$display", "\012[%0t] TEST 4: Decay -- trace decays toward zero", $time {0 0 0};
    %alloc S_0x60013313ba30;
    %fork TD_tb_eligibility_updater.do_rst, S_0x60013313ba30;
    %join;
    %free S_0x60013313ba30;
    %alloc S_0x60013311e120;
    %pushi/vec4 1, 0, 1;
    %store/vec4 v0x6001330cd3d0_0, 0, 1;
    %pushi/vec4 0, 0, 1;
    %store/vec4 v0x6001330f9930_0, 0, 1;
    %fork TD_tb_eligibility_updater.apply_spikes, S_0x60013311e120;
    %join;
    %free S_0x60013311e120;
    %alloc S_0x60013311e120;
    %pushi/vec4 0, 0, 1;
    %store/vec4 v0x6001330cd3d0_0, 0, 1;
    %pushi/vec4 1, 0, 1;
    %store/vec4 v0x6001330f9930_0, 0, 1;
    %fork TD_tb_eligibility_updater.apply_spikes, S_0x60013311e120;
    %join;
    %free S_0x60013311e120;
    %alloc S_0x600133141190;
    %pushi/vec4 1, 0, 32;
    %store/vec4 v0x600133141370_0, 0, 32;
    %fork TD_tb_eligibility_updater.idle_cycles, S_0x600133141190;
    %join;
    %free S_0x600133141190;
    %alloc S_0x60013313b7b0;
    %pushi/str "on    | decay cycle 1: 12 \342\206\222 9";
    %store/str v0x6001330fb470_0;
    %load/vec4 v0x600133141690_0;
    %store/vec4 v0x6001330f4080_0, 0, 9;
    %pushi/vec4 9, 0, 9;
    %store/vec4 v0x6001330f2c10_0, 0, 9;
    %fork TD_tb_eligibility_updater.check, S_0x60013313b7b0;
    %join;
    %free S_0x60013313b7b0;
    %alloc S_0x600133141190;
    %pushi/vec4 1, 0, 32;
    %store/vec4 v0x600133141370_0, 0, 32;
    %fork TD_tb_eligibility_updater.idle_cycles, S_0x600133141190;
    %join;
    %free S_0x600133141190;
    %alloc S_0x60013313b7b0;
    %pushi/str "on    | decay cycle 2:  9 \342\206\222 7";
    %store/str v0x6001330fb470_0;
    %load/vec4 v0x600133141690_0;
    %store/vec4 v0x6001330f4080_0, 0, 9;
    %pushi/vec4 7, 0, 9;
    %store/vec4 v0x6001330f2c10_0, 0, 9;
    %fork TD_tb_eligibility_updater.check, S_0x60013313b7b0;
    %join;
    %free S_0x60013313b7b0;
    %alloc S_0x600133141190;
    %pushi/vec4 1, 0, 32;
    %store/vec4 v0x600133141370_0, 0, 32;
    %fork TD_tb_eligibility_updater.idle_cycles, S_0x600133141190;
    %join;
    %free S_0x600133141190;
    %alloc S_0x60013313b7b0;
    %pushi/str "on    | decay cycle 3:  7 \342\206\222 6";
    %store/str v0x6001330fb470_0;
    %load/vec4 v0x600133141690_0;
    %store/vec4 v0x6001330f4080_0, 0, 9;
    %pushi/vec4 6, 0, 9;
    %store/vec4 v0x6001330f2c10_0, 0, 9;
    %fork TD_tb_eligibility_updater.check, S_0x60013313b7b0;
    %join;
    %free S_0x60013313b7b0;
    %alloc S_0x600133141190;
    %pushi/vec4 2, 0, 32;
    %store/vec4 v0x600133141370_0, 0, 32;
    %fork TD_tb_eligibility_updater.idle_cycles, S_0x600133141190;
    %join;
    %free S_0x600133141190;
    %vpi_call/w 3 253 "$display", "\012[%0t] TEST 5: No STDP without spike history", $time {0 0 0};
    %alloc S_0x60013313ba30;
    %fork TD_tb_eligibility_updater.do_rst, S_0x60013313ba30;
    %join;
    %free S_0x60013313ba30;
    %alloc S_0x60013311e120;
    %pushi/vec4 0, 0, 1;
    %store/vec4 v0x6001330cd3d0_0, 0, 1;
    %pushi/vec4 1, 0, 1;
    %store/vec4 v0x6001330f9930_0, 0, 1;
    %fork TD_tb_eligibility_updater.apply_spikes, S_0x60013311e120;
    %join;
    %free S_0x60013311e120;
    %alloc S_0x60013313b7b0;
    %pushi/str "on    | post alone, no prior pre \342\206\222 no LTP";
    %store/str v0x6001330fb470_0;
    %load/vec4 v0x600133141690_0;
    %store/vec4 v0x6001330f4080_0, 0, 9;
    %pushi/vec4 0, 0, 9;
    %store/vec4 v0x6001330f2c10_0, 0, 9;
    %fork TD_tb_eligibility_updater.check, S_0x60013313b7b0;
    %join;
    %free S_0x60013313b7b0;
    %alloc S_0x600133141190;
    %pushi/vec4 5, 0, 32;
    %store/vec4 v0x600133141370_0, 0, 32;
    %fork TD_tb_eligibility_updater.idle_cycles, S_0x600133141190;
    %join;
    %free S_0x600133141190;
    %alloc S_0x60013311e120;
    %pushi/vec4 1, 0, 1;
    %store/vec4 v0x6001330cd3d0_0, 0, 1;
    %pushi/vec4 0, 0, 1;
    %store/vec4 v0x6001330f9930_0, 0, 1;
    %fork TD_tb_eligibility_updater.apply_spikes, S_0x60013311e120;
    %join;
    %free S_0x60013311e120;
    %alloc S_0x60013313b7b0;
    %pushi/str "on    | pre alone, no prior post \342\206\222 no LTD";
    %store/str v0x6001330fb470_0;
    %load/vec4 v0x600133141690_0;
    %store/vec4 v0x6001330f4080_0, 0, 9;
    %pushi/vec4 0, 0, 9;
    %store/vec4 v0x6001330f2c10_0, 0, 9;
    %fork TD_tb_eligibility_updater.check, S_0x60013313b7b0;
    %join;
    %free S_0x60013313b7b0;
    %alloc S_0x600133141190;
    %pushi/vec4 2, 0, 32;
    %store/vec4 v0x600133141370_0, 0, 32;
    %fork TD_tb_eligibility_updater.idle_cycles, S_0x600133141190;
    %join;
    %free S_0x600133141190;
    %vpi_call/w 3 269 "$display", "\012[%0t] TEST 6: LTP at window edge (post %0d cycles after pre)", $time, 32'sb00000000000000000000000000000100 {0 0 0};
    %alloc S_0x60013313ba30;
    %fork TD_tb_eligibility_updater.do_rst, S_0x60013313ba30;
    %join;
    %free S_0x60013313ba30;
    %alloc S_0x60013311e120;
    %pushi/vec4 1, 0, 1;
    %store/vec4 v0x6001330cd3d0_0, 0, 1;
    %pushi/vec4 0, 0, 1;
    %store/vec4 v0x6001330f9930_0, 0, 1;
    %fork TD_tb_eligibility_updater.apply_spikes, S_0x60013311e120;
    %join;
    %free S_0x60013311e120;
    %alloc S_0x600133141190;
    %pushi/vec4 3, 0, 32;
    %store/vec4 v0x600133141370_0, 0, 32;
    %fork TD_tb_eligibility_updater.idle_cycles, S_0x600133141190;
    %join;
    %free S_0x600133141190;
    %alloc S_0x60013311e120;
    %pushi/vec4 0, 0, 1;
    %store/vec4 v0x6001330cd3d0_0, 0, 1;
    %pushi/vec4 1, 0, 1;
    %store/vec4 v0x6001330f9930_0, 0, 1;
    %fork TD_tb_eligibility_updater.apply_spikes, S_0x60013311e120;
    %join;
    %free S_0x60013311e120;
    %alloc S_0x60013313b7b0;
    %pushi/str "on    | LTP at window edge";
    %store/str v0x6001330fb470_0;
    %load/vec4 v0x600133141690_0;
    %store/vec4 v0x6001330f4080_0, 0, 9;
    %pushi/vec4 12, 0, 9;
    %store/vec4 v0x6001330f2c10_0, 0, 9;
    %fork TD_tb_eligibility_updater.check, S_0x60013313b7b0;
    %join;
    %free S_0x60013313b7b0;
    %alloc S_0x600133141190;
    %pushi/vec4 2, 0, 32;
    %store/vec4 v0x600133141370_0, 0, 32;
    %fork TD_tb_eligibility_updater.idle_cycles, S_0x600133141190;
    %join;
    %free S_0x600133141190;
    %vpi_call/w 3 283 "$display", "\012[%0t] TEST 7: LTP window miss (post %0d cycles after pre)", $time, 32'sb00000000000000000000000000000101 {0 0 0};
    %alloc S_0x60013313ba30;
    %fork TD_tb_eligibility_updater.do_rst, S_0x60013313ba30;
    %join;
    %free S_0x60013313ba30;
    %alloc S_0x60013311e120;
    %pushi/vec4 1, 0, 1;
    %store/vec4 v0x6001330cd3d0_0, 0, 1;
    %pushi/vec4 0, 0, 1;
    %store/vec4 v0x6001330f9930_0, 0, 1;
    %fork TD_tb_eligibility_updater.apply_spikes, S_0x60013311e120;
    %join;
    %free S_0x60013311e120;
    %alloc S_0x600133141190;
    %pushi/vec4 4, 0, 32;
    %store/vec4 v0x600133141370_0, 0, 32;
    %fork TD_tb_eligibility_updater.idle_cycles, S_0x600133141190;
    %join;
    %free S_0x600133141190;
    %alloc S_0x60013311e120;
    %pushi/vec4 0, 0, 1;
    %store/vec4 v0x6001330cd3d0_0, 0, 1;
    %pushi/vec4 1, 0, 1;
    %store/vec4 v0x6001330f9930_0, 0, 1;
    %fork TD_tb_eligibility_updater.apply_spikes, S_0x60013311e120;
    %join;
    %free S_0x60013311e120;
    %alloc S_0x60013313b7b0;
    %pushi/str "on    | LTP window miss \342\206\222 no STDP";
    %store/str v0x6001330fb470_0;
    %load/vec4 v0x600133141690_0;
    %store/vec4 v0x6001330f4080_0, 0, 9;
    %pushi/vec4 0, 0, 9;
    %store/vec4 v0x6001330f2c10_0, 0, 9;
    %fork TD_tb_eligibility_updater.check, S_0x60013313b7b0;
    %join;
    %free S_0x60013313b7b0;
    %alloc S_0x600133141190;
    %pushi/vec4 2, 0, 32;
    %store/vec4 v0x600133141370_0, 0, 32;
    %fork TD_tb_eligibility_updater.idle_cycles, S_0x600133141190;
    %join;
    %free S_0x600133141190;
    %vpi_call/w 3 297 "$display", "\012[%0t] TEST 8: LTD at window edge (pre %0d cycles after post)", $time, 32'sb00000000000000000000000000000100 {0 0 0};
    %alloc S_0x60013313ba30;
    %fork TD_tb_eligibility_updater.do_rst, S_0x60013313ba30;
    %join;
    %free S_0x60013313ba30;
    %alloc S_0x60013311e120;
    %pushi/vec4 0, 0, 1;
    %store/vec4 v0x6001330cd3d0_0, 0, 1;
    %pushi/vec4 1, 0, 1;
    %store/vec4 v0x6001330f9930_0, 0, 1;
    %fork TD_tb_eligibility_updater.apply_spikes, S_0x60013311e120;
    %join;
    %free S_0x60013311e120;
    %alloc S_0x600133141190;
    %pushi/vec4 3, 0, 32;
    %store/vec4 v0x600133141370_0, 0, 32;
    %fork TD_tb_eligibility_updater.idle_cycles, S_0x600133141190;
    %join;
    %free S_0x600133141190;
    %alloc S_0x60013311e120;
    %pushi/vec4 1, 0, 1;
    %store/vec4 v0x6001330cd3d0_0, 0, 1;
    %pushi/vec4 0, 0, 1;
    %store/vec4 v0x6001330f9930_0, 0, 1;
    %fork TD_tb_eligibility_updater.apply_spikes, S_0x60013311e120;
    %join;
    %free S_0x60013311e120;
    %alloc S_0x60013313b7b0;
    %pushi/str "on    | LTD at window edge";
    %store/str v0x6001330fb470_0;
    %load/vec4 v0x600133141690_0;
    %store/vec4 v0x6001330f4080_0, 0, 9;
    %pushi/vec4 464, 0, 9;
    %store/vec4 v0x6001330f2c10_0, 0, 9;
    %fork TD_tb_eligibility_updater.check, S_0x60013313b7b0;
    %join;
    %free S_0x60013313b7b0;
    %alloc S_0x600133141190;
    %pushi/vec4 2, 0, 32;
    %store/vec4 v0x600133141370_0, 0, 32;
    %fork TD_tb_eligibility_updater.idle_cycles, S_0x600133141190;
    %join;
    %free S_0x600133141190;
    %vpi_call/w 3 310 "$display", "\012[%0t] TEST 9: LTD window miss (pre %0d cycles after post)", $time, 32'sb00000000000000000000000000000101 {0 0 0};
    %alloc S_0x60013313ba30;
    %fork TD_tb_eligibility_updater.do_rst, S_0x60013313ba30;
    %join;
    %free S_0x60013313ba30;
    %alloc S_0x60013311e120;
    %pushi/vec4 0, 0, 1;
    %store/vec4 v0x6001330cd3d0_0, 0, 1;
    %pushi/vec4 1, 0, 1;
    %store/vec4 v0x6001330f9930_0, 0, 1;
    %fork TD_tb_eligibility_updater.apply_spikes, S_0x60013311e120;
    %join;
    %free S_0x60013311e120;
    %alloc S_0x600133141190;
    %pushi/vec4 4, 0, 32;
    %store/vec4 v0x600133141370_0, 0, 32;
    %fork TD_tb_eligibility_updater.idle_cycles, S_0x600133141190;
    %join;
    %free S_0x600133141190;
    %alloc S_0x60013311e120;
    %pushi/vec4 1, 0, 1;
    %store/vec4 v0x6001330cd3d0_0, 0, 1;
    %pushi/vec4 0, 0, 1;
    %store/vec4 v0x6001330f9930_0, 0, 1;
    %fork TD_tb_eligibility_updater.apply_spikes, S_0x60013311e120;
    %join;
    %free S_0x60013311e120;
    %alloc S_0x60013313b7b0;
    %pushi/str "on    | LTD window miss \342\206\222 no STDP";
    %store/str v0x6001330fb470_0;
    %load/vec4 v0x600133141690_0;
    %store/vec4 v0x6001330f4080_0, 0, 9;
    %pushi/vec4 0, 0, 9;
    %store/vec4 v0x6001330f2c10_0, 0, 9;
    %fork TD_tb_eligibility_updater.check, S_0x60013313b7b0;
    %join;
    %free S_0x60013313b7b0;
    %alloc S_0x600133141190;
    %pushi/vec4 2, 0, 32;
    %store/vec4 v0x600133141370_0, 0, 32;
    %fork TD_tb_eligibility_updater.idle_cycles, S_0x600133141190;
    %join;
    %free S_0x600133141190;
    %vpi_call/w 3 324 "$display", "\012[%0t] TEST 10: MAX clamp -- LTP with DW_POS=500", $time {0 0 0};
    %alloc S_0x60013313ba30;
    %fork TD_tb_eligibility_updater.do_rst, S_0x60013313ba30;
    %join;
    %free S_0x60013313ba30;
    %alloc S_0x60013311e120;
    %pushi/vec4 1, 0, 1;
    %store/vec4 v0x6001330cd3d0_0, 0, 1;
    %pushi/vec4 0, 0, 1;
    %store/vec4 v0x6001330f9930_0, 0, 1;
    %fork TD_tb_eligibility_updater.apply_spikes, S_0x60013311e120;
    %join;
    %free S_0x60013311e120;
    %alloc S_0x60013311e120;
    %pushi/vec4 0, 0, 1;
    %store/vec4 v0x6001330cd3d0_0, 0, 1;
    %pushi/vec4 1, 0, 1;
    %store/vec4 v0x6001330f9930_0, 0, 1;
    %fork TD_tb_eligibility_updater.apply_spikes, S_0x60013311e120;
    %join;
    %free S_0x60013311e120;
    %alloc S_0x60013313b7b0;
    %pushi/str "clamp | LTP clamped to MAX_E_TRACE (255)";
    %store/str v0x6001330fb470_0;
    %load/vec4 v0x600133141530_0;
    %store/vec4 v0x6001330f4080_0, 0, 9;
    %pushi/vec4 255, 0, 9;
    %store/vec4 v0x6001330f2c10_0, 0, 9;
    %fork TD_tb_eligibility_updater.check, S_0x60013313b7b0;
    %join;
    %free S_0x60013313b7b0;
    %alloc S_0x600133141190;
    %pushi/vec4 2, 0, 32;
    %store/vec4 v0x600133141370_0, 0, 32;
    %fork TD_tb_eligibility_updater.idle_cycles, S_0x600133141190;
    %join;
    %free S_0x600133141190;
    %vpi_call/w 3 337 "$display", "\012[%0t] TEST 11: MIN clamp -- LTD with DW_NEG=500", $time {0 0 0};
    %alloc S_0x60013313ba30;
    %fork TD_tb_eligibility_updater.do_rst, S_0x60013313ba30;
    %join;
    %free S_0x60013313ba30;
    %alloc S_0x60013311e120;
    %pushi/vec4 0, 0, 1;
    %store/vec4 v0x6001330cd3d0_0, 0, 1;
    %pushi/vec4 1, 0, 1;
    %store/vec4 v0x6001330f9930_0, 0, 1;
    %fork TD_tb_eligibility_updater.apply_spikes, S_0x60013311e120;
    %join;
    %free S_0x60013311e120;
    %alloc S_0x60013311e120;
    %pushi/vec4 1, 0, 1;
    %store/vec4 v0x6001330cd3d0_0, 0, 1;
    %pushi/vec4 0, 0, 1;
    %store/vec4 v0x6001330f9930_0, 0, 1;
    %fork TD_tb_eligibility_updater.apply_spikes, S_0x60013311e120;
    %join;
    %free S_0x60013311e120;
    %alloc S_0x60013313b7b0;
    %pushi/str "clamp | LTD clamped to MIN_E_TRACE (-256)";
    %store/str v0x6001330fb470_0;
    %load/vec4 v0x600133141530_0;
    %store/vec4 v0x6001330f4080_0, 0, 9;
    %pushi/vec4 256, 0, 9;
    %store/vec4 v0x6001330f2c10_0, 0, 9;
    %fork TD_tb_eligibility_updater.check, S_0x60013313b7b0;
    %join;
    %free S_0x60013313b7b0;
    %alloc S_0x600133141190;
    %pushi/vec4 2, 0, 32;
    %store/vec4 v0x600133141370_0, 0, 32;
    %fork TD_tb_eligibility_updater.idle_cycles, S_0x600133141190;
    %join;
    %free S_0x600133141190;
    %vpi_call/w 3 347 "$display", "\012[%0t] ===== Testbench complete: %0d passed, %0d failed =====", $time, v0x600133141820_0, v0x600133141730_0 {0 0 0};
    %load/vec4 v0x600133141730_0;
    %cmpi/e 0, 0, 32;
    %jmp/0xz  T_20.0, 4;
    %vpi_call/w 3 351 "$display", "[%0t] ALL TESTS PASSED", $time {0 0 0};
    %jmp T_20.1;
T_20.0 ;
    %vpi_call/w 3 353 "$display", "[%0t] %0d TEST(S) FAILED -- see FAIL lines above", $time, v0x600133141730_0 {0 0 0};
T_20.1 ;
    %vpi_call/w 3 355 "$finish" {0 0 0};
    %end;
    .thread T_20;
    .scope S_0x6001330da370;
T_21 ;
    %vpi_call/w 3 362 "$dumpfile", "tb_eligibility_updater.vcd" {0 0 0};
    %vpi_call/w 3 363 "$dumpvars", 32'sb00000000000000000000000000000000, S_0x6001330da370 {0 0 0};
    %end;
    .thread T_21;
# The file index is used to find the file name in the following table.
:file_names 5;
    "N/A";
    "<interactive>";
    "-";
    "tb_eligibility_updater.sv";
    "eligibility_updater.sv";
