#! /usr/bin/vvp
:ivl_version "12.0 (stable)";
:ivl_delay_selection "TYPICAL";
:vpi_time_precision - 12;
:vpi_module "/usr/lib/x86_64-linux-gnu/ivl/system.vpi";
:vpi_module "/usr/lib/x86_64-linux-gnu/ivl/vhdl_sys.vpi";
:vpi_module "/usr/lib/x86_64-linux-gnu/ivl/vhdl_textio.vpi";
:vpi_module "/usr/lib/x86_64-linux-gnu/ivl/v2005_math.vpi";
:vpi_module "/usr/lib/x86_64-linux-gnu/ivl/va_math.vpi";
:vpi_module "/usr/lib/x86_64-linux-gnu/ivl/v2009.vpi";
S_0x5e912fa192b0 .scope package, "$unit" "$unit" 2 1;
 .timescale 0 0;
S_0x5e912fa1ff10 .scope module, "tb_synapse_core" "tb_synapse_core" 3 36;
 .timescale -9 -12;
P_0x5e912f9eea80 .param/l "DW_NEG" 1 3 46, +C4<00000000000000000000000001000000>;
P_0x5e912f9eeac0 .param/l "DW_POS" 1 3 45, +C4<00000000000000000000000000010000>;
P_0x5e912f9eeb00 .param/l "LR_SHIFT" 1 3 41, +C4<00000000000000000000000000000010>;
P_0x5e912f9eeb40 .param/l "TAU_E_SHIFT" 1 3 44, +C4<00000000000000000000000000000010>;
P_0x5e912f9eeb80 .param/l "T_POST" 1 3 43, +C4<00000000000000000000000000000010>;
P_0x5e912f9eebc0 .param/l "T_PRE" 1 3 42, +C4<00000000000000000000000000000010>;
P_0x5e912f9eec00 .param/l "W_MAX" 1 3 48, +C4<00000000000000000000000011111111>;
P_0x5e912f9eec40 .param/l "W_MIN" 1 3 47, +C4<00000000000000000000000000001000>;
v0x5e912fa69370_0 .net "I_syn_none", 7 0, L_0x5e912fa69ed0;  1 drivers
v0x5e912fa69450_0 .net "I_syn_rstdp", 7 0, L_0x5e912fa6a980;  1 drivers
v0x5e912fa694f0_0 .net "I_syn_stdp", 7 0, L_0x5e912fa6b5c0;  1 drivers
v0x5e912fa695f0_0 .var "clk", 0 0;
v0x5e912fa69690_0 .var/s "dopamine", 3 0;
v0x5e912fa69780_0 .var/2s "fail_count", 31 0;
v0x5e912fa69840_0 .var/2s "pass_count", 31 0;
v0x5e912fa69920_0 .var "post_spk", 0 0;
v0x5e912fa699c0_0 .var "pre_spk", 0 0;
v0x5e912fa69a60_0 .var "reward_en", 0 0;
v0x5e912fa69b00_0 .var "rst", 0 0;
v0x5e912fa69ba0_0 .net "w_next_none", 7 0, v0x5e912fa60070_0;  1 drivers
v0x5e912fa69c60_0 .net "w_next_rstdp", 7 0, v0x5e912fa64500_0;  1 drivers
v0x5e912fa69d30_0 .net "w_next_stdp", 7 0, v0x5e912fa68d40_0;  1 drivers
v0x5e912fa69e00_0 .var "w_syn", 7 0;
E_0x5e912f9cfb40 .event negedge, v0x5e912fa5dcb0_0;
S_0x5e912fa18d50 .scope autotask, "apply_inputs" "apply_inputs" 3 156, 3 156 0, S_0x5e912fa1ff10;
 .timescale -9 -12;
v0x5e912fa1b380_0 .var/s "dop_val", 3 0;
v0x5e912fa1d810_0 .var "en_val", 0 0;
v0x5e912fa102f0_0 .var "post_val", 0 0;
v0x5e912fa11aa0_0 .var "pre_val", 0 0;
v0x5e912fa13f30_0 .var "w_val", 7 0;
TD_tb_synapse_core.apply_inputs ;
    %wait E_0x5e912f9cfb40;
    %load/vec4 v0x5e912fa11aa0_0;
    %store/vec4 v0x5e912fa699c0_0, 0, 1;
    %load/vec4 v0x5e912fa102f0_0;
    %store/vec4 v0x5e912fa69920_0, 0, 1;
    %load/vec4 v0x5e912fa1b380_0;
    %store/vec4 v0x5e912fa69690_0, 0, 4;
    %load/vec4 v0x5e912fa1d810_0;
    %store/vec4 v0x5e912fa69a60_0, 0, 1;
    %load/vec4 v0x5e912fa13f30_0;
    %store/vec4 v0x5e912fa69e00_0, 0, 8;
    %wait E_0x5e912f9d0010;
    %wait E_0x5e912f9cfb40;
    %delay 1000, 0;
    %end;
S_0x5e912fa5b8a0 .scope autotask, "check_i" "check_i" 3 213, 3 213 0, S_0x5e912fa1ff10;
 .timescale -9 -12;
v0x5e912fa07ca0_0 .var "expected", 7 0;
v0x5e912fa09450_0 .var "got", 7 0;
v0x5e912fa5bb20_0 .var/str "label";
TD_tb_synapse_core.check_i ;
    %load/vec4 v0x5e912fa09450_0;
    %load/vec4 v0x5e912fa07ca0_0;
    %cmp/e;
    %jmp/0xz  T_1.0, 6;
    %vpi_call/w 3 219 "$display", "  PASS  %s : I_syn = %0d", v0x5e912fa5bb20_0, v0x5e912fa09450_0 {0 0 0};
    ; show_stmt_assign_vector: Get l-value for compressed += operand
    %load/vec4 v0x5e912fa69840_0;
    %pushi/vec4 1, 0, 32;
    %add;
    %cast2;
    %store/vec4 v0x5e912fa69840_0, 0, 32;
    %jmp T_1.1;
T_1.0 ;
    %vpi_call/w 3 222 "$display", "  FAIL  %s : got %0d, expected %0d", v0x5e912fa5bb20_0, v0x5e912fa09450_0, v0x5e912fa07ca0_0 {0 0 0};
    ; show_stmt_assign_vector: Get l-value for compressed += operand
    %load/vec4 v0x5e912fa69780_0;
    %pushi/vec4 1, 0, 32;
    %add;
    %cast2;
    %store/vec4 v0x5e912fa69780_0, 0, 32;
T_1.1 ;
    %end;
S_0x5e912fa5bbc0 .scope autotask, "check_w" "check_w" 3 199, 3 199 0, S_0x5e912fa1ff10;
 .timescale -9 -12;
v0x5e912fa5bda0_0 .var "expected", 7 0;
v0x5e912fa5be80_0 .var "got", 7 0;
v0x5e912fa5bf60_0 .var/str "label";
TD_tb_synapse_core.check_w ;
    %load/vec4 v0x5e912fa5be80_0;
    %load/vec4 v0x5e912fa5bda0_0;
    %cmp/e;
    %jmp/0xz  T_2.2, 6;
    %vpi_call/w 3 205 "$display", "  PASS  %s : w_next = %0d", v0x5e912fa5bf60_0, v0x5e912fa5be80_0 {0 0 0};
    ; show_stmt_assign_vector: Get l-value for compressed += operand
    %load/vec4 v0x5e912fa69840_0;
    %pushi/vec4 1, 0, 32;
    %add;
    %cast2;
    %store/vec4 v0x5e912fa69840_0, 0, 32;
    %jmp T_2.3;
T_2.2 ;
    %vpi_call/w 3 208 "$display", "  FAIL  %s : got %0d, expected %0d", v0x5e912fa5bf60_0, v0x5e912fa5be80_0, v0x5e912fa5bda0_0 {0 0 0};
    ; show_stmt_assign_vector: Get l-value for compressed += operand
    %load/vec4 v0x5e912fa69780_0;
    %pushi/vec4 1, 0, 32;
    %add;
    %cast2;
    %store/vec4 v0x5e912fa69780_0, 0, 32;
T_2.3 ;
    %end;
S_0x5e912fa5c000 .scope autotask, "do_rst" "do_rst" 3 184, 3 184 0, S_0x5e912fa1ff10;
 .timescale -9 -12;
TD_tb_synapse_core.do_rst ;
    %wait E_0x5e912f9cfb40;
    %pushi/vec4 1, 0, 1;
    %store/vec4 v0x5e912fa69b00_0, 0, 1;
    %pushi/vec4 0, 0, 1;
    %store/vec4 v0x5e912fa699c0_0, 0, 1;
    %pushi/vec4 0, 0, 1;
    %store/vec4 v0x5e912fa69920_0, 0, 1;
    %pushi/vec4 0, 0, 4;
    %store/vec4 v0x5e912fa69690_0, 0, 4;
    %pushi/vec4 0, 0, 1;
    %store/vec4 v0x5e912fa69a60_0, 0, 1;
    %wait E_0x5e912f9d0010;
    %wait E_0x5e912f9cfb40;
    %delay 1000, 0;
    %wait E_0x5e912f9cfb40;
    %wait E_0x5e912f9d0010;
    %wait E_0x5e912f9cfb40;
    %delay 1000, 0;
    %pushi/vec4 0, 0, 1;
    %store/vec4 v0x5e912fa69b00_0, 0, 1;
    %end;
S_0x5e912fa5c1e0 .scope module, "dut_none" "synapse_core" 3 82, 4 1 0, S_0x5e912fa1ff10;
 .timescale 0 0;
    .port_info 0 /INPUT 1 "clk";
    .port_info 1 /INPUT 1 "rst";
    .port_info 2 /INPUT 1 "pre_spk";
    .port_info 3 /INPUT 4 "dopamine";
    .port_info 4 /INPUT 1 "reward_en";
    .port_info 5 /INPUT 8 "w_syn";
    .port_info 6 /INPUT 1 "post_spk";
    .port_info 7 /OUTPUT 8 "w_next";
    .port_info 8 /OUTPUT 8 "I_syn";
P_0x5e912fa5c410 .param/l "DW_NEG" 0 4 7, +C4<00000000000000000000000001000000>;
P_0x5e912fa5c450 .param/l "DW_POS" 0 4 6, +C4<00000000000000000000000000010000>;
P_0x5e912fa5c490 .param/l "LEARNING_MODE" 0 4 10, +C4<00000000000000000000000000000000>;
P_0x5e912fa5c4d0 .param/l "LR_SHIFT" 0 4 2, +C4<00000000000000000000000000000010>;
P_0x5e912fa5c510 .param/l "TAU_E_SHIFT" 0 4 5, +C4<00000000000000000000000000000010>;
P_0x5e912fa5c550 .param/l "T_POST" 0 4 4, +C4<00000000000000000000000000000010>;
P_0x5e912fa5c590 .param/l "T_PRE" 0 4 3, +C4<00000000000000000000000000000010>;
P_0x5e912fa5c5d0 .param/l "W_MAX" 0 4 9, +C4<00000000000000000000000011111111>;
P_0x5e912fa5c610 .param/l "W_MIN" 0 4 8, +C4<00000000000000000000000000001000>;
v0x5e912fa5f1f0_0 .net "I_syn", 7 0, L_0x5e912fa69ed0;  alias, 1 drivers
L_0x7e2dca529018 .functor BUFT 1, C4<00000000>, C4<0>, C4<0>, C4<0>;
v0x5e912fa5f2f0_0 .net/2u *"_ivl_0", 7 0, L_0x7e2dca529018;  1 drivers
L_0x7e2dca5290a8 .functor BUFT 1, C4<0>, C4<0>, C4<0>, C4<0>;
v0x5e912fa5f3d0_0 .net *"_ivl_11", 0 0, L_0x7e2dca5290a8;  1 drivers
v0x5e912fa5f4c0_0 .net *"_ivl_13", 0 0, L_0x5e912fa6a4d0;  1 drivers
v0x5e912fa5f5a0_0 .net *"_ivl_14", 1 0, L_0x5e912fa6a620;  1 drivers
v0x5e912fa5f6d0_0 .net *"_ivl_16", 9 0, L_0x5e912fa6a710;  1 drivers
L_0x7e2dca529060 .functor BUFT 1, C4<0>, C4<0>, C4<0>, C4<0>;
v0x5e912fa5f7b0_0 .net/2u *"_ivl_4", 0 0, L_0x7e2dca529060;  1 drivers
v0x5e912fa5f890_0 .net *"_ivl_6", 8 0, L_0x5e912fa6a270;  1 drivers
v0x5e912fa5f970_0 .net *"_ivl_8", 9 0, L_0x5e912fa6a390;  1 drivers
v0x5e912fa5fa50_0 .net "clk", 0 0, v0x5e912fa695f0_0;  1 drivers
v0x5e912fa5faf0_0 .net/s "delta_w", 7 0, v0x5e912fa5ed20_0;  1 drivers
v0x5e912fa5fbb0_0 .net/s "dopamine", 3 0, v0x5e912fa69690_0;  1 drivers
v0x5e912fa5fc50_0 .net/s "elig_trace", 8 0, L_0x5e912fa13e10;  1 drivers
v0x5e912fa5fd40_0 .net "post_spk", 0 0, v0x5e912fa69920_0;  1 drivers
v0x5e912fa5fde0_0 .net "pre_spk", 0 0, v0x5e912fa699c0_0;  1 drivers
v0x5e912fa5feb0_0 .net "reward_en", 0 0, v0x5e912fa69a60_0;  1 drivers
v0x5e912fa5ff80_0 .net "rst", 0 0, v0x5e912fa69b00_0;  1 drivers
v0x5e912fa60070_0 .var "w_next", 7 0;
v0x5e912fa60110_0 .net/s "w_sum", 9 0, L_0x5e912fa6a840;  1 drivers
v0x5e912fa601d0_0 .net "w_syn", 7 0, v0x5e912fa69e00_0;  1 drivers
E_0x5e912f9cef90 .event anyedge, v0x5e912fa60110_0, v0x5e912fa60110_0;
L_0x5e912fa69ed0 .functor MUXZ 8, L_0x7e2dca529018, v0x5e912fa69e00_0, v0x5e912fa699c0_0, C4<>;
L_0x5e912fa6a270 .concat [ 8 1 0 0], v0x5e912fa69e00_0, L_0x7e2dca529060;
L_0x5e912fa6a390 .concat [ 9 1 0 0], L_0x5e912fa6a270, L_0x7e2dca5290a8;
L_0x5e912fa6a4d0 .part v0x5e912fa5ed20_0, 7, 1;
L_0x5e912fa6a620 .concat [ 1 1 0 0], L_0x5e912fa6a4d0, L_0x5e912fa6a4d0;
L_0x5e912fa6a710 .concat [ 8 2 0 0], v0x5e912fa5ed20_0, L_0x5e912fa6a620;
L_0x5e912fa6a840 .arith/sum 10, L_0x5e912fa6a390, L_0x5e912fa6a710;
S_0x5e912fa5cbc0 .scope module, "elig_upd" "eligibility_updater" 4 40, 5 1 0, S_0x5e912fa5c1e0;
 .timescale 0 0;
    .port_info 0 /INPUT 1 "clk";
    .port_info 1 /INPUT 1 "pre_spk";
    .port_info 2 /INPUT 1 "post_spk";
    .port_info 3 /INPUT 1 "rst";
    .port_info 4 /OUTPUT 9 "elig_trace";
P_0x5e912fa5cdc0 .param/l "DISABLED" 1 5 18, +C4<11111111111111111111111111111111>;
P_0x5e912fa5ce00 .param/l "DW_NEG" 0 5 6, +C4<00000000000000000000000001000000>;
P_0x5e912fa5ce40 .param/l "DW_POS" 0 5 5, +C4<00000000000000000000000000010000>;
P_0x5e912fa5ce80 .param/l "LEARNING_MODE" 0 5 7, +C4<00000000000000000000000000000000>;
P_0x5e912fa5cec0 .param/l "MAX_E_TRACE" 0 5 8, +C4<00000000000000000000000011111111>;
P_0x5e912fa5cf00 .param/l "MIN_E_TRACE" 0 5 9, +C4<11111111111111111111111100000000>;
P_0x5e912fa5cf40 .param/l "TAU_E_SHIFT" 0 5 4, +C4<00000000000000000000000000000010>;
P_0x5e912fa5cf80 .param/l "T_POST" 0 5 3, +C4<00000000000000000000000000000010>;
P_0x5e912fa5cfc0 .param/l "T_PRE" 0 5 2, +C4<00000000000000000000000000000010>;
L_0x5e912fa1b1e0 .functor NOT 1, v0x5e912fa5e5f0_0, C4<0>, C4<0>, C4<0>;
L_0x5e912fa1d6f0 .functor AND 1, v0x5e912fa699c0_0, L_0x5e912fa1b1e0, C4<1>, C4<1>;
L_0x5e912fa101d0 .functor NOT 1, v0x5e912fa5e2d0_0, C4<0>, C4<0>, C4<0>;
L_0x5e912fa11900 .functor AND 1, v0x5e912fa69920_0, L_0x5e912fa101d0, C4<1>, C4<1>;
L_0x5e912fa13e10 .functor BUFZ 9, v0x5e912fa5df90_0, C4<000000000>, C4<000000000>, C4<000000000>;
v0x5e912fa5db10_0 .net *"_ivl_0", 0 0, L_0x5e912fa1b1e0;  1 drivers
v0x5e912fa5dbd0_0 .net *"_ivl_4", 0 0, L_0x5e912fa101d0;  1 drivers
v0x5e912fa5dcb0_0 .net "clk", 0 0, v0x5e912fa695f0_0;  alias, 1 drivers
v0x5e912fa5dd80_0 .var/s "e_comb", 10 0;
v0x5e912fa5de60_0 .var/s "e_next", 10 0;
v0x5e912fa5df90_0 .var/s "e_trace", 8 0;
v0x5e912fa5e070_0 .net/s "elig_trace", 8 0, L_0x5e912fa13e10;  alias, 1 drivers
v0x5e912fa5e150_0 .net "post_edge", 0 0, L_0x5e912fa11900;  1 drivers
v0x5e912fa5e210_0 .net "post_spk", 0 0, v0x5e912fa69920_0;  alias, 1 drivers
v0x5e912fa5e2d0_0 .var "post_spk_r", 0 0;
v0x5e912fa5e390_0 .var/s "post_timer", 4 0;
v0x5e912fa5e470_0 .net "pre_edge", 0 0, L_0x5e912fa1d6f0;  1 drivers
v0x5e912fa5e530_0 .net "pre_spk", 0 0, v0x5e912fa699c0_0;  alias, 1 drivers
v0x5e912fa5e5f0_0 .var "pre_spk_r", 0 0;
v0x5e912fa5e6b0_0 .var/s "pre_timer", 4 0;
v0x5e912fa5e790_0 .net "rst", 0 0, v0x5e912fa69b00_0;  alias, 1 drivers
E_0x5e912f9d0010 .event posedge, v0x5e912fa5dcb0_0;
S_0x5e912fa5d500 .scope begin, "e_next_calc" "e_next_calc" 5 68, 5 68 0, S_0x5e912fa5cbc0;
 .timescale 0 0;
S_0x5e912fa5d700 .scope begin, "eligibility_update" "eligibility_update" 5 85, 5 85 0, S_0x5e912fa5cbc0;
 .timescale 0 0;
S_0x5e912fa5d900 .scope begin, "timer_block" "timer_block" 5 43, 5 43 0, S_0x5e912fa5cbc0;
 .timescale 0 0;
S_0x5e912fa5e8f0 .scope module, "reward_app" "apply_reward" 4 52, 6 1 0, S_0x5e912fa5c1e0;
 .timescale 0 0;
    .port_info 0 /INPUT 1 "clk";
    .port_info 1 /INPUT 1 "rst";
    .port_info 2 /INPUT 4 "dopamine";
    .port_info 3 /INPUT 9 "elig_trace";
    .port_info 4 /INPUT 1 "reward_en";
    .port_info 5 /OUTPUT 8 "delta_w";
P_0x5e912fa3d9c0 .param/l "LEARNING_MODE" 0 6 3, +C4<00000000000000000000000000000000>;
P_0x5e912fa3da00 .param/l "LR_SHIFT" 0 6 2, +C4<00000000000000000000000000000010>;
v0x5e912fa5ec30_0 .net "clk", 0 0, v0x5e912fa695f0_0;  alias, 1 drivers
v0x5e912fa5ed20_0 .var/s "delta_w", 7 0;
v0x5e912fa5ede0_0 .net/s "dopamine", 3 0, v0x5e912fa69690_0;  alias, 1 drivers
v0x5e912fa5eed0_0 .net/s "elig_trace", 8 0, L_0x5e912fa13e10;  alias, 1 drivers
v0x5e912fa5efc0_0 .net "reward_en", 0 0, v0x5e912fa69a60_0;  alias, 1 drivers
v0x5e912fa5f0b0_0 .net "rst", 0 0, v0x5e912fa69b00_0;  alias, 1 drivers
E_0x5e912fa40380 .event anyedge, v0x5e912fa5efc0_0;
S_0x5e912fa60420 .scope module, "dut_rstdp" "synapse_core" 3 104, 4 1 0, S_0x5e912fa1ff10;
 .timescale 0 0;
    .port_info 0 /INPUT 1 "clk";
    .port_info 1 /INPUT 1 "rst";
    .port_info 2 /INPUT 1 "pre_spk";
    .port_info 3 /INPUT 4 "dopamine";
    .port_info 4 /INPUT 1 "reward_en";
    .port_info 5 /INPUT 8 "w_syn";
    .port_info 6 /INPUT 1 "post_spk";
    .port_info 7 /OUTPUT 8 "w_next";
    .port_info 8 /OUTPUT 8 "I_syn";
P_0x5e912fa605b0 .param/l "DW_NEG" 0 4 7, +C4<00000000000000000000000001000000>;
P_0x5e912fa605f0 .param/l "DW_POS" 0 4 6, +C4<00000000000000000000000000010000>;
P_0x5e912fa60630 .param/l "LEARNING_MODE" 0 4 10, +C4<00000000000000000000000000000001>;
P_0x5e912fa60670 .param/l "LR_SHIFT" 0 4 2, +C4<00000000000000000000000000000010>;
P_0x5e912fa606b0 .param/l "TAU_E_SHIFT" 0 4 5, +C4<00000000000000000000000000000010>;
P_0x5e912fa606f0 .param/l "T_POST" 0 4 4, +C4<00000000000000000000000000000010>;
P_0x5e912fa60730 .param/l "T_PRE" 0 4 3, +C4<00000000000000000000000000000010>;
P_0x5e912fa60770 .param/l "W_MAX" 0 4 9, +C4<00000000000000000000000011111111>;
P_0x5e912fa607b0 .param/l "W_MIN" 0 4 8, +C4<00000000000000000000000000001000>;
v0x5e912fa63750_0 .net "I_syn", 7 0, L_0x5e912fa6a980;  alias, 1 drivers
L_0x7e2dca5290f0 .functor BUFT 1, C4<00000000>, C4<0>, C4<0>, C4<0>;
v0x5e912fa63850_0 .net/2u *"_ivl_0", 7 0, L_0x7e2dca5290f0;  1 drivers
L_0x7e2dca529180 .functor BUFT 1, C4<0>, C4<0>, C4<0>, C4<0>;
v0x5e912fa63930_0 .net *"_ivl_11", 0 0, L_0x7e2dca529180;  1 drivers
v0x5e912fa639f0_0 .net *"_ivl_13", 0 0, L_0x5e912fa6b0d0;  1 drivers
v0x5e912fa63ad0_0 .net *"_ivl_14", 1 0, L_0x5e912fa6b1f0;  1 drivers
v0x5e912fa63bb0_0 .net *"_ivl_16", 9 0, L_0x5e912fa6b2e0;  1 drivers
L_0x7e2dca529138 .functor BUFT 1, C4<0>, C4<0>, C4<0>, C4<0>;
v0x5e912fa63c90_0 .net/2u *"_ivl_4", 0 0, L_0x7e2dca529138;  1 drivers
v0x5e912fa63d70_0 .net *"_ivl_6", 8 0, L_0x5e912fa6aea0;  1 drivers
v0x5e912fa63e50_0 .net *"_ivl_8", 9 0, L_0x5e912fa6af90;  1 drivers
v0x5e912fa63fc0_0 .net "clk", 0 0, v0x5e912fa695f0_0;  alias, 1 drivers
v0x5e912fa64060_0 .net/s "delta_w", 7 0, v0x5e912fa630e0_0;  1 drivers
v0x5e912fa64120_0 .net/s "dopamine", 3 0, v0x5e912fa69690_0;  alias, 1 drivers
v0x5e912fa641c0_0 .net/s "elig_trace", 8 0, L_0x5e912fa6adb0;  1 drivers
v0x5e912fa64280_0 .net "post_spk", 0 0, v0x5e912fa69920_0;  alias, 1 drivers
v0x5e912fa64320_0 .net "pre_spk", 0 0, v0x5e912fa699c0_0;  alias, 1 drivers
v0x5e912fa643c0_0 .net "reward_en", 0 0, v0x5e912fa69a60_0;  alias, 1 drivers
v0x5e912fa64460_0 .net "rst", 0 0, v0x5e912fa69b00_0;  alias, 1 drivers
v0x5e912fa64500_0 .var "w_next", 7 0;
v0x5e912fa645e0_0 .net/s "w_sum", 9 0, L_0x5e912fa6b410;  1 drivers
v0x5e912fa646c0_0 .net "w_syn", 7 0, v0x5e912fa69e00_0;  alias, 1 drivers
E_0x5e912f9ae740 .event anyedge, v0x5e912fa645e0_0, v0x5e912fa645e0_0;
L_0x5e912fa6a980 .functor MUXZ 8, L_0x7e2dca5290f0, v0x5e912fa69e00_0, v0x5e912fa699c0_0, C4<>;
L_0x5e912fa6aea0 .concat [ 8 1 0 0], v0x5e912fa69e00_0, L_0x7e2dca529138;
L_0x5e912fa6af90 .concat [ 9 1 0 0], L_0x5e912fa6aea0, L_0x7e2dca529180;
L_0x5e912fa6b0d0 .part v0x5e912fa630e0_0, 7, 1;
L_0x5e912fa6b1f0 .concat [ 1 1 0 0], L_0x5e912fa6b0d0, L_0x5e912fa6b0d0;
L_0x5e912fa6b2e0 .concat [ 8 2 0 0], v0x5e912fa630e0_0, L_0x5e912fa6b1f0;
L_0x5e912fa6b410 .arith/sum 10, L_0x5e912fa6af90, L_0x5e912fa6b2e0;
S_0x5e912fa60dc0 .scope module, "elig_upd" "eligibility_updater" 4 40, 5 1 0, S_0x5e912fa60420;
 .timescale 0 0;
    .port_info 0 /INPUT 1 "clk";
    .port_info 1 /INPUT 1 "pre_spk";
    .port_info 2 /INPUT 1 "post_spk";
    .port_info 3 /INPUT 1 "rst";
    .port_info 4 /OUTPUT 9 "elig_trace";
P_0x5e912fa60fc0 .param/l "DISABLED" 1 5 18, +C4<11111111111111111111111111111111>;
P_0x5e912fa61000 .param/l "DW_NEG" 0 5 6, +C4<00000000000000000000000001000000>;
P_0x5e912fa61040 .param/l "DW_POS" 0 5 5, +C4<00000000000000000000000000010000>;
P_0x5e912fa61080 .param/l "LEARNING_MODE" 0 5 7, +C4<00000000000000000000000000000001>;
P_0x5e912fa610c0 .param/l "MAX_E_TRACE" 0 5 8, +C4<00000000000000000000000011111111>;
P_0x5e912fa61100 .param/l "MIN_E_TRACE" 0 5 9, +C4<11111111111111111111111100000000>;
P_0x5e912fa61140 .param/l "TAU_E_SHIFT" 0 5 4, +C4<00000000000000000000000000000010>;
P_0x5e912fa61180 .param/l "T_POST" 0 5 3, +C4<00000000000000000000000000000010>;
P_0x5e912fa611c0 .param/l "T_PRE" 0 5 2, +C4<00000000000000000000000000000010>;
L_0x5e912fa07b80 .functor NOT 1, v0x5e912fa62830_0, C4<0>, C4<0>, C4<0>;
L_0x5e912fa092b0 .functor AND 1, v0x5e912fa699c0_0, L_0x5e912fa07b80, C4<1>, C4<1>;
L_0x5e912fa6ab10 .functor NOT 1, v0x5e912fa624e0_0, C4<0>, C4<0>, C4<0>;
L_0x5e912fa6ab80 .functor AND 1, v0x5e912fa69920_0, L_0x5e912fa6ab10, C4<1>, C4<1>;
L_0x5e912fa6adb0 .functor BUFZ 9, v0x5e912fa621c0_0, C4<000000000>, C4<000000000>, C4<000000000>;
v0x5e912fa61d60_0 .net *"_ivl_0", 0 0, L_0x5e912fa07b80;  1 drivers
v0x5e912fa61e20_0 .net *"_ivl_4", 0 0, L_0x5e912fa6ab10;  1 drivers
v0x5e912fa61f00_0 .net "clk", 0 0, v0x5e912fa695f0_0;  alias, 1 drivers
v0x5e912fa61fd0_0 .var/s "e_comb", 10 0;
v0x5e912fa62090_0 .var/s "e_next", 10 0;
v0x5e912fa621c0_0 .var/s "e_trace", 8 0;
v0x5e912fa622a0_0 .net/s "elig_trace", 8 0, L_0x5e912fa6adb0;  alias, 1 drivers
v0x5e912fa62380_0 .net "post_edge", 0 0, L_0x5e912fa6ab80;  1 drivers
v0x5e912fa62440_0 .net "post_spk", 0 0, v0x5e912fa69920_0;  alias, 1 drivers
v0x5e912fa624e0_0 .var "post_spk_r", 0 0;
v0x5e912fa625a0_0 .var/s "post_timer", 4 0;
v0x5e912fa62680_0 .net "pre_edge", 0 0, L_0x5e912fa092b0;  1 drivers
v0x5e912fa62740_0 .net "pre_spk", 0 0, v0x5e912fa699c0_0;  alias, 1 drivers
v0x5e912fa62830_0 .var "pre_spk_r", 0 0;
v0x5e912fa628f0_0 .var/s "pre_timer", 4 0;
v0x5e912fa629d0_0 .net "rst", 0 0, v0x5e912fa69b00_0;  alias, 1 drivers
E_0x5e912fa616c0/0 .event anyedge, v0x5e912fa621c0_0, v0x5e912fa62680_0, v0x5e912fa625a0_0, v0x5e912fa62380_0;
E_0x5e912fa616c0/1 .event anyedge, v0x5e912fa628f0_0;
E_0x5e912fa616c0 .event/or E_0x5e912fa616c0/0, E_0x5e912fa616c0/1;
S_0x5e912fa61750 .scope begin, "e_next_calc" "e_next_calc" 5 68, 5 68 0, S_0x5e912fa60dc0;
 .timescale 0 0;
S_0x5e912fa61950 .scope begin, "eligibility_update" "eligibility_update" 5 85, 5 85 0, S_0x5e912fa60dc0;
 .timescale 0 0;
S_0x5e912fa61b50 .scope begin, "timer_block" "timer_block" 5 43, 5 43 0, S_0x5e912fa60dc0;
 .timescale 0 0;
S_0x5e912fa62b10 .scope module, "reward_app" "apply_reward" 4 52, 6 1 0, S_0x5e912fa60420;
 .timescale 0 0;
    .port_info 0 /INPUT 1 "clk";
    .port_info 1 /INPUT 1 "rst";
    .port_info 2 /INPUT 4 "dopamine";
    .port_info 3 /INPUT 9 "elig_trace";
    .port_info 4 /INPUT 1 "reward_en";
    .port_info 5 /OUTPUT 8 "delta_w";
P_0x5e912fa62d10 .param/l "LEARNING_MODE" 0 6 3, +C4<00000000000000000000000000000001>;
P_0x5e912fa62d50 .param/l "LR_SHIFT" 0 6 2, +C4<00000000000000000000000000000010>;
v0x5e912fa63020_0 .net "clk", 0 0, v0x5e912fa695f0_0;  alias, 1 drivers
v0x5e912fa630e0_0 .var/s "delta_w", 7 0;
v0x5e912fa631c0_0 .net/s "dopamine", 3 0, v0x5e912fa69690_0;  alias, 1 drivers
v0x5e912fa63260_0 .net/s "elig_trace", 8 0, L_0x5e912fa6adb0;  alias, 1 drivers
v0x5e912fa63320_0 .var/s "product", 12 0;
v0x5e912fa63430_0 .net "reward_en", 0 0, v0x5e912fa69a60_0;  alias, 1 drivers
v0x5e912fa63520_0 .net "rst", 0 0, v0x5e912fa69b00_0;  alias, 1 drivers
E_0x5e912fa62fb0 .event anyedge, v0x5e912fa5efc0_0, v0x5e912fa622a0_0, v0x5e912fa5ede0_0, v0x5e912fa63320_0;
S_0x5e912fa648d0 .scope module, "dut_stdp" "synapse_core" 3 126, 4 1 0, S_0x5e912fa1ff10;
 .timescale 0 0;
    .port_info 0 /INPUT 1 "clk";
    .port_info 1 /INPUT 1 "rst";
    .port_info 2 /INPUT 1 "pre_spk";
    .port_info 3 /INPUT 4 "dopamine";
    .port_info 4 /INPUT 1 "reward_en";
    .port_info 5 /INPUT 8 "w_syn";
    .port_info 6 /INPUT 1 "post_spk";
    .port_info 7 /OUTPUT 8 "w_next";
    .port_info 8 /OUTPUT 8 "I_syn";
P_0x5e912fa64a60 .param/l "DW_NEG" 0 4 7, +C4<00000000000000000000000001000000>;
P_0x5e912fa64aa0 .param/l "DW_POS" 0 4 6, +C4<00000000000000000000000000010000>;
P_0x5e912fa64ae0 .param/l "LEARNING_MODE" 0 4 10, +C4<00000000000000000000000000000010>;
P_0x5e912fa64b20 .param/l "LR_SHIFT" 0 4 2, +C4<00000000000000000000000000000010>;
P_0x5e912fa64b60 .param/l "TAU_E_SHIFT" 0 4 5, +C4<00000000000000000000000000000010>;
P_0x5e912fa64ba0 .param/l "T_POST" 0 4 4, +C4<00000000000000000000000000000010>;
P_0x5e912fa64be0 .param/l "T_PRE" 0 4 3, +C4<00000000000000000000000000000010>;
P_0x5e912fa64c20 .param/l "W_MAX" 0 4 9, +C4<00000000000000000000000011111111>;
P_0x5e912fa64c60 .param/l "W_MIN" 0 4 8, +C4<00000000000000000000000000001000>;
v0x5e912fa67c60_0 .net "I_syn", 7 0, L_0x5e912fa6b5c0;  alias, 1 drivers
L_0x7e2dca5291c8 .functor BUFT 1, C4<00000000>, C4<0>, C4<0>, C4<0>;
v0x5e912fa67d60_0 .net/2u *"_ivl_0", 7 0, L_0x7e2dca5291c8;  1 drivers
L_0x7e2dca529258 .functor BUFT 1, C4<0>, C4<0>, C4<0>, C4<0>;
v0x5e912fa67e40_0 .net *"_ivl_11", 0 0, L_0x7e2dca529258;  1 drivers
v0x5e912fa67f00_0 .net *"_ivl_13", 0 0, L_0x5e912fa6bd60;  1 drivers
v0x5e912fa67fe0_0 .net *"_ivl_14", 1 0, L_0x5e912fa6be30;  1 drivers
v0x5e912fa680c0_0 .net *"_ivl_16", 9 0, L_0x5e912fa6bf20;  1 drivers
L_0x7e2dca529210 .functor BUFT 1, C4<0>, C4<0>, C4<0>, C4<0>;
v0x5e912fa681a0_0 .net/2u *"_ivl_4", 0 0, L_0x7e2dca529210;  1 drivers
v0x5e912fa68280_0 .net *"_ivl_6", 8 0, L_0x5e912fa6bb00;  1 drivers
v0x5e912fa68360_0 .net *"_ivl_8", 9 0, L_0x5e912fa6bc20;  1 drivers
v0x5e912fa684d0_0 .net "clk", 0 0, v0x5e912fa695f0_0;  alias, 1 drivers
v0x5e912fa68680_0 .net/s "delta_w", 7 0, v0x5e912fa67630_0;  1 drivers
v0x5e912fa68740_0 .net/s "dopamine", 3 0, v0x5e912fa69690_0;  alias, 1 drivers
v0x5e912fa687e0_0 .net/s "elig_trace", 8 0, L_0x5e912fa6ba60;  1 drivers
v0x5e912fa688a0_0 .net "post_spk", 0 0, v0x5e912fa69920_0;  alias, 1 drivers
v0x5e912fa68940_0 .net "pre_spk", 0 0, v0x5e912fa699c0_0;  alias, 1 drivers
v0x5e912fa689e0_0 .net "reward_en", 0 0, v0x5e912fa69a60_0;  alias, 1 drivers
v0x5e912fa68a80_0 .net "rst", 0 0, v0x5e912fa69b00_0;  alias, 1 drivers
v0x5e912fa68d40_0 .var "w_next", 7 0;
v0x5e912fa68e20_0 .net/s "w_sum", 9 0, L_0x5e912fa6c050;  1 drivers
v0x5e912fa68f00_0 .net "w_syn", 7 0, v0x5e912fa69e00_0;  alias, 1 drivers
E_0x5e912fa62ed0 .event anyedge, v0x5e912fa68e20_0, v0x5e912fa68e20_0;
L_0x5e912fa6b5c0 .functor MUXZ 8, L_0x7e2dca5291c8, v0x5e912fa69e00_0, v0x5e912fa699c0_0, C4<>;
L_0x5e912fa6bb00 .concat [ 8 1 0 0], v0x5e912fa69e00_0, L_0x7e2dca529210;
L_0x5e912fa6bc20 .concat [ 9 1 0 0], L_0x5e912fa6bb00, L_0x7e2dca529258;
L_0x5e912fa6bd60 .part v0x5e912fa67630_0, 7, 1;
L_0x5e912fa6be30 .concat [ 1 1 0 0], L_0x5e912fa6bd60, L_0x5e912fa6bd60;
L_0x5e912fa6bf20 .concat [ 8 2 0 0], v0x5e912fa67630_0, L_0x5e912fa6be30;
L_0x5e912fa6c050 .arith/sum 10, L_0x5e912fa6bc20, L_0x5e912fa6bf20;
S_0x5e912fa65270 .scope module, "elig_upd" "eligibility_updater" 4 40, 5 1 0, S_0x5e912fa648d0;
 .timescale 0 0;
    .port_info 0 /INPUT 1 "clk";
    .port_info 1 /INPUT 1 "pre_spk";
    .port_info 2 /INPUT 1 "post_spk";
    .port_info 3 /INPUT 1 "rst";
    .port_info 4 /OUTPUT 9 "elig_trace";
P_0x5e912fa65470 .param/l "DISABLED" 1 5 18, +C4<11111111111111111111111111111111>;
P_0x5e912fa654b0 .param/l "DW_NEG" 0 5 6, +C4<00000000000000000000000001000000>;
P_0x5e912fa654f0 .param/l "DW_POS" 0 5 5, +C4<00000000000000000000000000010000>;
P_0x5e912fa65530 .param/l "LEARNING_MODE" 0 5 7, +C4<00000000000000000000000000000010>;
P_0x5e912fa65570 .param/l "MAX_E_TRACE" 0 5 8, +C4<00000000000000000000000011111111>;
P_0x5e912fa655b0 .param/l "MIN_E_TRACE" 0 5 9, +C4<11111111111111111111111100000000>;
P_0x5e912fa655f0 .param/l "TAU_E_SHIFT" 0 5 4, +C4<00000000000000000000000000000010>;
P_0x5e912fa65630 .param/l "T_POST" 0 5 3, +C4<00000000000000000000000000000010>;
P_0x5e912fa65670 .param/l "T_PRE" 0 5 2, +C4<00000000000000000000000000000010>;
L_0x5e912fa6b4b0 .functor NOT 1, v0x5e912fa66db0_0, C4<0>, C4<0>, C4<0>;
L_0x5e912fa6b810 .functor AND 1, v0x5e912fa699c0_0, L_0x5e912fa6b4b0, C4<1>, C4<1>;
L_0x5e912fa6b8d0 .functor NOT 1, v0x5e912fa66a20_0, C4<0>, C4<0>, C4<0>;
L_0x5e912fa6b940 .functor AND 1, v0x5e912fa69920_0, L_0x5e912fa6b8d0, C4<1>, C4<1>;
L_0x5e912fa6ba60 .functor BUFZ 9, v0x5e912fa66670_0, C4<000000000>, C4<000000000>, C4<000000000>;
v0x5e912fa66210_0 .net *"_ivl_0", 0 0, L_0x5e912fa6b4b0;  1 drivers
v0x5e912fa662d0_0 .net *"_ivl_4", 0 0, L_0x5e912fa6b8d0;  1 drivers
v0x5e912fa663b0_0 .net "clk", 0 0, v0x5e912fa695f0_0;  alias, 1 drivers
v0x5e912fa66480_0 .var/s "e_comb", 10 0;
v0x5e912fa66540_0 .var/s "e_next", 10 0;
v0x5e912fa66670_0 .var/s "e_trace", 8 0;
v0x5e912fa66750_0 .net/s "elig_trace", 8 0, L_0x5e912fa6ba60;  alias, 1 drivers
v0x5e912fa66830_0 .net "post_edge", 0 0, L_0x5e912fa6b940;  1 drivers
v0x5e912fa668f0_0 .net "post_spk", 0 0, v0x5e912fa69920_0;  alias, 1 drivers
v0x5e912fa66a20_0 .var "post_spk_r", 0 0;
v0x5e912fa66ae0_0 .var/s "post_timer", 4 0;
v0x5e912fa66bc0_0 .net "pre_edge", 0 0, L_0x5e912fa6b810;  1 drivers
v0x5e912fa66c80_0 .net "pre_spk", 0 0, v0x5e912fa699c0_0;  alias, 1 drivers
v0x5e912fa66db0_0 .var "pre_spk_r", 0 0;
v0x5e912fa66e70_0 .var/s "pre_timer", 4 0;
v0x5e912fa66f50_0 .net "rst", 0 0, v0x5e912fa69b00_0;  alias, 1 drivers
E_0x5e912fa65b70/0 .event anyedge, v0x5e912fa66670_0, v0x5e912fa66bc0_0, v0x5e912fa66ae0_0, v0x5e912fa66830_0;
E_0x5e912fa65b70/1 .event anyedge, v0x5e912fa66e70_0;
E_0x5e912fa65b70 .event/or E_0x5e912fa65b70/0, E_0x5e912fa65b70/1;
S_0x5e912fa65c00 .scope begin, "e_next_calc" "e_next_calc" 5 68, 5 68 0, S_0x5e912fa65270;
 .timescale 0 0;
S_0x5e912fa65e00 .scope begin, "eligibility_update" "eligibility_update" 5 85, 5 85 0, S_0x5e912fa65270;
 .timescale 0 0;
S_0x5e912fa66000 .scope begin, "timer_block" "timer_block" 5 43, 5 43 0, S_0x5e912fa65270;
 .timescale 0 0;
S_0x5e912fa67090 .scope module, "reward_app" "apply_reward" 4 52, 6 1 0, S_0x5e912fa648d0;
 .timescale 0 0;
    .port_info 0 /INPUT 1 "clk";
    .port_info 1 /INPUT 1 "rst";
    .port_info 2 /INPUT 4 "dopamine";
    .port_info 3 /INPUT 9 "elig_trace";
    .port_info 4 /INPUT 1 "reward_en";
    .port_info 5 /OUTPUT 8 "delta_w";
P_0x5e912fa67240 .param/l "LEARNING_MODE" 0 6 3, +C4<00000000000000000000000000000010>;
P_0x5e912fa67280 .param/l "LR_SHIFT" 0 6 2, +C4<00000000000000000000000000000010>;
v0x5e912fa67570_0 .net "clk", 0 0, v0x5e912fa695f0_0;  alias, 1 drivers
v0x5e912fa67630_0 .var/s "delta_w", 7 0;
v0x5e912fa67710_0 .net/s "dopamine", 3 0, v0x5e912fa69690_0;  alias, 1 drivers
v0x5e912fa677e0_0 .net/s "elig_trace", 8 0, L_0x5e912fa6ba60;  alias, 1 drivers
v0x5e912fa678d0_0 .var/s "product", 12 0;
v0x5e912fa67990_0 .net "reward_en", 0 0, v0x5e912fa69a60_0;  alias, 1 drivers
v0x5e912fa67ac0_0 .net "rst", 0 0, v0x5e912fa69b00_0;  alias, 1 drivers
E_0x5e912fa67510 .event anyedge, v0x5e912fa5efc0_0, v0x5e912fa66750_0, v0x5e912fa678d0_0;
S_0x5e912fa690e0 .scope autotask, "idle_cycles" "idle_cycles" 3 177, 3 177 0, S_0x5e912fa1ff10;
 .timescale -9 -12;
v0x5e912fa69270_0 .var/2s "n", 31 0;
TD_tb_synapse_core.idle_cycles ;
    %load/vec4 v0x5e912fa69270_0;
T_4.4 %dup/vec4;
    %pushi/vec4 0, 0, 32;
    %cmp/s;
    %jmp/1xz T_4.5, 5;
    %jmp/1 T_4.5, 4;
    %pushi/vec4 1, 0, 32;
    %sub;
    %alloc S_0x5e912fa18d50;
    %pushi/vec4 0, 0, 1;
    %store/vec4 v0x5e912fa11aa0_0, 0, 1;
    %pushi/vec4 0, 0, 1;
    %store/vec4 v0x5e912fa102f0_0, 0, 1;
    %pushi/vec4 0, 0, 4;
    %store/vec4 v0x5e912fa1b380_0, 0, 4;
    %pushi/vec4 0, 0, 1;
    %store/vec4 v0x5e912fa1d810_0, 0, 1;
    %load/vec4 v0x5e912fa69e00_0;
    %store/vec4 v0x5e912fa13f30_0, 0, 8;
    %fork TD_tb_synapse_core.apply_inputs, S_0x5e912fa18d50;
    %join;
    %free S_0x5e912fa18d50;
    %jmp T_4.4;
T_4.5 ;
    %pop/vec4 1;
    %end;
    .scope S_0x5e912fa5cbc0;
T_5 ;
    %wait E_0x5e912f9d0010;
    %load/vec4 v0x5e912fa5e790_0;
    %flag_set/vec4 8;
    %jmp/0xz  T_5.0, 8;
    %pushi/vec4 0, 0, 1;
    %assign/vec4 v0x5e912fa5e5f0_0, 0;
    %pushi/vec4 0, 0, 1;
    %assign/vec4 v0x5e912fa5e2d0_0, 0;
    %jmp T_5.1;
T_5.0 ;
    %load/vec4 v0x5e912fa5e530_0;
    %assign/vec4 v0x5e912fa5e5f0_0, 0;
    %load/vec4 v0x5e912fa5e210_0;
    %assign/vec4 v0x5e912fa5e2d0_0, 0;
T_5.1 ;
    %jmp T_5;
    .thread T_5;
    .scope S_0x5e912fa5cbc0;
T_6 ;
    %wait E_0x5e912f9d0010;
    %fork t_1, S_0x5e912fa5d900;
    %jmp t_0;
    .scope S_0x5e912fa5d900;
t_1 ;
    %load/vec4 v0x5e912fa5e790_0;
    %flag_set/vec4 8;
    %jmp/0xz  T_6.0, 8;
    %pushi/vec4 31, 0, 5;
    %assign/vec4 v0x5e912fa5e6b0_0, 0;
    %pushi/vec4 31, 0, 5;
    %assign/vec4 v0x5e912fa5e390_0, 0;
    %jmp T_6.1;
T_6.0 ;
    %load/vec4 v0x5e912fa5e470_0;
    %flag_set/vec4 8;
    %jmp/0xz  T_6.2, 8;
    %pushi/vec4 0, 0, 5;
    %assign/vec4 v0x5e912fa5e6b0_0, 0;
    %jmp T_6.3;
T_6.2 ;
    %load/vec4 v0x5e912fa5e6b0_0;
    %pad/s 32;
    %cmpi/s 2, 0, 32;
    %flag_or 5, 4; GT is !LE
    %flag_inv 5;
    %jmp/0xz  T_6.4, 5;
    %pushi/vec4 31, 0, 5;
    %assign/vec4 v0x5e912fa5e6b0_0, 0;
    %jmp T_6.5;
T_6.4 ;
    %load/vec4 v0x5e912fa5e6b0_0;
    %pad/s 32;
    %cmpi/s 0, 0, 32;
    %flag_inv 5; GE is !LT
    %jmp/0xz  T_6.6, 5;
    %load/vec4 v0x5e912fa5e6b0_0;
    %addi 1, 0, 5;
    %assign/vec4 v0x5e912fa5e6b0_0, 0;
T_6.6 ;
T_6.5 ;
T_6.3 ;
    %load/vec4 v0x5e912fa5e150_0;
    %flag_set/vec4 8;
    %jmp/0xz  T_6.8, 8;
    %pushi/vec4 0, 0, 5;
    %assign/vec4 v0x5e912fa5e390_0, 0;
    %jmp T_6.9;
T_6.8 ;
    %load/vec4 v0x5e912fa5e390_0;
    %pad/s 32;
    %cmpi/s 2, 0, 32;
    %flag_or 5, 4; GT is !LE
    %flag_inv 5;
    %jmp/0xz  T_6.10, 5;
    %pushi/vec4 31, 0, 5;
    %assign/vec4 v0x5e912fa5e390_0, 0;
    %jmp T_6.11;
T_6.10 ;
    %load/vec4 v0x5e912fa5e390_0;
    %pad/s 32;
    %cmpi/s 0, 0, 32;
    %flag_inv 5; GE is !LT
    %jmp/0xz  T_6.12, 5;
    %load/vec4 v0x5e912fa5e390_0;
    %addi 1, 0, 5;
    %assign/vec4 v0x5e912fa5e390_0, 0;
T_6.12 ;
T_6.11 ;
T_6.9 ;
T_6.1 ;
    %end;
    .scope S_0x5e912fa5cbc0;
t_0 %join;
    %jmp T_6;
    .thread T_6;
    .scope S_0x5e912fa5cbc0;
T_7 ;
    %wait E_0x0;
    %fork t_3, S_0x5e912fa5d500;
    %jmp t_2;
    .scope S_0x5e912fa5d500;
t_3 ;
    %pushi/vec4 0, 0, 11;
    %store/vec4 v0x5e912fa5dd80_0, 0, 11;
    %load/vec4 v0x5e912fa5dd80_0;
    %store/vec4 v0x5e912fa5de60_0, 0, 11;
    %end;
    .scope S_0x5e912fa5cbc0;
t_2 %join;
    %jmp T_7;
    .thread T_7;
    .scope S_0x5e912fa5cbc0;
T_8 ;
    %wait E_0x5e912f9d0010;
    %fork t_5, S_0x5e912fa5d700;
    %jmp t_4;
    .scope S_0x5e912fa5d700;
t_5 ;
    %load/vec4 v0x5e912fa5e790_0;
    %flag_set/vec4 8;
    %jmp/0xz  T_8.0, 8;
    %pushi/vec4 0, 0, 9;
    %assign/vec4 v0x5e912fa5df90_0, 0;
    %jmp T_8.1;
T_8.0 ;
    %load/vec4 v0x5e912fa5de60_0;
    %pad/s 32;
    %cmpi/s 255, 0, 32;
    %flag_or 5, 4; GT is !LE
    %flag_inv 5;
    %jmp/0xz  T_8.2, 5;
    %pushi/vec4 255, 0, 9;
    %assign/vec4 v0x5e912fa5df90_0, 0;
    %jmp T_8.3;
T_8.2 ;
    %load/vec4 v0x5e912fa5de60_0;
    %pad/s 32;
    %cmpi/s 4294967040, 0, 32;
    %jmp/0xz  T_8.4, 5;
    %pushi/vec4 256, 0, 9;
    %assign/vec4 v0x5e912fa5df90_0, 0;
    %jmp T_8.5;
T_8.4 ;
    %load/vec4 v0x5e912fa5de60_0;
    %parti/s 9, 0, 2;
    %assign/vec4 v0x5e912fa5df90_0, 0;
T_8.5 ;
T_8.3 ;
T_8.1 ;
    %end;
    .scope S_0x5e912fa5cbc0;
t_4 %join;
    %jmp T_8;
    .thread T_8;
    .scope S_0x5e912fa5e8f0;
T_9 ;
Ewait_0 .event/or E_0x5e912fa40380, E_0x0;
    %wait Ewait_0;
    %pushi/vec4 0, 0, 8;
    %store/vec4 v0x5e912fa5ed20_0, 0, 8;
    %load/vec4 v0x5e912fa5efc0_0;
    %flag_set/vec4 8;
    %jmp/0xz  T_9.0, 8;
T_9.0 ;
    %jmp T_9;
    .thread T_9, $push;
    .scope S_0x5e912fa5c1e0;
T_10 ;
Ewait_1 .event/or E_0x5e912f9cef90, E_0x0;
    %wait Ewait_1;
    %load/vec4 v0x5e912fa60110_0;
    %cmpi/s 255, 0, 10;
    %flag_or 5, 4; GT is !LE
    %flag_inv 5;
    %jmp/0xz  T_10.0, 5;
    %pushi/vec4 255, 0, 8;
    %store/vec4 v0x5e912fa60070_0, 0, 8;
    %jmp T_10.1;
T_10.0 ;
    %load/vec4 v0x5e912fa60110_0;
    %cmpi/s 8, 0, 10;
    %jmp/0xz  T_10.2, 5;
    %pushi/vec4 8, 0, 8;
    %store/vec4 v0x5e912fa60070_0, 0, 8;
    %jmp T_10.3;
T_10.2 ;
    %load/vec4 v0x5e912fa60110_0;
    %parti/s 8, 0, 2;
    %store/vec4 v0x5e912fa60070_0, 0, 8;
T_10.3 ;
T_10.1 ;
    %jmp T_10;
    .thread T_10, $push;
    .scope S_0x5e912fa60dc0;
T_11 ;
    %wait E_0x5e912f9d0010;
    %load/vec4 v0x5e912fa629d0_0;
    %flag_set/vec4 8;
    %jmp/0xz  T_11.0, 8;
    %pushi/vec4 0, 0, 1;
    %assign/vec4 v0x5e912fa62830_0, 0;
    %pushi/vec4 0, 0, 1;
    %assign/vec4 v0x5e912fa624e0_0, 0;
    %jmp T_11.1;
T_11.0 ;
    %load/vec4 v0x5e912fa62740_0;
    %assign/vec4 v0x5e912fa62830_0, 0;
    %load/vec4 v0x5e912fa62440_0;
    %assign/vec4 v0x5e912fa624e0_0, 0;
T_11.1 ;
    %jmp T_11;
    .thread T_11;
    .scope S_0x5e912fa60dc0;
T_12 ;
    %wait E_0x5e912f9d0010;
    %fork t_7, S_0x5e912fa61b50;
    %jmp t_6;
    .scope S_0x5e912fa61b50;
t_7 ;
    %load/vec4 v0x5e912fa629d0_0;
    %flag_set/vec4 8;
    %jmp/0xz  T_12.0, 8;
    %pushi/vec4 31, 0, 5;
    %assign/vec4 v0x5e912fa628f0_0, 0;
    %pushi/vec4 31, 0, 5;
    %assign/vec4 v0x5e912fa625a0_0, 0;
    %jmp T_12.1;
T_12.0 ;
    %load/vec4 v0x5e912fa62680_0;
    %flag_set/vec4 8;
    %jmp/0xz  T_12.2, 8;
    %pushi/vec4 0, 0, 5;
    %assign/vec4 v0x5e912fa628f0_0, 0;
    %jmp T_12.3;
T_12.2 ;
    %load/vec4 v0x5e912fa628f0_0;
    %pad/s 32;
    %cmpi/s 2, 0, 32;
    %flag_or 5, 4; GT is !LE
    %flag_inv 5;
    %jmp/0xz  T_12.4, 5;
    %pushi/vec4 31, 0, 5;
    %assign/vec4 v0x5e912fa628f0_0, 0;
    %jmp T_12.5;
T_12.4 ;
    %load/vec4 v0x5e912fa628f0_0;
    %pad/s 32;
    %cmpi/s 0, 0, 32;
    %flag_inv 5; GE is !LT
    %jmp/0xz  T_12.6, 5;
    %load/vec4 v0x5e912fa628f0_0;
    %addi 1, 0, 5;
    %assign/vec4 v0x5e912fa628f0_0, 0;
T_12.6 ;
T_12.5 ;
T_12.3 ;
    %load/vec4 v0x5e912fa62380_0;
    %flag_set/vec4 8;
    %jmp/0xz  T_12.8, 8;
    %pushi/vec4 0, 0, 5;
    %assign/vec4 v0x5e912fa625a0_0, 0;
    %jmp T_12.9;
T_12.8 ;
    %load/vec4 v0x5e912fa625a0_0;
    %pad/s 32;
    %cmpi/s 2, 0, 32;
    %flag_or 5, 4; GT is !LE
    %flag_inv 5;
    %jmp/0xz  T_12.10, 5;
    %pushi/vec4 31, 0, 5;
    %assign/vec4 v0x5e912fa625a0_0, 0;
    %jmp T_12.11;
T_12.10 ;
    %load/vec4 v0x5e912fa625a0_0;
    %pad/s 32;
    %cmpi/s 0, 0, 32;
    %flag_inv 5; GE is !LT
    %jmp/0xz  T_12.12, 5;
    %load/vec4 v0x5e912fa625a0_0;
    %addi 1, 0, 5;
    %assign/vec4 v0x5e912fa625a0_0, 0;
T_12.12 ;
T_12.11 ;
T_12.9 ;
T_12.1 ;
    %end;
    .scope S_0x5e912fa60dc0;
t_6 %join;
    %jmp T_12;
    .thread T_12;
    .scope S_0x5e912fa60dc0;
T_13 ;
Ewait_2 .event/or E_0x5e912fa616c0, E_0x0;
    %wait Ewait_2;
    %fork t_9, S_0x5e912fa61750;
    %jmp t_8;
    .scope S_0x5e912fa61750;
t_9 ;
    %load/vec4 v0x5e912fa621c0_0;
    %pad/s 11;
    %store/vec4 v0x5e912fa61fd0_0, 0, 11;
    %load/vec4 v0x5e912fa62680_0;
    %flag_set/vec4 9;
    %flag_get/vec4 9;
    %jmp/0 T_13.2, 9;
    %pushi/vec4 0, 0, 32;
    %load/vec4 v0x5e912fa625a0_0;
    %pad/s 32;
    %cmp/s;
    %flag_get/vec4 4;
    %flag_get/vec4 5;
    %or;
    %and;
T_13.2;
    %flag_set/vec4 8;
    %jmp/0xz  T_13.0, 8;
    %load/vec4 v0x5e912fa61fd0_0;
    %pad/s 32;
    %subi 64, 0, 32;
    %pad/s 11;
    %store/vec4 v0x5e912fa61fd0_0, 0, 11;
T_13.0 ;
    %load/vec4 v0x5e912fa62380_0;
    %flag_set/vec4 9;
    %flag_get/vec4 9;
    %jmp/0 T_13.5, 9;
    %pushi/vec4 0, 0, 32;
    %load/vec4 v0x5e912fa628f0_0;
    %pad/s 32;
    %cmp/s;
    %flag_get/vec4 4;
    %flag_get/vec4 5;
    %or;
    %and;
T_13.5;
    %flag_set/vec4 8;
    %jmp/0xz  T_13.3, 8;
    %load/vec4 v0x5e912fa61fd0_0;
    %pad/s 32;
    %addi 16, 0, 32;
    %pad/s 11;
    %store/vec4 v0x5e912fa61fd0_0, 0, 11;
T_13.3 ;
    %load/vec4 v0x5e912fa61fd0_0;
    %load/vec4 v0x5e912fa61fd0_0;
    %ix/load 4, 2, 0;
    %flag_set/imm 4, 0;
    %shiftr/s 4;
    %sub;
    %store/vec4 v0x5e912fa61fd0_0, 0, 11;
    %load/vec4 v0x5e912fa61fd0_0;
    %store/vec4 v0x5e912fa62090_0, 0, 11;
    %end;
    .scope S_0x5e912fa60dc0;
t_8 %join;
    %jmp T_13;
    .thread T_13, $push;
    .scope S_0x5e912fa60dc0;
T_14 ;
    %wait E_0x5e912f9d0010;
    %fork t_11, S_0x5e912fa61950;
    %jmp t_10;
    .scope S_0x5e912fa61950;
t_11 ;
    %load/vec4 v0x5e912fa629d0_0;
    %flag_set/vec4 8;
    %jmp/0xz  T_14.0, 8;
    %pushi/vec4 0, 0, 9;
    %assign/vec4 v0x5e912fa621c0_0, 0;
    %jmp T_14.1;
T_14.0 ;
    %load/vec4 v0x5e912fa62090_0;
    %pad/s 32;
    %cmpi/s 255, 0, 32;
    %flag_or 5, 4; GT is !LE
    %flag_inv 5;
    %jmp/0xz  T_14.2, 5;
    %pushi/vec4 255, 0, 9;
    %assign/vec4 v0x5e912fa621c0_0, 0;
    %jmp T_14.3;
T_14.2 ;
    %load/vec4 v0x5e912fa62090_0;
    %pad/s 32;
    %cmpi/s 4294967040, 0, 32;
    %jmp/0xz  T_14.4, 5;
    %pushi/vec4 256, 0, 9;
    %assign/vec4 v0x5e912fa621c0_0, 0;
    %jmp T_14.5;
T_14.4 ;
    %load/vec4 v0x5e912fa62090_0;
    %parti/s 9, 0, 2;
    %assign/vec4 v0x5e912fa621c0_0, 0;
T_14.5 ;
T_14.3 ;
T_14.1 ;
    %end;
    .scope S_0x5e912fa60dc0;
t_10 %join;
    %jmp T_14;
    .thread T_14;
    .scope S_0x5e912fa62b10;
T_15 ;
Ewait_3 .event/or E_0x5e912fa62fb0, E_0x0;
    %wait Ewait_3;
    %pushi/vec4 0, 0, 8;
    %store/vec4 v0x5e912fa630e0_0, 0, 8;
    %load/vec4 v0x5e912fa63430_0;
    %flag_set/vec4 8;
    %jmp/0xz  T_15.0, 8;
    %load/vec4 v0x5e912fa63260_0;
    %pad/s 13;
    %load/vec4 v0x5e912fa631c0_0;
    %pad/s 13;
    %mul;
    %ix/load 4, 2, 0;
    %flag_set/imm 4, 0;
    %shiftr/s 4;
    %store/vec4 v0x5e912fa63320_0, 0, 13;
    %load/vec4 v0x5e912fa63320_0;
    %parti/s 8, 0, 2;
    %store/vec4 v0x5e912fa630e0_0, 0, 8;
T_15.0 ;
    %jmp T_15;
    .thread T_15, $push;
    .scope S_0x5e912fa60420;
T_16 ;
Ewait_4 .event/or E_0x5e912f9ae740, E_0x0;
    %wait Ewait_4;
    %load/vec4 v0x5e912fa645e0_0;
    %cmpi/s 255, 0, 10;
    %flag_or 5, 4; GT is !LE
    %flag_inv 5;
    %jmp/0xz  T_16.0, 5;
    %pushi/vec4 255, 0, 8;
    %store/vec4 v0x5e912fa64500_0, 0, 8;
    %jmp T_16.1;
T_16.0 ;
    %load/vec4 v0x5e912fa645e0_0;
    %cmpi/s 8, 0, 10;
    %jmp/0xz  T_16.2, 5;
    %pushi/vec4 8, 0, 8;
    %store/vec4 v0x5e912fa64500_0, 0, 8;
    %jmp T_16.3;
T_16.2 ;
    %load/vec4 v0x5e912fa645e0_0;
    %parti/s 8, 0, 2;
    %store/vec4 v0x5e912fa64500_0, 0, 8;
T_16.3 ;
T_16.1 ;
    %jmp T_16;
    .thread T_16, $push;
    .scope S_0x5e912fa65270;
T_17 ;
    %wait E_0x5e912f9d0010;
    %load/vec4 v0x5e912fa66f50_0;
    %flag_set/vec4 8;
    %jmp/0xz  T_17.0, 8;
    %pushi/vec4 0, 0, 1;
    %assign/vec4 v0x5e912fa66db0_0, 0;
    %pushi/vec4 0, 0, 1;
    %assign/vec4 v0x5e912fa66a20_0, 0;
    %jmp T_17.1;
T_17.0 ;
    %load/vec4 v0x5e912fa66c80_0;
    %assign/vec4 v0x5e912fa66db0_0, 0;
    %load/vec4 v0x5e912fa668f0_0;
    %assign/vec4 v0x5e912fa66a20_0, 0;
T_17.1 ;
    %jmp T_17;
    .thread T_17;
    .scope S_0x5e912fa65270;
T_18 ;
    %wait E_0x5e912f9d0010;
    %fork t_13, S_0x5e912fa66000;
    %jmp t_12;
    .scope S_0x5e912fa66000;
t_13 ;
    %load/vec4 v0x5e912fa66f50_0;
    %flag_set/vec4 8;
    %jmp/0xz  T_18.0, 8;
    %pushi/vec4 31, 0, 5;
    %assign/vec4 v0x5e912fa66e70_0, 0;
    %pushi/vec4 31, 0, 5;
    %assign/vec4 v0x5e912fa66ae0_0, 0;
    %jmp T_18.1;
T_18.0 ;
    %load/vec4 v0x5e912fa66bc0_0;
    %flag_set/vec4 8;
    %jmp/0xz  T_18.2, 8;
    %pushi/vec4 0, 0, 5;
    %assign/vec4 v0x5e912fa66e70_0, 0;
    %jmp T_18.3;
T_18.2 ;
    %load/vec4 v0x5e912fa66e70_0;
    %pad/s 32;
    %cmpi/s 2, 0, 32;
    %flag_or 5, 4; GT is !LE
    %flag_inv 5;
    %jmp/0xz  T_18.4, 5;
    %pushi/vec4 31, 0, 5;
    %assign/vec4 v0x5e912fa66e70_0, 0;
    %jmp T_18.5;
T_18.4 ;
    %load/vec4 v0x5e912fa66e70_0;
    %pad/s 32;
    %cmpi/s 0, 0, 32;
    %flag_inv 5; GE is !LT
    %jmp/0xz  T_18.6, 5;
    %load/vec4 v0x5e912fa66e70_0;
    %addi 1, 0, 5;
    %assign/vec4 v0x5e912fa66e70_0, 0;
T_18.6 ;
T_18.5 ;
T_18.3 ;
    %load/vec4 v0x5e912fa66830_0;
    %flag_set/vec4 8;
    %jmp/0xz  T_18.8, 8;
    %pushi/vec4 0, 0, 5;
    %assign/vec4 v0x5e912fa66ae0_0, 0;
    %jmp T_18.9;
T_18.8 ;
    %load/vec4 v0x5e912fa66ae0_0;
    %pad/s 32;
    %cmpi/s 2, 0, 32;
    %flag_or 5, 4; GT is !LE
    %flag_inv 5;
    %jmp/0xz  T_18.10, 5;
    %pushi/vec4 31, 0, 5;
    %assign/vec4 v0x5e912fa66ae0_0, 0;
    %jmp T_18.11;
T_18.10 ;
    %load/vec4 v0x5e912fa66ae0_0;
    %pad/s 32;
    %cmpi/s 0, 0, 32;
    %flag_inv 5; GE is !LT
    %jmp/0xz  T_18.12, 5;
    %load/vec4 v0x5e912fa66ae0_0;
    %addi 1, 0, 5;
    %assign/vec4 v0x5e912fa66ae0_0, 0;
T_18.12 ;
T_18.11 ;
T_18.9 ;
T_18.1 ;
    %end;
    .scope S_0x5e912fa65270;
t_12 %join;
    %jmp T_18;
    .thread T_18;
    .scope S_0x5e912fa65270;
T_19 ;
Ewait_5 .event/or E_0x5e912fa65b70, E_0x0;
    %wait Ewait_5;
    %fork t_15, S_0x5e912fa65c00;
    %jmp t_14;
    .scope S_0x5e912fa65c00;
t_15 ;
    %load/vec4 v0x5e912fa66670_0;
    %pad/s 11;
    %store/vec4 v0x5e912fa66480_0, 0, 11;
    %load/vec4 v0x5e912fa66bc0_0;
    %flag_set/vec4 9;
    %flag_get/vec4 9;
    %jmp/0 T_19.2, 9;
    %pushi/vec4 0, 0, 32;
    %load/vec4 v0x5e912fa66ae0_0;
    %pad/s 32;
    %cmp/s;
    %flag_get/vec4 4;
    %flag_get/vec4 5;
    %or;
    %and;
T_19.2;
    %flag_set/vec4 8;
    %jmp/0xz  T_19.0, 8;
    %load/vec4 v0x5e912fa66480_0;
    %pad/s 32;
    %subi 64, 0, 32;
    %pad/s 11;
    %store/vec4 v0x5e912fa66480_0, 0, 11;
T_19.0 ;
    %load/vec4 v0x5e912fa66830_0;
    %flag_set/vec4 9;
    %flag_get/vec4 9;
    %jmp/0 T_19.5, 9;
    %pushi/vec4 0, 0, 32;
    %load/vec4 v0x5e912fa66e70_0;
    %pad/s 32;
    %cmp/s;
    %flag_get/vec4 4;
    %flag_get/vec4 5;
    %or;
    %and;
T_19.5;
    %flag_set/vec4 8;
    %jmp/0xz  T_19.3, 8;
    %load/vec4 v0x5e912fa66480_0;
    %pad/s 32;
    %addi 16, 0, 32;
    %pad/s 11;
    %store/vec4 v0x5e912fa66480_0, 0, 11;
T_19.3 ;
    %load/vec4 v0x5e912fa66480_0;
    %load/vec4 v0x5e912fa66480_0;
    %ix/load 4, 2, 0;
    %flag_set/imm 4, 0;
    %shiftr/s 4;
    %sub;
    %store/vec4 v0x5e912fa66480_0, 0, 11;
    %load/vec4 v0x5e912fa66480_0;
    %store/vec4 v0x5e912fa66540_0, 0, 11;
    %end;
    .scope S_0x5e912fa65270;
t_14 %join;
    %jmp T_19;
    .thread T_19, $push;
    .scope S_0x5e912fa65270;
T_20 ;
    %wait E_0x5e912f9d0010;
    %fork t_17, S_0x5e912fa65e00;
    %jmp t_16;
    .scope S_0x5e912fa65e00;
t_17 ;
    %load/vec4 v0x5e912fa66f50_0;
    %flag_set/vec4 8;
    %jmp/0xz  T_20.0, 8;
    %pushi/vec4 0, 0, 9;
    %assign/vec4 v0x5e912fa66670_0, 0;
    %jmp T_20.1;
T_20.0 ;
    %load/vec4 v0x5e912fa66540_0;
    %pad/s 32;
    %cmpi/s 255, 0, 32;
    %flag_or 5, 4; GT is !LE
    %flag_inv 5;
    %jmp/0xz  T_20.2, 5;
    %pushi/vec4 255, 0, 9;
    %assign/vec4 v0x5e912fa66670_0, 0;
    %jmp T_20.3;
T_20.2 ;
    %load/vec4 v0x5e912fa66540_0;
    %pad/s 32;
    %cmpi/s 4294967040, 0, 32;
    %jmp/0xz  T_20.4, 5;
    %pushi/vec4 256, 0, 9;
    %assign/vec4 v0x5e912fa66670_0, 0;
    %jmp T_20.5;
T_20.4 ;
    %load/vec4 v0x5e912fa66540_0;
    %parti/s 9, 0, 2;
    %assign/vec4 v0x5e912fa66670_0, 0;
T_20.5 ;
T_20.3 ;
T_20.1 ;
    %end;
    .scope S_0x5e912fa65270;
t_16 %join;
    %jmp T_20;
    .thread T_20;
    .scope S_0x5e912fa67090;
T_21 ;
Ewait_6 .event/or E_0x5e912fa67510, E_0x0;
    %wait Ewait_6;
    %pushi/vec4 0, 0, 8;
    %store/vec4 v0x5e912fa67630_0, 0, 8;
    %load/vec4 v0x5e912fa67990_0;
    %flag_set/vec4 8;
    %jmp/0xz  T_21.0, 8;
    %load/vec4 v0x5e912fa677e0_0;
    %pad/s 13;
    %ix/load 4, 2, 0;
    %flag_set/imm 4, 0;
    %shiftr/s 4;
    %store/vec4 v0x5e912fa678d0_0, 0, 13;
    %load/vec4 v0x5e912fa678d0_0;
    %parti/s 8, 0, 2;
    %store/vec4 v0x5e912fa67630_0, 0, 8;
T_21.0 ;
    %jmp T_21;
    .thread T_21, $push;
    .scope S_0x5e912fa648d0;
T_22 ;
Ewait_7 .event/or E_0x5e912fa62ed0, E_0x0;
    %wait Ewait_7;
    %load/vec4 v0x5e912fa68e20_0;
    %cmpi/s 255, 0, 10;
    %flag_or 5, 4; GT is !LE
    %flag_inv 5;
    %jmp/0xz  T_22.0, 5;
    %pushi/vec4 255, 0, 8;
    %store/vec4 v0x5e912fa68d40_0, 0, 8;
    %jmp T_22.1;
T_22.0 ;
    %load/vec4 v0x5e912fa68e20_0;
    %cmpi/s 8, 0, 10;
    %jmp/0xz  T_22.2, 5;
    %pushi/vec4 8, 0, 8;
    %store/vec4 v0x5e912fa68d40_0, 0, 8;
    %jmp T_22.3;
T_22.2 ;
    %load/vec4 v0x5e912fa68e20_0;
    %parti/s 8, 0, 2;
    %store/vec4 v0x5e912fa68d40_0, 0, 8;
T_22.3 ;
T_22.1 ;
    %jmp T_22;
    .thread T_22, $push;
    .scope S_0x5e912fa1ff10;
T_23 ;
    %pushi/vec4 0, 0, 32;
    %store/vec4 v0x5e912fa69840_0, 0, 32;
    %pushi/vec4 0, 0, 32;
    %store/vec4 v0x5e912fa69780_0, 0, 32;
    %end;
    .thread T_23, $init;
    .scope S_0x5e912fa1ff10;
T_24 ;
    %pushi/vec4 0, 0, 1;
    %store/vec4 v0x5e912fa695f0_0, 0, 1;
    %end;
    .thread T_24;
    .scope S_0x5e912fa1ff10;
T_25 ;
    %delay 5000, 0;
    %load/vec4 v0x5e912fa695f0_0;
    %inv;
    %store/vec4 v0x5e912fa695f0_0, 0, 1;
    %jmp T_25;
    .thread T_25;
    .scope S_0x5e912fa1ff10;
T_26 ;
    %wait E_0x5e912f9d0010;
    %delay 1000, 0;
    %vpi_call/w 3 232 "$display", "[%0t ns]  pre=%b post=%b dop=%0d en=%b w_syn=%0d | none(w=%0d I=%0d)  rstdp(w=%0d I=%0d)  stdp(w=%0d I=%0d)", $time, v0x5e912fa699c0_0, v0x5e912fa69920_0, v0x5e912fa69690_0, v0x5e912fa69a60_0, v0x5e912fa69e00_0, v0x5e912fa69ba0_0, v0x5e912fa69370_0, v0x5e912fa69c60_0, v0x5e912fa69450_0, v0x5e912fa69d30_0, v0x5e912fa694f0_0 {0 0 0};
    %jmp T_26;
    .thread T_26;
    .scope S_0x5e912fa1ff10;
T_27 ;
    %pushi/vec4 1, 0, 1;
    %store/vec4 v0x5e912fa69b00_0, 0, 1;
    %pushi/vec4 0, 0, 1;
    %store/vec4 v0x5e912fa699c0_0, 0, 1;
    %pushi/vec4 0, 0, 1;
    %store/vec4 v0x5e912fa69920_0, 0, 1;
    %pushi/vec4 0, 0, 4;
    %store/vec4 v0x5e912fa69690_0, 0, 4;
    %pushi/vec4 0, 0, 1;
    %store/vec4 v0x5e912fa69a60_0, 0, 1;
    %pushi/vec4 100, 0, 8;
    %store/vec4 v0x5e912fa69e00_0, 0, 8;
    %vpi_call/w 3 257 "$display", "\012[%0t] TEST 0: Reset -- w_next must be W_MIN during rst", $time {0 0 0};
    %pushi/vec4 8, 0, 8;
    %store/vec4 v0x5e912fa69e00_0, 0, 8;
    %wait E_0x5e912f9cfb40;
    %wait E_0x5e912f9d0010;
    %wait E_0x5e912f9cfb40;
    %delay 1000, 0;
    %wait E_0x5e912f9cfb40;
    %wait E_0x5e912f9d0010;
    %wait E_0x5e912f9cfb40;
    %delay 1000, 0;
    %alloc S_0x5e912fa5bbc0;
    %pushi/str "none  | rst=1";
    %store/str v0x5e912fa5bf60_0;
    %load/vec4 v0x5e912fa69ba0_0;
    %store/vec4 v0x5e912fa5be80_0, 0, 8;
    %pushi/vec4 8, 0, 8;
    %store/vec4 v0x5e912fa5bda0_0, 0, 8;
    %fork TD_tb_synapse_core.check_w, S_0x5e912fa5bbc0;
    %join;
    %free S_0x5e912fa5bbc0;
    %alloc S_0x5e912fa5bbc0;
    %pushi/str "rstdp | rst=1";
    %store/str v0x5e912fa5bf60_0;
    %load/vec4 v0x5e912fa69c60_0;
    %store/vec4 v0x5e912fa5be80_0, 0, 8;
    %pushi/vec4 8, 0, 8;
    %store/vec4 v0x5e912fa5bda0_0, 0, 8;
    %fork TD_tb_synapse_core.check_w, S_0x5e912fa5bbc0;
    %join;
    %free S_0x5e912fa5bbc0;
    %alloc S_0x5e912fa5bbc0;
    %pushi/str "stdp  | rst=1";
    %store/str v0x5e912fa5bf60_0;
    %load/vec4 v0x5e912fa69d30_0;
    %store/vec4 v0x5e912fa5be80_0, 0, 8;
    %pushi/vec4 8, 0, 8;
    %store/vec4 v0x5e912fa5bda0_0, 0, 8;
    %fork TD_tb_synapse_core.check_w, S_0x5e912fa5bbc0;
    %join;
    %free S_0x5e912fa5bbc0;
    %wait E_0x5e912f9cfb40;
    %pushi/vec4 0, 0, 1;
    %store/vec4 v0x5e912fa69b00_0, 0, 1;
    %pushi/vec4 100, 0, 8;
    %store/vec4 v0x5e912fa69e00_0, 0, 8;
    %alloc S_0x5e912fa690e0;
    %pushi/vec4 1, 0, 32;
    %store/vec4 v0x5e912fa69270_0, 0, 32;
    %fork TD_tb_synapse_core.idle_cycles, S_0x5e912fa690e0;
    %join;
    %free S_0x5e912fa690e0;
    %vpi_call/w 3 274 "$display", "\012[%0t] TEST 1: I_syn -- combinational forwarding on pre_spk", $time {0 0 0};
    %alloc S_0x5e912fa18d50;
    %pushi/vec4 1, 0, 1;
    %store/vec4 v0x5e912fa11aa0_0, 0, 1;
    %pushi/vec4 0, 0, 1;
    %store/vec4 v0x5e912fa102f0_0, 0, 1;
    %pushi/vec4 0, 0, 4;
    %store/vec4 v0x5e912fa1b380_0, 0, 4;
    %pushi/vec4 0, 0, 1;
    %store/vec4 v0x5e912fa1d810_0, 0, 1;
    %pushi/vec4 100, 0, 8;
    %store/vec4 v0x5e912fa13f30_0, 0, 8;
    %fork TD_tb_synapse_core.apply_inputs, S_0x5e912fa18d50;
    %join;
    %free S_0x5e912fa18d50;
    %alloc S_0x5e912fa5b8a0;
    %pushi/str "rstdp | pre=1, w_syn=100 \342\206\222 I_syn=100";
    %store/str v0x5e912fa5bb20_0;
    %load/vec4 v0x5e912fa69450_0;
    %store/vec4 v0x5e912fa09450_0, 0, 8;
    %pushi/vec4 100, 0, 8;
    %store/vec4 v0x5e912fa07ca0_0, 0, 8;
    %fork TD_tb_synapse_core.check_i, S_0x5e912fa5b8a0;
    %join;
    %free S_0x5e912fa5b8a0;
    %alloc S_0x5e912fa18d50;
    %pushi/vec4 0, 0, 1;
    %store/vec4 v0x5e912fa11aa0_0, 0, 1;
    %pushi/vec4 0, 0, 1;
    %store/vec4 v0x5e912fa102f0_0, 0, 1;
    %pushi/vec4 0, 0, 4;
    %store/vec4 v0x5e912fa1b380_0, 0, 4;
    %pushi/vec4 0, 0, 1;
    %store/vec4 v0x5e912fa1d810_0, 0, 1;
    %pushi/vec4 100, 0, 8;
    %store/vec4 v0x5e912fa13f30_0, 0, 8;
    %fork TD_tb_synapse_core.apply_inputs, S_0x5e912fa18d50;
    %join;
    %free S_0x5e912fa18d50;
    %alloc S_0x5e912fa5b8a0;
    %pushi/str "rstdp | pre=0, w_syn=100 \342\206\222 I_syn=0";
    %store/str v0x5e912fa5bb20_0;
    %load/vec4 v0x5e912fa69450_0;
    %store/vec4 v0x5e912fa09450_0, 0, 8;
    %pushi/vec4 0, 0, 8;
    %store/vec4 v0x5e912fa07ca0_0, 0, 8;
    %fork TD_tb_synapse_core.check_i, S_0x5e912fa5b8a0;
    %join;
    %free S_0x5e912fa5b8a0;
    %alloc S_0x5e912fa690e0;
    %pushi/vec4 1, 0, 32;
    %store/vec4 v0x5e912fa69270_0, 0, 32;
    %fork TD_tb_synapse_core.idle_cycles, S_0x5e912fa690e0;
    %join;
    %free S_0x5e912fa690e0;
    %vpi_call/w 3 287 "$display", "\012[%0t] TEST 2: No-learning mode -- w_next tracks w_syn, delta_w=0", $time {0 0 0};
    %alloc S_0x5e912fa5c000;
    %fork TD_tb_synapse_core.do_rst, S_0x5e912fa5c000;
    %join;
    %free S_0x5e912fa5c000;
    %alloc S_0x5e912fa18d50;
    %pushi/vec4 1, 0, 1;
    %store/vec4 v0x5e912fa11aa0_0, 0, 1;
    %pushi/vec4 0, 0, 1;
    %store/vec4 v0x5e912fa102f0_0, 0, 1;
    %pushi/vec4 7, 0, 4;
    %store/vec4 v0x5e912fa1b380_0, 0, 4;
    %pushi/vec4 1, 0, 1;
    %store/vec4 v0x5e912fa1d810_0, 0, 1;
    %pushi/vec4 100, 0, 8;
    %store/vec4 v0x5e912fa13f30_0, 0, 8;
    %fork TD_tb_synapse_core.apply_inputs, S_0x5e912fa18d50;
    %join;
    %free S_0x5e912fa18d50;
    %alloc S_0x5e912fa18d50;
    %pushi/vec4 0, 0, 1;
    %store/vec4 v0x5e912fa11aa0_0, 0, 1;
    %pushi/vec4 1, 0, 1;
    %store/vec4 v0x5e912fa102f0_0, 0, 1;
    %pushi/vec4 7, 0, 4;
    %store/vec4 v0x5e912fa1b380_0, 0, 4;
    %pushi/vec4 1, 0, 1;
    %store/vec4 v0x5e912fa1d810_0, 0, 1;
    %pushi/vec4 100, 0, 8;
    %store/vec4 v0x5e912fa13f30_0, 0, 8;
    %fork TD_tb_synapse_core.apply_inputs, S_0x5e912fa18d50;
    %join;
    %free S_0x5e912fa18d50;
    %alloc S_0x5e912fa5bbc0;
    %pushi/str "none  | mode=0, w_syn=100, reward active \342\206\222 w_next=100";
    %store/str v0x5e912fa5bf60_0;
    %load/vec4 v0x5e912fa69ba0_0;
    %store/vec4 v0x5e912fa5be80_0, 0, 8;
    %pushi/vec4 100, 0, 8;
    %store/vec4 v0x5e912fa5bda0_0, 0, 8;
    %fork TD_tb_synapse_core.check_w, S_0x5e912fa5bbc0;
    %join;
    %free S_0x5e912fa5bbc0;
    %alloc S_0x5e912fa690e0;
    %pushi/vec4 1, 0, 32;
    %store/vec4 v0x5e912fa69270_0, 0, 32;
    %fork TD_tb_synapse_core.idle_cycles, S_0x5e912fa690e0;
    %join;
    %free S_0x5e912fa690e0;
    %vpi_call/w 3 304 "$display", "\012[%0t] TEST 3: STDP LTP -- post 1 cycle after pre", $time {0 0 0};
    %alloc S_0x5e912fa5c000;
    %fork TD_tb_synapse_core.do_rst, S_0x5e912fa5c000;
    %join;
    %free S_0x5e912fa5c000;
    %alloc S_0x5e912fa18d50;
    %pushi/vec4 1, 0, 1;
    %store/vec4 v0x5e912fa11aa0_0, 0, 1;
    %pushi/vec4 0, 0, 1;
    %store/vec4 v0x5e912fa102f0_0, 0, 1;
    %pushi/vec4 0, 0, 4;
    %store/vec4 v0x5e912fa1b380_0, 0, 4;
    %pushi/vec4 1, 0, 1;
    %store/vec4 v0x5e912fa1d810_0, 0, 1;
    %pushi/vec4 100, 0, 8;
    %store/vec4 v0x5e912fa13f30_0, 0, 8;
    %fork TD_tb_synapse_core.apply_inputs, S_0x5e912fa18d50;
    %join;
    %free S_0x5e912fa18d50;
    %alloc S_0x5e912fa18d50;
    %pushi/vec4 0, 0, 1;
    %store/vec4 v0x5e912fa11aa0_0, 0, 1;
    %pushi/vec4 1, 0, 1;
    %store/vec4 v0x5e912fa102f0_0, 0, 1;
    %pushi/vec4 0, 0, 4;
    %store/vec4 v0x5e912fa1b380_0, 0, 4;
    %pushi/vec4 1, 0, 1;
    %store/vec4 v0x5e912fa1d810_0, 0, 1;
    %pushi/vec4 100, 0, 8;
    %store/vec4 v0x5e912fa13f30_0, 0, 8;
    %fork TD_tb_synapse_core.apply_inputs, S_0x5e912fa18d50;
    %join;
    %free S_0x5e912fa18d50;
    %alloc S_0x5e912fa5bbc0;
    %pushi/str "stdp  | LTP: w_syn=100, delta_w=3 \342\206\222 w_next=103";
    %store/str v0x5e912fa5bf60_0;
    %load/vec4 v0x5e912fa69d30_0;
    %store/vec4 v0x5e912fa5be80_0, 0, 8;
    %pushi/vec4 103, 0, 8;
    %store/vec4 v0x5e912fa5bda0_0, 0, 8;
    %fork TD_tb_synapse_core.check_w, S_0x5e912fa5bbc0;
    %join;
    %free S_0x5e912fa5bbc0;
    %alloc S_0x5e912fa690e0;
    %pushi/vec4 1, 0, 32;
    %store/vec4 v0x5e912fa69270_0, 0, 32;
    %fork TD_tb_synapse_core.idle_cycles, S_0x5e912fa690e0;
    %join;
    %free S_0x5e912fa690e0;
    %vpi_call/w 3 318 "$display", "\012[%0t] TEST 4: STDP LTD -- pre 1 cycle after post", $time {0 0 0};
    %alloc S_0x5e912fa5c000;
    %fork TD_tb_synapse_core.do_rst, S_0x5e912fa5c000;
    %join;
    %free S_0x5e912fa5c000;
    %alloc S_0x5e912fa18d50;
    %pushi/vec4 0, 0, 1;
    %store/vec4 v0x5e912fa11aa0_0, 0, 1;
    %pushi/vec4 1, 0, 1;
    %store/vec4 v0x5e912fa102f0_0, 0, 1;
    %pushi/vec4 0, 0, 4;
    %store/vec4 v0x5e912fa1b380_0, 0, 4;
    %pushi/vec4 1, 0, 1;
    %store/vec4 v0x5e912fa1d810_0, 0, 1;
    %pushi/vec4 100, 0, 8;
    %store/vec4 v0x5e912fa13f30_0, 0, 8;
    %fork TD_tb_synapse_core.apply_inputs, S_0x5e912fa18d50;
    %join;
    %free S_0x5e912fa18d50;
    %alloc S_0x5e912fa18d50;
    %pushi/vec4 1, 0, 1;
    %store/vec4 v0x5e912fa11aa0_0, 0, 1;
    %pushi/vec4 0, 0, 1;
    %store/vec4 v0x5e912fa102f0_0, 0, 1;
    %pushi/vec4 0, 0, 4;
    %store/vec4 v0x5e912fa1b380_0, 0, 4;
    %pushi/vec4 1, 0, 1;
    %store/vec4 v0x5e912fa1d810_0, 0, 1;
    %pushi/vec4 100, 0, 8;
    %store/vec4 v0x5e912fa13f30_0, 0, 8;
    %fork TD_tb_synapse_core.apply_inputs, S_0x5e912fa18d50;
    %join;
    %free S_0x5e912fa18d50;
    %alloc S_0x5e912fa5bbc0;
    %pushi/str "stdp  | LTD: w_syn=100, delta_w=-12 \342\206\222 w_next=88";
    %store/str v0x5e912fa5bf60_0;
    %load/vec4 v0x5e912fa69d30_0;
    %store/vec4 v0x5e912fa5be80_0, 0, 8;
    %pushi/vec4 88, 0, 8;
    %store/vec4 v0x5e912fa5bda0_0, 0, 8;
    %fork TD_tb_synapse_core.check_w, S_0x5e912fa5bbc0;
    %join;
    %free S_0x5e912fa5bbc0;
    %alloc S_0x5e912fa690e0;
    %pushi/vec4 1, 0, 32;
    %store/vec4 v0x5e912fa69270_0, 0, 32;
    %fork TD_tb_synapse_core.idle_cycles, S_0x5e912fa690e0;
    %join;
    %free S_0x5e912fa690e0;
    %vpi_call/w 3 332 "$display", "\012[%0t] TEST 5: R-STDP LTP -- positive dopamine", $time {0 0 0};
    %alloc S_0x5e912fa5c000;
    %fork TD_tb_synapse_core.do_rst, S_0x5e912fa5c000;
    %join;
    %free S_0x5e912fa5c000;
    %alloc S_0x5e912fa18d50;
    %pushi/vec4 1, 0, 1;
    %store/vec4 v0x5e912fa11aa0_0, 0, 1;
    %pushi/vec4 0, 0, 1;
    %store/vec4 v0x5e912fa102f0_0, 0, 1;
    %pushi/vec4 3, 0, 4;
    %store/vec4 v0x5e912fa1b380_0, 0, 4;
    %pushi/vec4 1, 0, 1;
    %store/vec4 v0x5e912fa1d810_0, 0, 1;
    %pushi/vec4 100, 0, 8;
    %store/vec4 v0x5e912fa13f30_0, 0, 8;
    %fork TD_tb_synapse_core.apply_inputs, S_0x5e912fa18d50;
    %join;
    %free S_0x5e912fa18d50;
    %alloc S_0x5e912fa18d50;
    %pushi/vec4 0, 0, 1;
    %store/vec4 v0x5e912fa11aa0_0, 0, 1;
    %pushi/vec4 1, 0, 1;
    %store/vec4 v0x5e912fa102f0_0, 0, 1;
    %pushi/vec4 3, 0, 4;
    %store/vec4 v0x5e912fa1b380_0, 0, 4;
    %pushi/vec4 1, 0, 1;
    %store/vec4 v0x5e912fa1d810_0, 0, 1;
    %pushi/vec4 100, 0, 8;
    %store/vec4 v0x5e912fa13f30_0, 0, 8;
    %fork TD_tb_synapse_core.apply_inputs, S_0x5e912fa18d50;
    %join;
    %free S_0x5e912fa18d50;
    %alloc S_0x5e912fa5bbc0;
    %pushi/str "rstdp | LTP dop=3: w_syn=100, delta_w=9 \342\206\222 w_next=109";
    %store/str v0x5e912fa5bf60_0;
    %load/vec4 v0x5e912fa69c60_0;
    %store/vec4 v0x5e912fa5be80_0, 0, 8;
    %pushi/vec4 109, 0, 8;
    %store/vec4 v0x5e912fa5bda0_0, 0, 8;
    %fork TD_tb_synapse_core.check_w, S_0x5e912fa5bbc0;
    %join;
    %free S_0x5e912fa5bbc0;
    %alloc S_0x5e912fa690e0;
    %pushi/vec4 1, 0, 32;
    %store/vec4 v0x5e912fa69270_0, 0, 32;
    %fork TD_tb_synapse_core.idle_cycles, S_0x5e912fa690e0;
    %join;
    %free S_0x5e912fa690e0;
    %vpi_call/w 3 346 "$display", "\012[%0t] TEST 6: R-STDP LTP -- negative dopamine (punishment reversal)", $time {0 0 0};
    %alloc S_0x5e912fa5c000;
    %fork TD_tb_synapse_core.do_rst, S_0x5e912fa5c000;
    %join;
    %free S_0x5e912fa5c000;
    %alloc S_0x5e912fa18d50;
    %pushi/vec4 1, 0, 1;
    %store/vec4 v0x5e912fa11aa0_0, 0, 1;
    %pushi/vec4 0, 0, 1;
    %store/vec4 v0x5e912fa102f0_0, 0, 1;
    %pushi/vec4 13, 0, 4;
    %store/vec4 v0x5e912fa1b380_0, 0, 4;
    %pushi/vec4 1, 0, 1;
    %store/vec4 v0x5e912fa1d810_0, 0, 1;
    %pushi/vec4 100, 0, 8;
    %store/vec4 v0x5e912fa13f30_0, 0, 8;
    %fork TD_tb_synapse_core.apply_inputs, S_0x5e912fa18d50;
    %join;
    %free S_0x5e912fa18d50;
    %alloc S_0x5e912fa18d50;
    %pushi/vec4 0, 0, 1;
    %store/vec4 v0x5e912fa11aa0_0, 0, 1;
    %pushi/vec4 1, 0, 1;
    %store/vec4 v0x5e912fa102f0_0, 0, 1;
    %pushi/vec4 13, 0, 4;
    %store/vec4 v0x5e912fa1b380_0, 0, 4;
    %pushi/vec4 1, 0, 1;
    %store/vec4 v0x5e912fa1d810_0, 0, 1;
    %pushi/vec4 100, 0, 8;
    %store/vec4 v0x5e912fa13f30_0, 0, 8;
    %fork TD_tb_synapse_core.apply_inputs, S_0x5e912fa18d50;
    %join;
    %free S_0x5e912fa18d50;
    %alloc S_0x5e912fa5bbc0;
    %pushi/str "rstdp | LTP dop=-3: w_syn=100, delta_w=-9 \342\206\222 w_next=91";
    %store/str v0x5e912fa5bf60_0;
    %load/vec4 v0x5e912fa69c60_0;
    %store/vec4 v0x5e912fa5be80_0, 0, 8;
    %pushi/vec4 91, 0, 8;
    %store/vec4 v0x5e912fa5bda0_0, 0, 8;
    %fork TD_tb_synapse_core.check_w, S_0x5e912fa5bbc0;
    %join;
    %free S_0x5e912fa5bbc0;
    %alloc S_0x5e912fa690e0;
    %pushi/vec4 1, 0, 32;
    %store/vec4 v0x5e912fa69270_0, 0, 32;
    %fork TD_tb_synapse_core.idle_cycles, S_0x5e912fa690e0;
    %join;
    %free S_0x5e912fa690e0;
    %vpi_call/w 3 360 "$display", "\012[%0t] TEST 7: reward_en gating -- en=0 gives w_next=w_syn", $time {0 0 0};
    %alloc S_0x5e912fa5c000;
    %fork TD_tb_synapse_core.do_rst, S_0x5e912fa5c000;
    %join;
    %free S_0x5e912fa5c000;
    %alloc S_0x5e912fa18d50;
    %pushi/vec4 1, 0, 1;
    %store/vec4 v0x5e912fa11aa0_0, 0, 1;
    %pushi/vec4 0, 0, 1;
    %store/vec4 v0x5e912fa102f0_0, 0, 1;
    %pushi/vec4 0, 0, 4;
    %store/vec4 v0x5e912fa1b380_0, 0, 4;
    %pushi/vec4 1, 0, 1;
    %store/vec4 v0x5e912fa1d810_0, 0, 1;
    %pushi/vec4 100, 0, 8;
    %store/vec4 v0x5e912fa13f30_0, 0, 8;
    %fork TD_tb_synapse_core.apply_inputs, S_0x5e912fa18d50;
    %join;
    %free S_0x5e912fa18d50;
    %alloc S_0x5e912fa18d50;
    %pushi/vec4 0, 0, 1;
    %store/vec4 v0x5e912fa11aa0_0, 0, 1;
    %pushi/vec4 1, 0, 1;
    %store/vec4 v0x5e912fa102f0_0, 0, 1;
    %pushi/vec4 0, 0, 4;
    %store/vec4 v0x5e912fa1b380_0, 0, 4;
    %pushi/vec4 1, 0, 1;
    %store/vec4 v0x5e912fa1d810_0, 0, 1;
    %pushi/vec4 100, 0, 8;
    %store/vec4 v0x5e912fa13f30_0, 0, 8;
    %fork TD_tb_synapse_core.apply_inputs, S_0x5e912fa18d50;
    %join;
    %free S_0x5e912fa18d50;
    %alloc S_0x5e912fa5bbc0;
    %pushi/str "stdp  | baseline LTP: w_next=103";
    %store/str v0x5e912fa5bf60_0;
    %load/vec4 v0x5e912fa69d30_0;
    %store/vec4 v0x5e912fa5be80_0, 0, 8;
    %pushi/vec4 103, 0, 8;
    %store/vec4 v0x5e912fa5bda0_0, 0, 8;
    %fork TD_tb_synapse_core.check_w, S_0x5e912fa5bbc0;
    %join;
    %free S_0x5e912fa5bbc0;
    %alloc S_0x5e912fa18d50;
    %pushi/vec4 1, 0, 1;
    %store/vec4 v0x5e912fa11aa0_0, 0, 1;
    %pushi/vec4 0, 0, 1;
    %store/vec4 v0x5e912fa102f0_0, 0, 1;
    %pushi/vec4 0, 0, 4;
    %store/vec4 v0x5e912fa1b380_0, 0, 4;
    %pushi/vec4 0, 0, 1;
    %store/vec4 v0x5e912fa1d810_0, 0, 1;
    %pushi/vec4 100, 0, 8;
    %store/vec4 v0x5e912fa13f30_0, 0, 8;
    %fork TD_tb_synapse_core.apply_inputs, S_0x5e912fa18d50;
    %join;
    %free S_0x5e912fa18d50;
    %alloc S_0x5e912fa18d50;
    %pushi/vec4 0, 0, 1;
    %store/vec4 v0x5e912fa11aa0_0, 0, 1;
    %pushi/vec4 1, 0, 1;
    %store/vec4 v0x5e912fa102f0_0, 0, 1;
    %pushi/vec4 0, 0, 4;
    %store/vec4 v0x5e912fa1b380_0, 0, 4;
    %pushi/vec4 0, 0, 1;
    %store/vec4 v0x5e912fa1d810_0, 0, 1;
    %pushi/vec4 100, 0, 8;
    %store/vec4 v0x5e912fa13f30_0, 0, 8;
    %fork TD_tb_synapse_core.apply_inputs, S_0x5e912fa18d50;
    %join;
    %free S_0x5e912fa18d50;
    %alloc S_0x5e912fa5bbc0;
    %pushi/str "stdp  | en=0: delta_w=0 \342\206\222 w_next=w_syn=100";
    %store/str v0x5e912fa5bf60_0;
    %load/vec4 v0x5e912fa69d30_0;
    %store/vec4 v0x5e912fa5be80_0, 0, 8;
    %pushi/vec4 100, 0, 8;
    %store/vec4 v0x5e912fa5bda0_0, 0, 8;
    %fork TD_tb_synapse_core.check_w, S_0x5e912fa5bbc0;
    %join;
    %free S_0x5e912fa5bbc0;
    %alloc S_0x5e912fa690e0;
    %pushi/vec4 1, 0, 32;
    %store/vec4 v0x5e912fa69270_0, 0, 32;
    %fork TD_tb_synapse_core.idle_cycles, S_0x5e912fa690e0;
    %join;
    %free S_0x5e912fa690e0;
    %vpi_call/w 3 377 "$display", "\012[%0t] TEST 8: W_MAX clamp -- LTP saturates at W_MAX (255)", $time {0 0 0};
    %alloc S_0x5e912fa5c000;
    %fork TD_tb_synapse_core.do_rst, S_0x5e912fa5c000;
    %join;
    %free S_0x5e912fa5c000;
    %alloc S_0x5e912fa18d50;
    %pushi/vec4 1, 0, 1;
    %store/vec4 v0x5e912fa11aa0_0, 0, 1;
    %pushi/vec4 0, 0, 1;
    %store/vec4 v0x5e912fa102f0_0, 0, 1;
    %pushi/vec4 0, 0, 4;
    %store/vec4 v0x5e912fa1b380_0, 0, 4;
    %pushi/vec4 1, 0, 1;
    %store/vec4 v0x5e912fa1d810_0, 0, 1;
    %pushi/vec4 253, 0, 8;
    %store/vec4 v0x5e912fa13f30_0, 0, 8;
    %fork TD_tb_synapse_core.apply_inputs, S_0x5e912fa18d50;
    %join;
    %free S_0x5e912fa18d50;
    %alloc S_0x5e912fa18d50;
    %pushi/vec4 0, 0, 1;
    %store/vec4 v0x5e912fa11aa0_0, 0, 1;
    %pushi/vec4 1, 0, 1;
    %store/vec4 v0x5e912fa102f0_0, 0, 1;
    %pushi/vec4 0, 0, 4;
    %store/vec4 v0x5e912fa1b380_0, 0, 4;
    %pushi/vec4 1, 0, 1;
    %store/vec4 v0x5e912fa1d810_0, 0, 1;
    %pushi/vec4 253, 0, 8;
    %store/vec4 v0x5e912fa13f30_0, 0, 8;
    %fork TD_tb_synapse_core.apply_inputs, S_0x5e912fa18d50;
    %join;
    %free S_0x5e912fa18d50;
    %alloc S_0x5e912fa5bbc0;
    %pushi/str "stdp  | W_MAX clamp: w_syn=253 + 3 \342\206\222 255";
    %store/str v0x5e912fa5bf60_0;
    %load/vec4 v0x5e912fa69d30_0;
    %store/vec4 v0x5e912fa5be80_0, 0, 8;
    %pushi/vec4 255, 0, 8;
    %store/vec4 v0x5e912fa5bda0_0, 0, 8;
    %fork TD_tb_synapse_core.check_w, S_0x5e912fa5bbc0;
    %join;
    %free S_0x5e912fa5bbc0;
    %alloc S_0x5e912fa690e0;
    %pushi/vec4 1, 0, 32;
    %store/vec4 v0x5e912fa69270_0, 0, 32;
    %fork TD_tb_synapse_core.idle_cycles, S_0x5e912fa690e0;
    %join;
    %free S_0x5e912fa690e0;
    %vpi_call/w 3 389 "$display", "\012[%0t] TEST 9: W_MIN clamp -- LTD saturates at W_MIN (8)", $time {0 0 0};
    %alloc S_0x5e912fa5c000;
    %fork TD_tb_synapse_core.do_rst, S_0x5e912fa5c000;
    %join;
    %free S_0x5e912fa5c000;
    %alloc S_0x5e912fa18d50;
    %pushi/vec4 0, 0, 1;
    %store/vec4 v0x5e912fa11aa0_0, 0, 1;
    %pushi/vec4 1, 0, 1;
    %store/vec4 v0x5e912fa102f0_0, 0, 1;
    %pushi/vec4 0, 0, 4;
    %store/vec4 v0x5e912fa1b380_0, 0, 4;
    %pushi/vec4 1, 0, 1;
    %store/vec4 v0x5e912fa1d810_0, 0, 1;
    %pushi/vec4 15, 0, 8;
    %store/vec4 v0x5e912fa13f30_0, 0, 8;
    %fork TD_tb_synapse_core.apply_inputs, S_0x5e912fa18d50;
    %join;
    %free S_0x5e912fa18d50;
    %alloc S_0x5e912fa18d50;
    %pushi/vec4 1, 0, 1;
    %store/vec4 v0x5e912fa11aa0_0, 0, 1;
    %pushi/vec4 0, 0, 1;
    %store/vec4 v0x5e912fa102f0_0, 0, 1;
    %pushi/vec4 0, 0, 4;
    %store/vec4 v0x5e912fa1b380_0, 0, 4;
    %pushi/vec4 1, 0, 1;
    %store/vec4 v0x5e912fa1d810_0, 0, 1;
    %pushi/vec4 15, 0, 8;
    %store/vec4 v0x5e912fa13f30_0, 0, 8;
    %fork TD_tb_synapse_core.apply_inputs, S_0x5e912fa18d50;
    %join;
    %free S_0x5e912fa18d50;
    %alloc S_0x5e912fa5bbc0;
    %pushi/str "stdp  | W_MIN clamp: w_syn=15 - 12 \342\206\222 8";
    %store/str v0x5e912fa5bf60_0;
    %load/vec4 v0x5e912fa69d30_0;
    %store/vec4 v0x5e912fa5be80_0, 0, 8;
    %pushi/vec4 8, 0, 8;
    %store/vec4 v0x5e912fa5bda0_0, 0, 8;
    %fork TD_tb_synapse_core.check_w, S_0x5e912fa5bbc0;
    %join;
    %free S_0x5e912fa5bbc0;
    %alloc S_0x5e912fa690e0;
    %pushi/vec4 1, 0, 32;
    %store/vec4 v0x5e912fa69270_0, 0, 32;
    %fork TD_tb_synapse_core.idle_cycles, S_0x5e912fa690e0;
    %join;
    %free S_0x5e912fa690e0;
    %vpi_call/w 3 402 "$display", "\012[%0t] TEST 10: No STDP without spike history", $time {0 0 0};
    %alloc S_0x5e912fa5c000;
    %fork TD_tb_synapse_core.do_rst, S_0x5e912fa5c000;
    %join;
    %free S_0x5e912fa5c000;
    %alloc S_0x5e912fa18d50;
    %pushi/vec4 0, 0, 1;
    %store/vec4 v0x5e912fa11aa0_0, 0, 1;
    %pushi/vec4 1, 0, 1;
    %store/vec4 v0x5e912fa102f0_0, 0, 1;
    %pushi/vec4 0, 0, 4;
    %store/vec4 v0x5e912fa1b380_0, 0, 4;
    %pushi/vec4 1, 0, 1;
    %store/vec4 v0x5e912fa1d810_0, 0, 1;
    %pushi/vec4 100, 0, 8;
    %store/vec4 v0x5e912fa13f30_0, 0, 8;
    %fork TD_tb_synapse_core.apply_inputs, S_0x5e912fa18d50;
    %join;
    %free S_0x5e912fa18d50;
    %alloc S_0x5e912fa5bbc0;
    %pushi/str "stdp  | post alone \342\206\222 no LTP \342\206\222 w_next=100";
    %store/str v0x5e912fa5bf60_0;
    %load/vec4 v0x5e912fa69d30_0;
    %store/vec4 v0x5e912fa5be80_0, 0, 8;
    %pushi/vec4 100, 0, 8;
    %store/vec4 v0x5e912fa5bda0_0, 0, 8;
    %fork TD_tb_synapse_core.check_w, S_0x5e912fa5bbc0;
    %join;
    %free S_0x5e912fa5bbc0;
    %alloc S_0x5e912fa690e0;
    %pushi/vec4 5, 0, 32;
    %store/vec4 v0x5e912fa69270_0, 0, 32;
    %fork TD_tb_synapse_core.idle_cycles, S_0x5e912fa690e0;
    %join;
    %free S_0x5e912fa690e0;
    %alloc S_0x5e912fa18d50;
    %pushi/vec4 1, 0, 1;
    %store/vec4 v0x5e912fa11aa0_0, 0, 1;
    %pushi/vec4 0, 0, 1;
    %store/vec4 v0x5e912fa102f0_0, 0, 1;
    %pushi/vec4 0, 0, 4;
    %store/vec4 v0x5e912fa1b380_0, 0, 4;
    %pushi/vec4 1, 0, 1;
    %store/vec4 v0x5e912fa1d810_0, 0, 1;
    %pushi/vec4 100, 0, 8;
    %store/vec4 v0x5e912fa13f30_0, 0, 8;
    %fork TD_tb_synapse_core.apply_inputs, S_0x5e912fa18d50;
    %join;
    %free S_0x5e912fa18d50;
    %alloc S_0x5e912fa5bbc0;
    %pushi/str "stdp  | pre alone  \342\206\222 no LTD \342\206\222 w_next=100";
    %store/str v0x5e912fa5bf60_0;
    %load/vec4 v0x5e912fa69d30_0;
    %store/vec4 v0x5e912fa5be80_0, 0, 8;
    %pushi/vec4 100, 0, 8;
    %store/vec4 v0x5e912fa5bda0_0, 0, 8;
    %fork TD_tb_synapse_core.check_w, S_0x5e912fa5bbc0;
    %join;
    %free S_0x5e912fa5bbc0;
    %alloc S_0x5e912fa690e0;
    %pushi/vec4 1, 0, 32;
    %store/vec4 v0x5e912fa69270_0, 0, 32;
    %fork TD_tb_synapse_core.idle_cycles, S_0x5e912fa690e0;
    %join;
    %free S_0x5e912fa690e0;
    %vpi_call/w 3 414 "$display", "\012[%0t] ===== Testbench complete: %0d passed, %0d failed =====", $time, v0x5e912fa69840_0, v0x5e912fa69780_0 {0 0 0};
    %load/vec4 v0x5e912fa69780_0;
    %cmpi/e 0, 0, 32;
    %jmp/0xz  T_27.0, 4;
    %vpi_call/w 3 418 "$display", "[%0t] ALL TESTS PASSED", $time {0 0 0};
    %jmp T_27.1;
T_27.0 ;
    %vpi_call/w 3 420 "$display", "[%0t] %0d TEST(S) FAILED -- see FAIL lines above", $time, v0x5e912fa69780_0 {0 0 0};
T_27.1 ;
    %vpi_call/w 3 422 "$finish" {0 0 0};
    %end;
    .thread T_27;
    .scope S_0x5e912fa1ff10;
T_28 ;
    %vpi_call/w 3 429 "$dumpfile", "tb_synapse_core.vcd" {0 0 0};
    %vpi_call/w 3 430 "$dumpvars", 32'sb00000000000000000000000000000000, S_0x5e912fa1ff10 {0 0 0};
    %end;
    .thread T_28;
# The file index is used to find the file name in the following table.
:file_names 7;
    "N/A";
    "<interactive>";
    "-";
    "tb_synapse_core.sv";
    "synapse_core.sv";
    "eligibility_updater.sv";
    "apply_reward.sv";
