#
# An unexpected error has occurred (11) Segmentation fault
#
Stack:
/home/jonas/applications/vivado/2025.2/Vivado/tps/lnx64/jre21.0.5_11/lib//server/libjvm.so(+0xe7195c) [0x739378c7195c]
/home/jonas/applications/vivado/2025.2/Vivado/tps/lnx64/jre21.0.5_11/lib//server/libjvm.so(JVM_handle_linux_signal+0x23e) [0x739378c7242e]
/lib/x86_64-linux-gnu/libc.so.6(+0x45330) [0x7393b9845330]
/lib/x86_64-linux-gnu/libc.so.6(realloc+0x72) [0x7393b98ae132]
/lib/x86_64-linux-gnu/libudev.so.1(+0x1d244) [0x739389a85244]
/lib/x86_64-linux-gnu/libudev.so.1(+0x1f338) [0x739389a87338]
/lib/x86_64-linux-gnu/libudev.so.1(+0x22c63) [0x739389a8ac63]
/lib/x86_64-linux-gnu/libudev.so.1(+0xd640) [0x739389a75640]
/lib/x86_64-linux-gnu/libudev.so.1(+0x24c04) [0x739389a8cc04]
/lib/x86_64-linux-gnu/libudev.so.1(+0x122cb) [0x739389a7a2cb]
/lib/x86_64-linux-gnu/libudev.so.1(+0x12660) [0x739389a7a660]
/lib/x86_64-linux-gnu/libudev.so.1(udev_enumerate_scan_devices+0x21a) [0x739389a7b1ca]
/home/jonas/applications/vivado/2025.2/Vivado/lib/lnx64.o/libXil_lmgr11.so(+0x12e165) [0x7393baf2e165]
/home/jonas/applications/vivado/2025.2/Vivado/lib/lnx64.o/libXil_lmgr11.so(xilinxd_52bd866351b78202+0x9) [0x7393baf2e5e9]
/home/jonas/applications/vivado/2025.2/Vivado/lib/lnx64.o/libXil_lmgr11.so(+0xdb467) [0x7393baedb467]
/home/jonas/applications/vivado/2025.2/Vivado/lib/lnx64.o/libXil_lmgr11.so(xilinxd_52bd862318b59a70+0x86) [0x7393baedb226]
/home/jonas/applications/vivado/2025.2/Vivado/lib/lnx64.o/libXil_lmgr11.so(+0xc879f) [0x7393baec879f]
/home/jonas/applications/vivado/2025.2/Vivado/lib/lnx64.o/libXil_lmgr11.so(xilinxd_52bd9e9e1c8e52fb+0x1b) [0x7393baed253b]
/home/jonas/applications/vivado/2025.2/Vivado/lib/lnx64.o/libXil_lmgr11.so(xilinxd_52bd700d1bd3c616+0x30) [0x7393baed25d0]
/home/jonas/applications/vivado/2025.2/Vivado/lib/lnx64.o/libxv_commonxillic.so(XilReg::Utils::GetHostInfo[abi:cxx11](XilReg::Utils::{unnamed type#2}, bool) const+0x1d0) [0x7393c44689c0]
/home/jonas/applications/vivado/2025.2/Vivado/lib/lnx64.o/libxv_commonxillic.so(XilReg::Utils::GetHostInfoFormatted[abi:cxx11](XilReg::Utils::{unnamed type#2}, bool) const+0x59) [0x7393c446f349]
/home/jonas/applications/vivado/2025.2/Vivado/lib/lnx64.o/libxv_commonxillic.so(XilReg::Utils::GetHostInfo[abi:cxx11]() const+0x104) [0x7393c446f5e4]
/home/jonas/applications/vivado/2025.2/Vivado/lib/lnx64.o/libxv_commonxillic.so(XilReg::Utils::GetRegInfo(std::__cxx11::basic_string<char, std::char_traits<char>, std::allocator<char> > const&, bool, bool)+0x91) [0x7393c4473151]
/home/jonas/applications/vivado/2025.2/Vivado/lib/lnx64.o/libxv_commonxillic.so(XilReg::Utils::GetRegInfoWebTalk(std::__cxx11::basic_string<char, std::char_traits<char>, std::allocator<char> > const&)+0x6a) [0x7393c44738ba]
/home/jonas/applications/vivado/2025.2/Vivado/lib/lnx64.o/libxv_project.so(HAPRWebtalkHelper::getRegistrationId[abi:cxx11]() const+0x3e) [0x7393b0e481be]
/home/jonas/applications/vivado/2025.2/Vivado/lib/lnx64.o/libxv_project.so(HAPRWebtalkHelper::HAPRWebtalkHelper(HAPRProject*, HAPRDesign*, HWEWebtalkMgr*, std::__cxx11::basic_string<char, std::char_traits<char>, std::allocator<char> > const&)+0x187) [0x7393b0e49f37]
/home/jonas/applications/vivado/2025.2/Vivado/lib/lnx64.o/libxv_tcltasks.so(+0x14b19a1) [0x7393b3ab19a1]
/home/jonas/applications/vivado/2025.2/Vivado/lib/lnx64.o/libxv_tcltasks.so(+0x14c0d09) [0x7393b3ac0d09]
/home/jonas/applications/vivado/2025.2/Vivado/lib/lnx64.o/libxv_common.so(+0x81e9c4) [0x7393c501e9c4]
/home/jonas/applications/vivado/2025.2/Vivado/lib/lnx64.o/libtcl8.6.so(TclNRRunCallbacks+0x47) [0x7393c24d9497]
/home/jonas/applications/vivado/2025.2/Vivado/lib/lnx64.o/libxv_common.so(+0x81dea2) [0x7393c501dea2]
/home/jonas/applications/vivado/2025.2/Vivado/lib/lnx64.o/libtcl8.6.so(Tcl_ServiceEvent+0x7f) [0x7393c259d6df]
/home/jonas/applications/vivado/2025.2/Vivado/lib/lnx64.o/libtcl8.6.so(Tcl_DoOneEvent+0x149) [0x7393c259d9f9]
/home/jonas/applications/vivado/2025.2/Vivado/lib/lnx64.o/libxv_commontasks.so(+0x44f18f) [0x7393b6e4f18f]
/home/jonas/applications/vivado/2025.2/Vivado/lib/lnx64.o/libxv_commontasks.so(+0x45c278) [0x7393b6e5c278]
/home/jonas/applications/vivado/2025.2/Vivado/lib/lnx64.o/libxv_commontasks.so(+0x45caed) [0x7393b6e5caed]
/home/jonas/applications/vivado/2025.2/Vivado/lib/lnx64.o/libxv_common.so(+0x81e9c4) [0x7393c501e9c4]
/home/jonas/applications/vivado/2025.2/Vivado/lib/lnx64.o/libtcl8.6.so(TclNRRunCallbacks+0x47) [0x7393c24d9497]
/home/jonas/applications/vivado/2025.2/Vivado/lib/lnx64.o/libxv_commonmain.so(+0x12dfb) [0x7393c5bb7dfb]
/home/jonas/applications/vivado/2025.2/Vivado/lib/lnx64.o/libtcl8.6.so(Tcl_MainEx+0x1a8) [0x7393c2598038]
/home/jonas/applications/vivado/2025.2/Vivado/lib/lnx64.o/libxv_common.so(+0xada064) [0x7393c52da064]
/lib/x86_64-linux-gnu/libc.so.6(+0x9caa4) [0x7393b989caa4]
/lib/x86_64-linux-gnu/libc.so.6(+0x129c6c) [0x7393b9929c6c]
