#! /usr/bin/vvp
:ivl_version "12.0 (stable)";
:ivl_delay_selection "TYPICAL";
:vpi_time_precision - 12;
:vpi_module "/usr/lib/x86_64-linux-gnu/ivl/system.vpi";
:vpi_module "/usr/lib/x86_64-linux-gnu/ivl/vhdl_sys.vpi";
:vpi_module "/usr/lib/x86_64-linux-gnu/ivl/vhdl_textio.vpi";
:vpi_module "/usr/lib/x86_64-linux-gnu/ivl/v2005_math.vpi";
:vpi_module "/usr/lib/x86_64-linux-gnu/ivl/va_math.vpi";
:vpi_module "/usr/lib/x86_64-linux-gnu/ivl/v2009.vpi";
S_0x5fac0ccaf4f0 .scope package, "$unit" "$unit" 2 1;
 .timescale 0 0;
S_0x5fac0ccaf680 .scope module, "tb_LIF_core" "tb_LIF_core" 3 23;
 .timescale -9 -12;
P_0x5fac0ccaf810 .param/l "DECAY" 1 3 28, +C4<00000000000000000000000001000000>;
P_0x5fac0ccaf850 .param/l "RESET" 1 3 30, +C4<00000000000000000000000000000000>;
P_0x5fac0ccaf890 .param/l "THRESHOLD" 1 3 29, +C4<00000000000000000000010000000000>;
v0x5fac0cd13ba0_0 .var "clk", 0 0;
v0x5fac0cd13c90_0 .var "i_syn", 15 0;
v0x5fac0cd13d60_0 .var "inhibit", 0 0;
v0x5fac0cd13e60_0 .net "pre_reset_mem", 15 0, v0x5fac0cd135c0_0;  1 drivers
v0x5fac0cd13f30_0 .var "rst", 0 0;
v0x5fac0cd14020_0 .net "spk", 0 0, v0x5fac0cd13760_0;  1 drivers
E_0x5fac0ccf2910 .event negedge, v0x5fac0ccdcaf0_0;
S_0x5fac0ccf1220 .scope autotask, "apply_input" "apply_input" 3 67, 3 67 0, S_0x5fac0ccaf680;
 .timescale -9 -12;
v0x5fac0ccd7780_0 .var "inh_val", 0 0;
v0x5fac0ccd7cd0_0 .var "syn_val", 15 0;
TD_tb_LIF_core.apply_input ;
    %wait E_0x5fac0ccf2910;
    %load/vec4 v0x5fac0ccd7cd0_0;
    %store/vec4 v0x5fac0cd13c90_0, 0, 16;
    %load/vec4 v0x5fac0ccd7780_0;
    %store/vec4 v0x5fac0cd13d60_0, 0, 1;
    %pushi/vec4 0, 0, 1;
    %store/vec4 v0x5fac0cd13f30_0, 0, 1;
    %wait E_0x5fac0ccf30a0;
    %delay 1000, 0;
    %end;
S_0x5fac0cd12ed0 .scope module, "dut" "LIF_core" 3 49, 4 1 0, S_0x5fac0ccaf680;
 .timescale -9 -12;
    .port_info 0 /INPUT 1 "clk";
    .port_info 1 /INPUT 1 "inhibit";
    .port_info 2 /INPUT 16 "i_syn";
    .port_info 3 /INPUT 1 "rst";
    .port_info 4 /OUTPUT 1 "spk";
    .port_info 5 /OUTPUT 16 "pre_reset_mem";
P_0x5fac0cd130d0 .param/l "DECAY" 0 4 2, +C4<00000000000000000000000001000000>;
P_0x5fac0cd13110 .param/l "RESET" 0 4 4, +C4<00000000000000000000000000000000>;
P_0x5fac0cd13150 .param/l "THRESHOLD" 0 4 3, +C4<00000000000000000000010000000000>;
v0x5fac0ccdcaf0_0 .net "clk", 0 0, v0x5fac0cd13ba0_0;  1 drivers
v0x5fac0ccdccd0_0 .net/s "i_syn", 15 0, v0x5fac0cd13c90_0;  1 drivers
v0x5fac0ccdd120_0 .net "inhibit", 0 0, v0x5fac0cd13d60_0;  1 drivers
v0x5fac0cd133b0_0 .var/s "mem", 15 0;
v0x5fac0cd13490_0 .var/s "mem_next", 15 0;
v0x5fac0cd135c0_0 .var/s "pre_reset_mem", 15 0;
v0x5fac0cd136a0_0 .net "rst", 0 0, v0x5fac0cd13f30_0;  1 drivers
v0x5fac0cd13760_0 .var "spk", 0 0;
E_0x5fac0ccf30a0 .event posedge, v0x5fac0ccdcaf0_0;
E_0x5fac0ccd3780 .event anyedge, v0x5fac0cd133b0_0, v0x5fac0ccdccd0_0;
S_0x5fac0cd138e0 .scope autotask, "idle_cycles" "idle_cycles" 3 79, 3 79 0, S_0x5fac0ccaf680;
 .timescale -9 -12;
v0x5fac0cd13ac0_0 .var/2s "n", 31 0;
TD_tb_LIF_core.idle_cycles ;
    %load/vec4 v0x5fac0cd13ac0_0;
T_1.0 %dup/vec4;
    %pushi/vec4 0, 0, 32;
    %cmp/s;
    %jmp/1xz T_1.1, 5;
    %jmp/1 T_1.1, 4;
    %pushi/vec4 1, 0, 32;
    %sub;
    %alloc S_0x5fac0ccf1220;
    %pushi/vec4 0, 0, 16;
    %store/vec4 v0x5fac0ccd7cd0_0, 0, 16;
    %pushi/vec4 0, 0, 1;
    %store/vec4 v0x5fac0ccd7780_0, 0, 1;
    %fork TD_tb_LIF_core.apply_input, S_0x5fac0ccf1220;
    %join;
    %free S_0x5fac0ccf1220;
    %jmp T_1.0;
T_1.1 ;
    %pop/vec4 1;
    %end;
    .scope S_0x5fac0cd12ed0;
T_2 ;
Ewait_0 .event/or E_0x5fac0ccd3780, E_0x0;
    %wait Ewait_0;
    %load/vec4 v0x5fac0cd133b0_0;
    %pad/s 32;
    %cmpi/s 64, 0, 32;
    %flag_or 5, 4; GT is !LE
    %flag_inv 5;
    %flag_mov 8, 5;
    %jmp/0 T_2.0, 8;
    %load/vec4 v0x5fac0cd133b0_0;
    %pad/s 32;
    %subi 64, 0, 32;
    %load/vec4 v0x5fac0ccdccd0_0;
    %pad/s 32;
    %add;
    %jmp/1 T_2.1, 8;
T_2.0 ; End of true expr.
    %load/vec4 v0x5fac0ccdccd0_0;
    %pad/s 32;
    %jmp/0 T_2.1, 8;
 ; End of false expr.
    %blend;
T_2.1;
    %pad/s 16;
    %store/vec4 v0x5fac0cd13490_0, 0, 16;
    %jmp T_2;
    .thread T_2, $push;
    .scope S_0x5fac0cd12ed0;
T_3 ;
    %wait E_0x5fac0ccf30a0;
    %load/vec4 v0x5fac0cd136a0_0;
    %flag_set/vec4 8;
    %jmp/0xz  T_3.0, 8;
    %pushi/vec4 0, 0, 1;
    %assign/vec4 v0x5fac0cd13760_0, 0;
    %pushi/vec4 0, 0, 16;
    %assign/vec4 v0x5fac0cd133b0_0, 0;
    %pushi/vec4 0, 0, 16;
    %assign/vec4 v0x5fac0cd135c0_0, 0;
    %jmp T_3.1;
T_3.0 ;
    %load/vec4 v0x5fac0cd13490_0;
    %assign/vec4 v0x5fac0cd135c0_0, 0;
    %load/vec4 v0x5fac0ccdd120_0;
    %flag_set/vec4 8;
    %jmp/0xz  T_3.2, 8;
    %pushi/vec4 0, 0, 1;
    %assign/vec4 v0x5fac0cd13760_0, 0;
    %pushi/vec4 0, 0, 16;
    %assign/vec4 v0x5fac0cd133b0_0, 0;
    %jmp T_3.3;
T_3.2 ;
    %load/vec4 v0x5fac0cd13490_0;
    %pad/s 32;
    %cmpi/s 1024, 0, 32;
    %flag_inv 5; GE is !LT
    %jmp/0xz  T_3.4, 5;
    %pushi/vec4 1, 0, 1;
    %assign/vec4 v0x5fac0cd13760_0, 0;
    %pushi/vec4 0, 0, 16;
    %assign/vec4 v0x5fac0cd133b0_0, 0;
    %jmp T_3.5;
T_3.4 ;
    %pushi/vec4 0, 0, 1;
    %assign/vec4 v0x5fac0cd13760_0, 0;
    %load/vec4 v0x5fac0cd13490_0;
    %assign/vec4 v0x5fac0cd133b0_0, 0;
T_3.5 ;
T_3.3 ;
T_3.1 ;
    %jmp T_3;
    .thread T_3;
    .scope S_0x5fac0ccaf680;
T_4 ;
    %pushi/vec4 0, 0, 1;
    %store/vec4 v0x5fac0cd13ba0_0, 0, 1;
    %end;
    .thread T_4;
    .scope S_0x5fac0ccaf680;
T_5 ;
    %delay 5000, 0;
    %load/vec4 v0x5fac0cd13ba0_0;
    %inv;
    %store/vec4 v0x5fac0cd13ba0_0, 0, 1;
    %jmp T_5;
    .thread T_5;
    .scope S_0x5fac0ccaf680;
T_6 ;
    %wait E_0x5fac0ccf30a0;
    %delay 1000, 0;
    %vpi_call/w 3 88 "$display", "[%0t ns] i_syn=%0d  pre_reset_mem=%0d  spk=%b", $time, v0x5fac0cd13c90_0, v0x5fac0cd13e60_0, v0x5fac0cd14020_0 {0 0 0};
    %jmp T_6;
    .thread T_6;
    .scope S_0x5fac0ccaf680;
T_7 ;
    %pushi/vec4 1, 0, 1;
    %store/vec4 v0x5fac0cd13f30_0, 0, 1;
    %pushi/vec4 0, 0, 1;
    %store/vec4 v0x5fac0cd13d60_0, 0, 1;
    %pushi/vec4 0, 0, 16;
    %store/vec4 v0x5fac0cd13c90_0, 0, 16;
    %vpi_call/w 3 105 "$display", "[%0t] INIT: asserting rst", $time {0 0 0};
    %wait E_0x5fac0ccf2910;
    %wait E_0x5fac0ccf30a0;
    %delay 1000, 0;
    %wait E_0x5fac0ccf2910;
    %wait E_0x5fac0ccf30a0;
    %delay 1000, 0;
    %pushi/vec4 0, 0, 1;
    %store/vec4 v0x5fac0cd13f30_0, 0, 1;
    %vpi_call/w 3 120 "$display", "[%0t] TEST 1: gradual accumulation -- spike expected ~cycle 12", $time {0 0 0};
    %pushi/vec4 15, 0, 32;
T_7.0 %dup/vec4;
    %pushi/vec4 0, 0, 32;
    %cmp/s;
    %jmp/1xz T_7.1, 5;
    %jmp/1 T_7.1, 4;
    %pushi/vec4 1, 0, 32;
    %sub;
    %alloc S_0x5fac0ccf1220;
    %pushi/vec4 150, 0, 16;
    %store/vec4 v0x5fac0ccd7cd0_0, 0, 16;
    %pushi/vec4 0, 0, 1;
    %store/vec4 v0x5fac0ccd7780_0, 0, 1;
    %fork TD_tb_LIF_core.apply_input, S_0x5fac0ccf1220;
    %join;
    %free S_0x5fac0ccf1220;
    %jmp T_7.0;
T_7.1 ;
    %pop/vec4 1;
    %alloc S_0x5fac0cd138e0;
    %pushi/vec4 3, 0, 32;
    %store/vec4 v0x5fac0cd13ac0_0, 0, 32;
    %fork TD_tb_LIF_core.idle_cycles, S_0x5fac0cd138e0;
    %join;
    %free S_0x5fac0cd138e0;
    %vpi_call/w 3 129 "$display", "[%0t] TEST 2: sub-threshold accumulation", $time {0 0 0};
    %pushi/vec4 5, 0, 32;
T_7.2 %dup/vec4;
    %pushi/vec4 0, 0, 32;
    %cmp/s;
    %jmp/1xz T_7.3, 5;
    %jmp/1 T_7.3, 4;
    %pushi/vec4 1, 0, 32;
    %sub;
    %alloc S_0x5fac0ccf1220;
    %pushi/vec4 256, 0, 16;
    %store/vec4 v0x5fac0ccd7cd0_0, 0, 16;
    %pushi/vec4 0, 0, 1;
    %store/vec4 v0x5fac0ccd7780_0, 0, 1;
    %fork TD_tb_LIF_core.apply_input, S_0x5fac0ccf1220;
    %join;
    %free S_0x5fac0ccf1220;
    %jmp T_7.2;
T_7.3 ;
    %pop/vec4 1;
    %alloc S_0x5fac0cd138e0;
    %pushi/vec4 3, 0, 32;
    %store/vec4 v0x5fac0cd13ac0_0, 0, 32;
    %fork TD_tb_LIF_core.idle_cycles, S_0x5fac0cd138e0;
    %join;
    %free S_0x5fac0cd138e0;
    %vpi_call/w 3 137 "$display", "[%0t] TEST 3: single-shot threshold crossing / spike", $time {0 0 0};
    %alloc S_0x5fac0ccf1220;
    %pushi/vec4 1024, 0, 16;
    %store/vec4 v0x5fac0ccd7cd0_0, 0, 16;
    %pushi/vec4 0, 0, 1;
    %store/vec4 v0x5fac0ccd7780_0, 0, 1;
    %fork TD_tb_LIF_core.apply_input, S_0x5fac0ccf1220;
    %join;
    %free S_0x5fac0ccf1220;
    %alloc S_0x5fac0cd138e0;
    %pushi/vec4 3, 0, 32;
    %store/vec4 v0x5fac0cd13ac0_0, 0, 32;
    %fork TD_tb_LIF_core.idle_cycles, S_0x5fac0cd138e0;
    %join;
    %free S_0x5fac0cd138e0;
    %vpi_call/w 3 144 "$display", "[%0t] TEST 4: decay", $time {0 0 0};
    %alloc S_0x5fac0ccf1220;
    %pushi/vec4 400, 0, 16;
    %store/vec4 v0x5fac0ccd7cd0_0, 0, 16;
    %pushi/vec4 0, 0, 1;
    %store/vec4 v0x5fac0ccd7780_0, 0, 1;
    %fork TD_tb_LIF_core.apply_input, S_0x5fac0ccf1220;
    %join;
    %free S_0x5fac0ccf1220;
    %pushi/vec4 8, 0, 32;
T_7.4 %dup/vec4;
    %pushi/vec4 0, 0, 32;
    %cmp/s;
    %jmp/1xz T_7.5, 5;
    %jmp/1 T_7.5, 4;
    %pushi/vec4 1, 0, 32;
    %sub;
    %alloc S_0x5fac0ccf1220;
    %pushi/vec4 0, 0, 16;
    %store/vec4 v0x5fac0ccd7cd0_0, 0, 16;
    %pushi/vec4 0, 0, 1;
    %store/vec4 v0x5fac0ccd7780_0, 0, 1;
    %fork TD_tb_LIF_core.apply_input, S_0x5fac0ccf1220;
    %join;
    %free S_0x5fac0ccf1220;
    %jmp T_7.4;
T_7.5 ;
    %pop/vec4 1;
    %alloc S_0x5fac0cd138e0;
    %pushi/vec4 2, 0, 32;
    %store/vec4 v0x5fac0cd13ac0_0, 0, 32;
    %fork TD_tb_LIF_core.idle_cycles, S_0x5fac0cd138e0;
    %join;
    %free S_0x5fac0cd138e0;
    %vpi_call/w 3 152 "$display", "[%0t] TEST 5: lateral inhibition", $time {0 0 0};
    %alloc S_0x5fac0ccf1220;
    %pushi/vec4 512, 0, 16;
    %store/vec4 v0x5fac0ccd7cd0_0, 0, 16;
    %pushi/vec4 0, 0, 1;
    %store/vec4 v0x5fac0ccd7780_0, 0, 1;
    %fork TD_tb_LIF_core.apply_input, S_0x5fac0ccf1220;
    %join;
    %free S_0x5fac0ccf1220;
    %alloc S_0x5fac0ccf1220;
    %pushi/vec4 1024, 0, 16;
    %store/vec4 v0x5fac0ccd7cd0_0, 0, 16;
    %pushi/vec4 1, 0, 1;
    %store/vec4 v0x5fac0ccd7780_0, 0, 1;
    %fork TD_tb_LIF_core.apply_input, S_0x5fac0ccf1220;
    %join;
    %free S_0x5fac0ccf1220;
    %alloc S_0x5fac0cd138e0;
    %pushi/vec4 3, 0, 32;
    %store/vec4 v0x5fac0cd13ac0_0, 0, 32;
    %fork TD_tb_LIF_core.idle_cycles, S_0x5fac0cd138e0;
    %join;
    %free S_0x5fac0cd138e0;
    %vpi_call/w 3 160 "$display", "[%0t] TEST 6: repeated spiking", $time {0 0 0};
    %pushi/vec4 6, 0, 32;
T_7.6 %dup/vec4;
    %pushi/vec4 0, 0, 32;
    %cmp/s;
    %jmp/1xz T_7.7, 5;
    %jmp/1 T_7.7, 4;
    %pushi/vec4 1, 0, 32;
    %sub;
    %alloc S_0x5fac0ccf1220;
    %pushi/vec4 1100, 0, 16;
    %store/vec4 v0x5fac0ccd7cd0_0, 0, 16;
    %pushi/vec4 0, 0, 1;
    %store/vec4 v0x5fac0ccd7780_0, 0, 1;
    %fork TD_tb_LIF_core.apply_input, S_0x5fac0ccf1220;
    %join;
    %free S_0x5fac0ccf1220;
    %jmp T_7.6;
T_7.7 ;
    %pop/vec4 1;
    %alloc S_0x5fac0cd138e0;
    %pushi/vec4 3, 0, 32;
    %store/vec4 v0x5fac0cd13ac0_0, 0, 32;
    %fork TD_tb_LIF_core.idle_cycles, S_0x5fac0cd138e0;
    %join;
    %free S_0x5fac0cd138e0;
    %vpi_call/w 3 168 "$display", "[%0t] Testbench complete.", $time {0 0 0};
    %vpi_call/w 3 169 "$finish" {0 0 0};
    %end;
    .thread T_7;
    .scope S_0x5fac0ccaf680;
T_8 ;
    %vpi_call/w 3 176 "$dumpfile", "tb_LIF_core.vcd" {0 0 0};
    %vpi_call/w 3 177 "$dumpvars", 32'sb00000000000000000000000000000000, S_0x5fac0ccaf680 {0 0 0};
    %end;
    .thread T_8;
# The file index is used to find the file name in the following table.
:file_names 5;
    "N/A";
    "<interactive>";
    "-";
    "tb_LIF_core.sv";
    "LIF_core.sv";
